Archive member included because of file (symbol)

.\CortexM3\ARM_GCC_441\Debug\BitBanging.a(CyLib.o)
                              .\CortexM3\ARM_GCC_441\Debug\Cm3Start.o (CyResetStatus)
.\CortexM3\ARM_GCC_441\Debug\BitBanging.a(cyPm.o)
                              .\CortexM3\ARM_GCC_441\Debug\BitBanging.a(CyLib.o) (CyPmReadStatus)
.\CortexM3\ARM_GCC_441\Debug\BitBanging.a(DataLine.o)
                              .\CortexM3\ARM_GCC_441\Debug\main.o (DataLine_Write)
.\CortexM3\ARM_GCC_441\Debug\BitBanging.a(ClockLine.o)
                              .\CortexM3\ARM_GCC_441\Debug\main.o (ClockLine_Write)
.\CortexM3\ARM_GCC_441\Debug\BitBanging.a(FREX.o)
                              .\CortexM3\ARM_GCC_441\Debug\main.o (FREX_Write)
.\CortexM3\ARM_GCC_441\Debug\BitBanging.a(EXPST.o)
                              .\CortexM3\ARM_GCC_441\Debug\main.o (EXPST_Write)
.\CortexM3\ARM_GCC_441\Debug\BitBanging.a(PWND.o)
                              .\CortexM3\ARM_GCC_441\Debug\main.o (PWND_Write)
.\CortexM3\ARM_GCC_441\Debug\BitBanging.a(RST_B.o)
                              .\CortexM3\ARM_GCC_441\Debug\main.o (RST_B_Write)
.\CortexM3\ARM_GCC_441\Debug\BitBanging.a(LCD_Char_1.o)
                              .\CortexM3\ARM_GCC_441\Debug\main.o (LCD_Char_1_WriteControl)
.\CortexM3\ARM_GCC_441\Debug\BitBanging.a(cyfitter_cfg.o)
                              .\CortexM3\ARM_GCC_441\Debug\Cm3Start.o (cyfitter_cfg)
.\CortexM3\ARM_GCC_441\Debug\BitBanging.a(CyBootAsmGnu.o)
                              .\CortexM3\ARM_GCC_441\Debug\BitBanging.a(CyLib.o) (CyDelayCycles)
.\CortexM3\ARM_GCC_441\Debug\BitBanging.a(CyFlash.o)
                              .\CortexM3\ARM_GCC_441\Debug\BitBanging.a(cyPm.o) (CyFlash_SetWaitCycles)
.\CortexM3\ARM_GCC_441\Debug\BitBanging.a(CySpc.o)
                              .\CortexM3\ARM_GCC_441\Debug\BitBanging.a(CyFlash.o) (CySpcStart)
c:/program files/cypress/psoc creator/2.2/psoc creator/import/gnu_cs/arm/4.4.1/bin/../lib/gcc/arm-none-eabi/4.4.1/../../../../arm-none-eabi/lib/thumb2\libc.a(lib_a-memcpy.o)
                              .\CortexM3\ARM_GCC_441\Debug\BitBanging.a(cyfitter_cfg.o) (memcpy)
c:/program files/cypress/psoc creator/2.2/psoc creator/import/gnu_cs/arm/4.4.1/bin/../lib/gcc/arm-none-eabi/4.4.1/../../../../arm-none-eabi/lib/thumb2\libc.a(lib_a-memset.o)
                              .\CortexM3\ARM_GCC_441\Debug\BitBanging.a(cyfitter_cfg.o) (memset)
c:/program files/cypress/psoc creator/2.2/psoc creator/import/gnu_cs/arm/4.4.1/bin/../lib/gcc/arm-none-eabi/4.4.1/../../../../arm-none-eabi/lib/thumb2\libcs3.a(start_c.o)
                              (__cs3_start_c)
c:/program files/cypress/psoc creator/2.2/psoc creator/import/gnu_cs/arm/4.4.1/bin/../lib/gcc/arm-none-eabi/4.4.1/../../../../arm-none-eabi/lib/thumb2\libcs3micro.a(micro-vector.o)
                              (__cs3_interrupt_vector_micro)
c:/program files/cypress/psoc creator/2.2/psoc creator/import/gnu_cs/arm/4.4.1/bin/../lib/gcc/arm-none-eabi/4.4.1/../../../../arm-none-eabi/lib/thumb2\libcs3micro.a(micro_isr_interrupt.o)
                              (__cs3_isr_nmi)
c:/program files/cypress/psoc creator/2.2/psoc creator/import/gnu_cs/arm/4.4.1/bin/../lib/gcc/arm-none-eabi/4.4.1/../../../../arm-none-eabi/lib/thumb2\libc.a(lib_a-init.o)
                              c:/program files/cypress/psoc creator/2.2/psoc creator/import/gnu_cs/arm/4.4.1/bin/../lib/gcc/arm-none-eabi/4.4.1/../../../../arm-none-eabi/lib/thumb2\libcs3.a(start_c.o) (__libc_init_array)

Allocating common symbols
Common symbol       size              file

CyResetStatus       0x1               .\CortexM3\ARM_GCC_441\Debug\BitBanging.a(CyLib.o)
dieTemperature      0x2               .\CortexM3\ARM_GCC_441\Debug\BitBanging.a(CyFlash.o)

Discarded input sections

 .text          0x00000000        0x0 c:/program files/cypress/psoc creator/2.2/psoc creator/import/gnu_cs/arm/4.4.1/bin/../lib/gcc/arm-none-eabi/4.4.1/thumb2/crti.o
 .data          0x00000000        0x0 c:/program files/cypress/psoc creator/2.2/psoc creator/import/gnu_cs/arm/4.4.1/bin/../lib/gcc/arm-none-eabi/4.4.1/thumb2/crti.o
 .bss           0x00000000        0x0 c:/program files/cypress/psoc creator/2.2/psoc creator/import/gnu_cs/arm/4.4.1/bin/../lib/gcc/arm-none-eabi/4.4.1/thumb2/crti.o
 .data          0x00000000        0x4 c:/program files/cypress/psoc creator/2.2/psoc creator/import/gnu_cs/arm/4.4.1/bin/../lib/gcc/arm-none-eabi/4.4.1/thumb2/crtbegin.o
 .text          0x00000000        0x0 .\CortexM3\ARM_GCC_441\Debug\main.o
 .data          0x00000000        0x0 .\CortexM3\ARM_GCC_441\Debug\main.o
 .bss           0x00000000        0x0 .\CortexM3\ARM_GCC_441\Debug\main.o
 .text          0x00000000        0x0 .\CortexM3\ARM_GCC_441\Debug\Cm3Start.o
 .data          0x00000000        0x0 .\CortexM3\ARM_GCC_441\Debug\Cm3Start.o
 .bss           0x00000000        0x0 .\CortexM3\ARM_GCC_441\Debug\Cm3Start.o
 .text.IntDefaultHandler
                0x00000000        0x8 .\CortexM3\ARM_GCC_441\Debug\Cm3Start.o
 .text          0x00000000        0x0 .\CortexM3\ARM_GCC_441\Debug\BitBanging.a(CyLib.o)
 .bss           0x00000000        0x0 .\CortexM3\ARM_GCC_441\Debug\BitBanging.a(CyLib.o)
 .text.CyPLL_OUT_Start
                0x00000000       0xdc .\CortexM3\ARM_GCC_441\Debug\BitBanging.a(CyLib.o)
 .text.CyPLL_OUT_Stop
                0x00000000       0x24 .\CortexM3\ARM_GCC_441\Debug\BitBanging.a(CyLib.o)
 .text.CyPLL_OUT_SetPQ
                0x00000000       0xac .\CortexM3\ARM_GCC_441\Debug\BitBanging.a(CyLib.o)
 .text.CyPLL_OUT_SetSource
                0x00000000       0x64 .\CortexM3\ARM_GCC_441\Debug\BitBanging.a(CyLib.o)
 .text.CyIMO_Start
                0x00000000       0xd0 .\CortexM3\ARM_GCC_441\Debug\BitBanging.a(CyLib.o)
 .text.CyIMO_Stop
                0x00000000       0x24 .\CortexM3\ARM_GCC_441\Debug\BitBanging.a(CyLib.o)
 .text.CyUSB_PowerOnCheck
                0x00000000       0x74 .\CortexM3\ARM_GCC_441\Debug\BitBanging.a(CyLib.o)
 .text.CyIMO_SetTrimValue
                0x00000000      0x144 .\CortexM3\ARM_GCC_441\Debug\BitBanging.a(CyLib.o)
 .text.CyIMO_SetFreq
                0x00000000      0x1e4 .\CortexM3\ARM_GCC_441\Debug\BitBanging.a(CyLib.o)
 .text.CyIMO_SetSource
                0x00000000       0xb8 .\CortexM3\ARM_GCC_441\Debug\BitBanging.a(CyLib.o)
 .text.CyIMO_EnableDoubler
                0x00000000       0x28 .\CortexM3\ARM_GCC_441\Debug\BitBanging.a(CyLib.o)
 .text.CyIMO_DisableDoubler
                0x00000000       0x24 .\CortexM3\ARM_GCC_441\Debug\BitBanging.a(CyLib.o)
 .text.CyMasterClk_SetSource
                0x00000000       0x3c .\CortexM3\ARM_GCC_441\Debug\BitBanging.a(CyLib.o)
 .text.CyMasterClk_SetDivider
                0x00000000       0x20 .\CortexM3\ARM_GCC_441\Debug\BitBanging.a(CyLib.o)
 .text.CyBusClk_Internal_SetDivider
                0x00000000       0x9c .\CortexM3\ARM_GCC_441\Debug\BitBanging.a(CyLib.o)
 .text.CyBusClk_SetDivider
                0x00000000       0xcc .\CortexM3\ARM_GCC_441\Debug\BitBanging.a(CyLib.o)
 .text.CyUsbClk_SetSource
                0x00000000       0x3c .\CortexM3\ARM_GCC_441\Debug\BitBanging.a(CyLib.o)
 .text.CyILO_Start1K
                0x00000000       0x28 .\CortexM3\ARM_GCC_441\Debug\BitBanging.a(CyLib.o)
 .text.CyILO_Stop1K
                0x00000000       0x24 .\CortexM3\ARM_GCC_441\Debug\BitBanging.a(CyLib.o)
 .text.CyILO_Start100K
                0x00000000       0x28 .\CortexM3\ARM_GCC_441\Debug\BitBanging.a(CyLib.o)
 .text.CyILO_Stop100K
                0x00000000       0x24 .\CortexM3\ARM_GCC_441\Debug\BitBanging.a(CyLib.o)
 .text.CyILO_Enable33K
                0x00000000       0x28 .\CortexM3\ARM_GCC_441\Debug\BitBanging.a(CyLib.o)
 .text.CyILO_Disable33K
                0x00000000       0x24 .\CortexM3\ARM_GCC_441\Debug\BitBanging.a(CyLib.o)
 .text.CyILO_SetSource
                0x00000000       0x44 .\CortexM3\ARM_GCC_441\Debug\BitBanging.a(CyLib.o)
 .text.CyILO_SetPowerMode
                0x00000000       0x58 .\CortexM3\ARM_GCC_441\Debug\BitBanging.a(CyLib.o)
 .text.CyXTAL_32KHZ_Start
                0x00000000       0xa4 .\CortexM3\ARM_GCC_441\Debug\BitBanging.a(CyLib.o)
 .text.CyXTAL_32KHZ_Stop
                0x00000000       0x60 .\CortexM3\ARM_GCC_441\Debug\BitBanging.a(CyLib.o)
 .text.CyXTAL_32KHZ_ReadStatus
                0x00000000       0x1c .\CortexM3\ARM_GCC_441\Debug\BitBanging.a(CyLib.o)
 .text.CyXTAL_32KHZ_SetPowerMode
                0x00000000       0xf8 .\CortexM3\ARM_GCC_441\Debug\BitBanging.a(CyLib.o)
 .text.CyXTAL_Start
                0x00000000      0x100 .\CortexM3\ARM_GCC_441\Debug\BitBanging.a(CyLib.o)
 .text.CyXTAL_Stop
                0x00000000       0x24 .\CortexM3\ARM_GCC_441\Debug\BitBanging.a(CyLib.o)
 .text.CyXTAL_EnableErrStatus
                0x00000000       0x24 .\CortexM3\ARM_GCC_441\Debug\BitBanging.a(CyLib.o)
 .text.CyXTAL_DisableErrStatus
                0x00000000       0x28 .\CortexM3\ARM_GCC_441\Debug\BitBanging.a(CyLib.o)
 .text.CyXTAL_ReadStatus
                0x00000000       0x28 .\CortexM3\ARM_GCC_441\Debug\BitBanging.a(CyLib.o)
 .text.CyXTAL_EnableFaultRecovery
                0x00000000       0x28 .\CortexM3\ARM_GCC_441\Debug\BitBanging.a(CyLib.o)
 .text.CyXTAL_DisableFaultRecovery
                0x00000000       0x24 .\CortexM3\ARM_GCC_441\Debug\BitBanging.a(CyLib.o)
 .text.CyXTAL_SetStartup
                0x00000000       0x3c .\CortexM3\ARM_GCC_441\Debug\BitBanging.a(CyLib.o)
 .text.CyXTAL_SetFbVoltage
                0x00000000       0x3c .\CortexM3\ARM_GCC_441\Debug\BitBanging.a(CyLib.o)
 .text.CyXTAL_SetWdVoltage
                0x00000000       0x44 .\CortexM3\ARM_GCC_441\Debug\BitBanging.a(CyLib.o)
 .text.CyHalt   0x00000000       0x18 .\CortexM3\ARM_GCC_441\Debug\BitBanging.a(CyLib.o)
 .text.CySoftwareReset
                0x00000000       0x18 .\CortexM3\ARM_GCC_441\Debug\BitBanging.a(CyLib.o)
 .text.CyDelayFreq
                0x00000000       0xac .\CortexM3\ARM_GCC_441\Debug\BitBanging.a(CyLib.o)
 .text.CyWdtStart
                0x00000000       0xc4 .\CortexM3\ARM_GCC_441\Debug\BitBanging.a(CyLib.o)
 .text.CyWdtClear
                0x00000000       0x18 .\CortexM3\ARM_GCC_441\Debug\BitBanging.a(CyLib.o)
 .text.CyVdLvDigitEnable
                0x00000000       0xec .\CortexM3\ARM_GCC_441\Debug\BitBanging.a(CyLib.o)
 .text.CyVdLvAnalogEnable
                0x00000000       0xf4 .\CortexM3\ARM_GCC_441\Debug\BitBanging.a(CyLib.o)
 .text.CyVdLvDigitDisable
                0x00000000       0x54 .\CortexM3\ARM_GCC_441\Debug\BitBanging.a(CyLib.o)
 .text.CyVdLvAnalogDisable
                0x00000000       0x54 .\CortexM3\ARM_GCC_441\Debug\BitBanging.a(CyLib.o)
 .text.CyVdHvAnalogEnable
                0x00000000       0x78 .\CortexM3\ARM_GCC_441\Debug\BitBanging.a(CyLib.o)
 .text.CyVdHvAnalogDisable
                0x00000000       0x24 .\CortexM3\ARM_GCC_441\Debug\BitBanging.a(CyLib.o)
 .text.CyVdStickyStatus
                0x00000000       0x48 .\CortexM3\ARM_GCC_441\Debug\BitBanging.a(CyLib.o)
 .text.CyVdRealTimeStatus
                0x00000000       0x30 .\CortexM3\ARM_GCC_441\Debug\BitBanging.a(CyLib.o)
 .text.CyDisableInts
                0x00000000       0x3c .\CortexM3\ARM_GCC_441\Debug\BitBanging.a(CyLib.o)
 .text.CyEnableInts
                0x00000000       0x2c .\CortexM3\ARM_GCC_441\Debug\BitBanging.a(CyLib.o)
 .text.CyFlushCache
                0x00000000       0x7c .\CortexM3\ARM_GCC_441\Debug\BitBanging.a(CyLib.o)
 .text.CyIntSetSysVector
                0x00000000       0x58 .\CortexM3\ARM_GCC_441\Debug\BitBanging.a(CyLib.o)
 .text.CyIntGetSysVector
                0x00000000       0x40 .\CortexM3\ARM_GCC_441\Debug\BitBanging.a(CyLib.o)
 .text.CyIntSetVector
                0x00000000       0x60 .\CortexM3\ARM_GCC_441\Debug\BitBanging.a(CyLib.o)
 .text.CyIntGetVector
                0x00000000       0x44 .\CortexM3\ARM_GCC_441\Debug\BitBanging.a(CyLib.o)
 .text.CyIntSetPriority
                0x00000000       0x4c .\CortexM3\ARM_GCC_441\Debug\BitBanging.a(CyLib.o)
 .text.CyIntGetPriority
                0x00000000       0x3c .\CortexM3\ARM_GCC_441\Debug\BitBanging.a(CyLib.o)
 .text.CyIntGetState
                0x00000000       0x40 .\CortexM3\ARM_GCC_441\Debug\BitBanging.a(CyLib.o)
 .text          0x00000000        0x0 .\CortexM3\ARM_GCC_441\Debug\BitBanging.a(cyPm.o)
 .data          0x00000000        0x0 .\CortexM3\ARM_GCC_441\Debug\BitBanging.a(cyPm.o)
 .bss           0x00000000       0x44 .\CortexM3\ARM_GCC_441\Debug\BitBanging.a(cyPm.o)
 .rodata        0x00000000       0x10 .\CortexM3\ARM_GCC_441\Debug\BitBanging.a(cyPm.o)
 .text.CyPmSaveClocks
                0x00000000      0x350 .\CortexM3\ARM_GCC_441\Debug\BitBanging.a(cyPm.o)
 .text.CyPmRestoreClocks
                0x00000000      0x3f4 .\CortexM3\ARM_GCC_441\Debug\BitBanging.a(cyPm.o)
 .text.CyPmAltAct
                0x00000000      0x110 .\CortexM3\ARM_GCC_441\Debug\BitBanging.a(cyPm.o)
 .text.CyPmSleep
                0x00000000      0x218 .\CortexM3\ARM_GCC_441\Debug\BitBanging.a(cyPm.o)
 .text.CyPmHibernate
                0x00000000      0x1ec .\CortexM3\ARM_GCC_441\Debug\BitBanging.a(cyPm.o)
 .text.CyPmReadStatus
                0x00000000       0x7c .\CortexM3\ARM_GCC_441\Debug\BitBanging.a(cyPm.o)
 .text.CyPmHibSaveSet
                0x00000000       0xe4 .\CortexM3\ARM_GCC_441\Debug\BitBanging.a(cyPm.o)
 .text.CyPmHibRestore
                0x00000000       0x6c .\CortexM3\ARM_GCC_441\Debug\BitBanging.a(cyPm.o)
 .text.CyPmCtwSetInterval
                0x00000000       0xd8 .\CortexM3\ARM_GCC_441\Debug\BitBanging.a(cyPm.o)
 .text.CyPmOppsSet
                0x00000000       0x54 .\CortexM3\ARM_GCC_441\Debug\BitBanging.a(cyPm.o)
 .text.CyPmFtwSetInterval
                0x00000000       0xdc .\CortexM3\ARM_GCC_441\Debug\BitBanging.a(cyPm.o)
 .text.CyPmSlpSaveSet
                0x00000000        0xc .\CortexM3\ARM_GCC_441\Debug\BitBanging.a(cyPm.o)
 .text.CyPmSlpRestore
                0x00000000        0xc .\CortexM3\ARM_GCC_441\Debug\BitBanging.a(cyPm.o)
 .text.CyPmHibSlpSaveSet
                0x00000000      0x454 .\CortexM3\ARM_GCC_441\Debug\BitBanging.a(cyPm.o)
 .text.CyPmHibSlpRestore
                0x00000000      0x270 .\CortexM3\ARM_GCC_441\Debug\BitBanging.a(cyPm.o)
 .text.CyPmHviLviSaveDisable
                0x00000000      0x134 .\CortexM3\ARM_GCC_441\Debug\BitBanging.a(cyPm.o)
 .text.CyPmHviLviRestore
                0x00000000       0x7c .\CortexM3\ARM_GCC_441\Debug\BitBanging.a(cyPm.o)
 .text          0x00000000        0x0 .\CortexM3\ARM_GCC_441\Debug\BitBanging.a(DataLine.o)
 .data          0x00000000        0x0 .\CortexM3\ARM_GCC_441\Debug\BitBanging.a(DataLine.o)
 .bss           0x00000000        0x0 .\CortexM3\ARM_GCC_441\Debug\BitBanging.a(DataLine.o)
 .text.DataLine_SetDriveMode
                0x00000000       0x40 .\CortexM3\ARM_GCC_441\Debug\BitBanging.a(DataLine.o)
 .text.DataLine_ReadDataReg
                0x00000000       0x24 .\CortexM3\ARM_GCC_441\Debug\BitBanging.a(DataLine.o)
 .text          0x00000000        0x0 .\CortexM3\ARM_GCC_441\Debug\BitBanging.a(ClockLine.o)
 .data          0x00000000        0x0 .\CortexM3\ARM_GCC_441\Debug\BitBanging.a(ClockLine.o)
 .bss           0x00000000        0x0 .\CortexM3\ARM_GCC_441\Debug\BitBanging.a(ClockLine.o)
 .text.ClockLine_SetDriveMode
                0x00000000       0x40 .\CortexM3\ARM_GCC_441\Debug\BitBanging.a(ClockLine.o)
 .text.ClockLine_Read
                0x00000000       0x24 .\CortexM3\ARM_GCC_441\Debug\BitBanging.a(ClockLine.o)
 .text.ClockLine_ReadDataReg
                0x00000000       0x24 .\CortexM3\ARM_GCC_441\Debug\BitBanging.a(ClockLine.o)
 .text          0x00000000        0x0 .\CortexM3\ARM_GCC_441\Debug\BitBanging.a(FREX.o)
 .data          0x00000000        0x0 .\CortexM3\ARM_GCC_441\Debug\BitBanging.a(FREX.o)
 .bss           0x00000000        0x0 .\CortexM3\ARM_GCC_441\Debug\BitBanging.a(FREX.o)
 .text.FREX_SetDriveMode
                0x00000000       0x40 .\CortexM3\ARM_GCC_441\Debug\BitBanging.a(FREX.o)
 .text.FREX_Read
                0x00000000       0x24 .\CortexM3\ARM_GCC_441\Debug\BitBanging.a(FREX.o)
 .text.FREX_ReadDataReg
                0x00000000       0x24 .\CortexM3\ARM_GCC_441\Debug\BitBanging.a(FREX.o)
 .text          0x00000000        0x0 .\CortexM3\ARM_GCC_441\Debug\BitBanging.a(EXPST.o)
 .data          0x00000000        0x0 .\CortexM3\ARM_GCC_441\Debug\BitBanging.a(EXPST.o)
 .bss           0x00000000        0x0 .\CortexM3\ARM_GCC_441\Debug\BitBanging.a(EXPST.o)
 .text.EXPST_SetDriveMode
                0x00000000       0x40 .\CortexM3\ARM_GCC_441\Debug\BitBanging.a(EXPST.o)
 .text.EXPST_Read
                0x00000000       0x24 .\CortexM3\ARM_GCC_441\Debug\BitBanging.a(EXPST.o)
 .text.EXPST_ReadDataReg
                0x00000000       0x24 .\CortexM3\ARM_GCC_441\Debug\BitBanging.a(EXPST.o)
 .text          0x00000000        0x0 .\CortexM3\ARM_GCC_441\Debug\BitBanging.a(PWND.o)
 .data          0x00000000        0x0 .\CortexM3\ARM_GCC_441\Debug\BitBanging.a(PWND.o)
 .bss           0x00000000        0x0 .\CortexM3\ARM_GCC_441\Debug\BitBanging.a(PWND.o)
 .text.PWND_SetDriveMode
                0x00000000       0x40 .\CortexM3\ARM_GCC_441\Debug\BitBanging.a(PWND.o)
 .text.PWND_Read
                0x00000000       0x24 .\CortexM3\ARM_GCC_441\Debug\BitBanging.a(PWND.o)
 .text.PWND_ReadDataReg
                0x00000000       0x24 .\CortexM3\ARM_GCC_441\Debug\BitBanging.a(PWND.o)
 .text          0x00000000        0x0 .\CortexM3\ARM_GCC_441\Debug\BitBanging.a(RST_B.o)
 .data          0x00000000        0x0 .\CortexM3\ARM_GCC_441\Debug\BitBanging.a(RST_B.o)
 .bss           0x00000000        0x0 .\CortexM3\ARM_GCC_441\Debug\BitBanging.a(RST_B.o)
 .text.RST_B_SetDriveMode
                0x00000000       0x40 .\CortexM3\ARM_GCC_441\Debug\BitBanging.a(RST_B.o)
 .text.RST_B_Read
                0x00000000       0x24 .\CortexM3\ARM_GCC_441\Debug\BitBanging.a(RST_B.o)
 .text.RST_B_ReadDataReg
                0x00000000       0x24 .\CortexM3\ARM_GCC_441\Debug\BitBanging.a(RST_B.o)
 .text          0x00000000        0x0 .\CortexM3\ARM_GCC_441\Debug\BitBanging.a(LCD_Char_1.o)
 .data          0x00000000        0x0 .\CortexM3\ARM_GCC_441\Debug\BitBanging.a(LCD_Char_1.o)
 .text.LCD_Char_1_Stop
                0x00000000       0x1c .\CortexM3\ARM_GCC_441\Debug\BitBanging.a(LCD_Char_1.o)
 .text.LCD_Char_1_Position
                0x00000000       0x74 .\CortexM3\ARM_GCC_441\Debug\BitBanging.a(LCD_Char_1.o)
 .text.LCD_Char_1_PutChar
                0x00000000       0x1c .\CortexM3\ARM_GCC_441\Debug\BitBanging.a(LCD_Char_1.o)
 .text.LCD_Char_1_PrintInt8
                0x00000000       0x44 .\CortexM3\ARM_GCC_441\Debug\BitBanging.a(LCD_Char_1.o)
 .text.LCD_Char_1_PrintInt16
                0x00000000       0x2c .\CortexM3\ARM_GCC_441\Debug\BitBanging.a(LCD_Char_1.o)
 .rodata        0x00000000       0x10 .\CortexM3\ARM_GCC_441\Debug\BitBanging.a(LCD_Char_1.o)
 .text          0x00000000        0x0 .\CortexM3\ARM_GCC_441\Debug\BitBanging.a(cyfitter_cfg.o)
 .data          0x00000000        0x0 .\CortexM3\ARM_GCC_441\Debug\BitBanging.a(cyfitter_cfg.o)
 .bss           0x00000000        0x0 .\CortexM3\ARM_GCC_441\Debug\BitBanging.a(cyfitter_cfg.o)
 .text.CYCONFIGCPYCODE
                0x00000000       0x20 .\CortexM3\ARM_GCC_441\Debug\BitBanging.a(cyfitter_cfg.o)
 .text.SetAnalogRoutingPumps
                0x00000000       0x30 .\CortexM3\ARM_GCC_441\Debug\BitBanging.a(cyfitter_cfg.o)
 .data          0x00000000        0x0 .\CortexM3\ARM_GCC_441\Debug\BitBanging.a(CyBootAsmGnu.o)
 .bss           0x00000000        0x0 .\CortexM3\ARM_GCC_441\Debug\BitBanging.a(CyBootAsmGnu.o)
 .text          0x00000000        0x0 .\CortexM3\ARM_GCC_441\Debug\BitBanging.a(CyFlash.o)
 .data          0x00000000        0x0 .\CortexM3\ARM_GCC_441\Debug\BitBanging.a(CyFlash.o)
 .bss           0x00000000        0x4 .\CortexM3\ARM_GCC_441\Debug\BitBanging.a(CyFlash.o)
 .text.CyFlash_Start
                0x00000000       0x48 .\CortexM3\ARM_GCC_441\Debug\BitBanging.a(CyFlash.o)
 .text.CyFlash_Stop
                0x00000000       0x40 .\CortexM3\ARM_GCC_441\Debug\BitBanging.a(CyFlash.o)
 .text.CySetTempInt
                0x00000000       0x90 .\CortexM3\ARM_GCC_441\Debug\BitBanging.a(CyFlash.o)
 .text.CySetTemp
                0x00000000       0x28 .\CortexM3\ARM_GCC_441\Debug\BitBanging.a(CyFlash.o)
 .text.CySetFlashEEBuffer
                0x00000000       0x50 .\CortexM3\ARM_GCC_441\Debug\BitBanging.a(CyFlash.o)
 .text.CyWriteRowData
                0x00000000       0xac .\CortexM3\ARM_GCC_441\Debug\BitBanging.a(CyFlash.o)
 .text.CyWriteRowFull
                0x00000000      0x124 .\CortexM3\ARM_GCC_441\Debug\BitBanging.a(CyFlash.o)
 .text.CyFlash_SetWaitCycles
                0x00000000       0xc4 .\CortexM3\ARM_GCC_441\Debug\BitBanging.a(CyFlash.o)
 .text.CyEEPROM_Start
                0x00000000       0x44 .\CortexM3\ARM_GCC_441\Debug\BitBanging.a(CyFlash.o)
 .text.CyEEPROM_Stop
                0x00000000       0x40 .\CortexM3\ARM_GCC_441\Debug\BitBanging.a(CyFlash.o)
 .text.CyEEPROM_ReadReserve
                0x00000000       0x3c .\CortexM3\ARM_GCC_441\Debug\BitBanging.a(CyFlash.o)
 .text.CyEEPROM_ReadRelease
                0x00000000       0x20 .\CortexM3\ARM_GCC_441\Debug\BitBanging.a(CyFlash.o)
 COMMON         0x00000000        0x2 .\CortexM3\ARM_GCC_441\Debug\BitBanging.a(CyFlash.o)
 .text          0x00000000        0x0 .\CortexM3\ARM_GCC_441\Debug\BitBanging.a(CySpc.o)
 .data          0x00000000        0x0 .\CortexM3\ARM_GCC_441\Debug\BitBanging.a(CySpc.o)
 .bss           0x00000000        0x2 .\CortexM3\ARM_GCC_441\Debug\BitBanging.a(CySpc.o)
 .text.CySpcStart
                0x00000000       0x58 .\CortexM3\ARM_GCC_441\Debug\BitBanging.a(CySpc.o)
 .text.CySpcStop
                0x00000000       0x54 .\CortexM3\ARM_GCC_441\Debug\BitBanging.a(CySpc.o)
 .text.CySpcReadData
                0x00000000       0x64 .\CortexM3\ARM_GCC_441\Debug\BitBanging.a(CySpc.o)
 .text.CySpcLoadMultiByte
                0x00000000      0x118 .\CortexM3\ARM_GCC_441\Debug\BitBanging.a(CySpc.o)
 .text.CySpcLoadRow
                0x00000000       0xbc .\CortexM3\ARM_GCC_441\Debug\BitBanging.a(CySpc.o)
 .text.CySpcWriteRow
                0x00000000       0xcc .\CortexM3\ARM_GCC_441\Debug\BitBanging.a(CySpc.o)
 .text.CySpcEraseSector
                0x00000000       0x9c .\CortexM3\ARM_GCC_441\Debug\BitBanging.a(CySpc.o)
 .text.CySpcGetTemp
                0x00000000       0x8c .\CortexM3\ARM_GCC_441\Debug\BitBanging.a(CySpc.o)
 .text.CySpcLock
                0x00000000       0x8c .\CortexM3\ARM_GCC_441\Debug\BitBanging.a(CySpc.o)
 .text.CySpcUnlock
                0x00000000       0x68 .\CortexM3\ARM_GCC_441\Debug\BitBanging.a(CySpc.o)
 .data          0x00000000        0x0 c:/program files/cypress/psoc creator/2.2/psoc creator/import/gnu_cs/arm/4.4.1/bin/../lib/gcc/arm-none-eabi/4.4.1/../../../../arm-none-eabi/lib/thumb2\libc.a(lib_a-memcpy.o)
 .bss           0x00000000        0x0 c:/program files/cypress/psoc creator/2.2/psoc creator/import/gnu_cs/arm/4.4.1/bin/../lib/gcc/arm-none-eabi/4.4.1/../../../../arm-none-eabi/lib/thumb2\libc.a(lib_a-memcpy.o)
 .data          0x00000000        0x0 c:/program files/cypress/psoc creator/2.2/psoc creator/import/gnu_cs/arm/4.4.1/bin/../lib/gcc/arm-none-eabi/4.4.1/../../../../arm-none-eabi/lib/thumb2\libc.a(lib_a-memset.o)
 .bss           0x00000000        0x0 c:/program files/cypress/psoc creator/2.2/psoc creator/import/gnu_cs/arm/4.4.1/bin/../lib/gcc/arm-none-eabi/4.4.1/../../../../arm-none-eabi/lib/thumb2\libc.a(lib_a-memset.o)
 .text          0x00000000        0x0 c:/program files/cypress/psoc creator/2.2/psoc creator/import/gnu_cs/arm/4.4.1/bin/../lib/gcc/arm-none-eabi/4.4.1/thumb2/crtend.o
 .data          0x00000000        0x0 c:/program files/cypress/psoc creator/2.2/psoc creator/import/gnu_cs/arm/4.4.1/bin/../lib/gcc/arm-none-eabi/4.4.1/thumb2/crtend.o
 .bss           0x00000000        0x0 c:/program files/cypress/psoc creator/2.2/psoc creator/import/gnu_cs/arm/4.4.1/bin/../lib/gcc/arm-none-eabi/4.4.1/thumb2/crtend.o
 .text          0x00000000        0x0 c:/program files/cypress/psoc creator/2.2/psoc creator/import/gnu_cs/arm/4.4.1/bin/../lib/gcc/arm-none-eabi/4.4.1/thumb2/crtn.o
 .data          0x00000000        0x0 c:/program files/cypress/psoc creator/2.2/psoc creator/import/gnu_cs/arm/4.4.1/bin/../lib/gcc/arm-none-eabi/4.4.1/thumb2/crtn.o
 .bss           0x00000000        0x0 c:/program files/cypress/psoc creator/2.2/psoc creator/import/gnu_cs/arm/4.4.1/bin/../lib/gcc/arm-none-eabi/4.4.1/thumb2/crtn.o
 .data          0x00000000        0x0 c:/program files/cypress/psoc creator/2.2/psoc creator/import/gnu_cs/arm/4.4.1/bin/../lib/gcc/arm-none-eabi/4.4.1/../../../../arm-none-eabi/lib/thumb2\libcs3.a(start_c.o)
 .bss           0x00000000        0x0 c:/program files/cypress/psoc creator/2.2/psoc creator/import/gnu_cs/arm/4.4.1/bin/../lib/gcc/arm-none-eabi/4.4.1/../../../../arm-none-eabi/lib/thumb2\libcs3.a(start_c.o)
 .text          0x00000000        0x0 c:/program files/cypress/psoc creator/2.2/psoc creator/import/gnu_cs/arm/4.4.1/bin/../lib/gcc/arm-none-eabi/4.4.1/../../../../arm-none-eabi/lib/thumb2\libcs3micro.a(micro-vector.o)
 .data          0x00000000        0x0 c:/program files/cypress/psoc creator/2.2/psoc creator/import/gnu_cs/arm/4.4.1/bin/../lib/gcc/arm-none-eabi/4.4.1/../../../../arm-none-eabi/lib/thumb2\libcs3micro.a(micro-vector.o)
 .bss           0x00000000        0x0 c:/program files/cypress/psoc creator/2.2/psoc creator/import/gnu_cs/arm/4.4.1/bin/../lib/gcc/arm-none-eabi/4.4.1/../../../../arm-none-eabi/lib/thumb2\libcs3micro.a(micro-vector.o)
 .data          0x00000000        0x0 c:/program files/cypress/psoc creator/2.2/psoc creator/import/gnu_cs/arm/4.4.1/bin/../lib/gcc/arm-none-eabi/4.4.1/../../../../arm-none-eabi/lib/thumb2\libcs3micro.a(micro_isr_interrupt.o)
 .bss           0x00000000        0x0 c:/program files/cypress/psoc creator/2.2/psoc creator/import/gnu_cs/arm/4.4.1/bin/../lib/gcc/arm-none-eabi/4.4.1/../../../../arm-none-eabi/lib/thumb2\libcs3micro.a(micro_isr_interrupt.o)
 .data          0x00000000        0x0 c:/program files/cypress/psoc creator/2.2/psoc creator/import/gnu_cs/arm/4.4.1/bin/../lib/gcc/arm-none-eabi/4.4.1/../../../../arm-none-eabi/lib/thumb2\libc.a(lib_a-init.o)
 .bss           0x00000000        0x0 c:/program files/cypress/psoc creator/2.2/psoc creator/import/gnu_cs/arm/4.4.1/bin/../lib/gcc/arm-none-eabi/4.4.1/../../../../arm-none-eabi/lib/thumb2\libc.a(lib_a-init.o)

Memory Configuration

Name             Origin             Length             Attributes
rom              0x00000000         0x00040000         xr
ram              0x1fff8000         0x0000b000         xrw
*default*        0x00000000         0xffffffff

Linker script and memory map

LOAD c:/program files/cypress/psoc creator/2.2/psoc creator/import/gnu_cs/arm/4.4.1/bin/../lib/gcc/arm-none-eabi/4.4.1/thumb2/crti.o
LOAD c:/program files/cypress/psoc creator/2.2/psoc creator/import/gnu_cs/arm/4.4.1/bin/../lib/gcc/arm-none-eabi/4.4.1/thumb2/crtbegin.o
START GROUP
LOAD .\CortexM3\ARM_GCC_441\Debug\main.o
LOAD .\CortexM3\ARM_GCC_441\Debug\Cm3Start.o
LOAD .\CortexM3\ARM_GCC_441\Debug\BitBanging.a
LOAD C:\Program Files\Cypress\PSoC Creator\2.2\PSoC Creator\psoc\content\cycomponentlibrary\CyComponentLibrary.cylib\CortexM3\ARM_GCC_441\Debug\CyComponentLibrary.a
END GROUP
START GROUP
LOAD c:/program files/cypress/psoc creator/2.2/psoc creator/import/gnu_cs/arm/4.4.1/bin/../lib/gcc/arm-none-eabi/4.4.1/thumb2\libgcc.a
LOAD c:/program files/cypress/psoc creator/2.2/psoc creator/import/gnu_cs/arm/4.4.1/bin/../lib/gcc/arm-none-eabi/4.4.1/../../../../arm-none-eabi/lib/thumb2\libc.a
END GROUP
LOAD c:/program files/cypress/psoc creator/2.2/psoc creator/import/gnu_cs/arm/4.4.1/bin/../lib/gcc/arm-none-eabi/4.4.1/thumb2/crtend.o
LOAD c:/program files/cypress/psoc creator/2.2/psoc creator/import/gnu_cs/arm/4.4.1/bin/../lib/gcc/arm-none-eabi/4.4.1/thumb2/crtn.o
START GROUP
LOAD c:/program files/cypress/psoc creator/2.2/psoc creator/import/gnu_cs/arm/4.4.1/bin/../lib/gcc/arm-none-eabi/4.4.1/thumb2\libgcc.a
LOAD c:/program files/cypress/psoc creator/2.2/psoc creator/import/gnu_cs/arm/4.4.1/bin/../lib/gcc/arm-none-eabi/4.4.1/../../../../arm-none-eabi/lib/thumb2\libc.a
LOAD c:/program files/cypress/psoc creator/2.2/psoc creator/import/gnu_cs/arm/4.4.1/bin/../lib/gcc/arm-none-eabi/4.4.1/../../../../arm-none-eabi/lib/thumb2\libcs3.a
LOAD c:/program files/cypress/psoc creator/2.2/psoc creator/import/gnu_cs/arm/4.4.1/bin/../lib/gcc/arm-none-eabi/4.4.1/../../../../arm-none-eabi/lib/thumb2\libcs3unhosted.a
LOAD c:/program files/cypress/psoc creator/2.2/psoc creator/import/gnu_cs/arm/4.4.1/bin/../lib/gcc/arm-none-eabi/4.4.1/../../../../arm-none-eabi/lib/thumb2\libcs3micro.a
END GROUP
                0x1fff8120                PROVIDE (__cs3_heap_start, _end)
                0x00000001                PROVIDE (__cs3_region_num, ((__cs3_regions_end - __cs3_regions) / 0x14))
                0x20008000                PROVIDE (__cs3_stack, 0x20008000)
                0x20004000                PROVIDE (__cs3_heap_end, (__cs3_stack - 0x4000))

.text           0x00000000     0x1310
 CREATE_OBJECT_SYMBOLS
                0x00000000                __cs3_interrupt_vector = __cs3_interrupt_vector_micro
 *(.cs3.interrupt_vector)
 .cs3.interrupt_vector
                0x00000000       0xc0 c:/program files/cypress/psoc creator/2.2/psoc creator/import/gnu_cs/arm/4.4.1/bin/../lib/gcc/arm-none-eabi/4.4.1/../../../../arm-none-eabi/lib/thumb2\libcs3micro.a(micro-vector.o)
                0x00000000                __cs3_interrupt_vector_micro
                0x00000001                ASSERT ((. != __cs3_interrupt_vector_micro), No interrupt vector)
                0x0000033c                PROVIDE (__cs3_reset, Reset)
 *(.cs3.reset)
                0x00000001                ASSERT ((. != __cs3_reset), No reset code)
 *(.dma_init)
                0x00000001                ASSERT ((((0x0 + .) <= 0x10000) || 0x1), DMA Init must be within the first 64k of flash)
 *(.text.cs3.init)
 .text.cs3.init
                0x000000c0       0x5c c:/program files/cypress/psoc creator/2.2/psoc creator/import/gnu_cs/arm/4.4.1/bin/../lib/gcc/arm-none-eabi/4.4.1/../../../../arm-none-eabi/lib/thumb2\libcs3.a(start_c.o)
                0x000000c0                __cs3_start_c
 *(.text .text.* .gnu.linkonce.t.*)
 .text          0x0000011c       0x30 c:/program files/cypress/psoc creator/2.2/psoc creator/import/gnu_cs/arm/4.4.1/bin/../lib/gcc/arm-none-eabi/4.4.1/thumb2/crtbegin.o
 .text.pump     0x0000014c       0x30 .\CortexM3\ARM_GCC_441\Debug\main.o
                0x0000014c                pump
 .text.SccbRead
                0x0000017c      0x180 .\CortexM3\ARM_GCC_441\Debug\main.o
                0x0000017c                SccbRead
 .text.main     0x000002fc       0x40 .\CortexM3\ARM_GCC_441\Debug\main.o
                0x000002fc                main
 .text.Reset    0x0000033c       0x24 .\CortexM3\ARM_GCC_441\Debug\Cm3Start.o
                0x0000033c                Reset
 .text.initialize_psoc
                0x00000360       0x9c .\CortexM3\ARM_GCC_441\Debug\Cm3Start.o
                0x00000360                initialize_psoc
 .text.CyDelay  0x000003fc       0x48 .\CortexM3\ARM_GCC_441\Debug\BitBanging.a(CyLib.o)
                0x000003fc                CyDelay
 .text.CyDelayUs
                0x00000444       0x28 .\CortexM3\ARM_GCC_441\Debug\BitBanging.a(CyLib.o)
                0x00000444                CyDelayUs
 .text.DataLine_Write
                0x0000046c       0x44 .\CortexM3\ARM_GCC_441\Debug\BitBanging.a(DataLine.o)
                0x0000046c                DataLine_Write
 .text.DataLine_Read
                0x000004b0       0x24 .\CortexM3\ARM_GCC_441\Debug\BitBanging.a(DataLine.o)
                0x000004b0                DataLine_Read
 .text.ClockLine_Write
                0x000004d4       0x44 .\CortexM3\ARM_GCC_441\Debug\BitBanging.a(ClockLine.o)
                0x000004d4                ClockLine_Write
 .text.FREX_Write
                0x00000518       0x44 .\CortexM3\ARM_GCC_441\Debug\BitBanging.a(FREX.o)
                0x00000518                FREX_Write
 .text.EXPST_Write
                0x0000055c       0x44 .\CortexM3\ARM_GCC_441\Debug\BitBanging.a(EXPST.o)
                0x0000055c                EXPST_Write
 .text.PWND_Write
                0x000005a0       0x44 .\CortexM3\ARM_GCC_441\Debug\BitBanging.a(PWND.o)
                0x000005a0                PWND_Write
 .text.RST_B_Write
                0x000005e4       0x44 .\CortexM3\ARM_GCC_441\Debug\BitBanging.a(RST_B.o)
                0x000005e4                RST_B_Write
 .text.LCD_Char_1_Init
                0x00000628       0x90 .\CortexM3\ARM_GCC_441\Debug\BitBanging.a(LCD_Char_1.o)
                0x00000628                LCD_Char_1_Init
 .text.LCD_Char_1_Enable
                0x000006b8       0x1c .\CortexM3\ARM_GCC_441\Debug\BitBanging.a(LCD_Char_1.o)
                0x000006b8                LCD_Char_1_Enable
 .text.LCD_Char_1_Start
                0x000006d4       0x2c .\CortexM3\ARM_GCC_441\Debug\BitBanging.a(LCD_Char_1.o)
                0x000006d4                LCD_Char_1_Start
 .text.LCD_Char_1_PrintString
                0x00000700       0x40 .\CortexM3\ARM_GCC_441\Debug\BitBanging.a(LCD_Char_1.o)
                0x00000700                LCD_Char_1_PrintString
 .text.LCD_Char_1_WriteData
                0x00000740       0x38 .\CortexM3\ARM_GCC_441\Debug\BitBanging.a(LCD_Char_1.o)
                0x00000740                LCD_Char_1_WriteData
 .text.LCD_Char_1_WriteControl
                0x00000778       0x38 .\CortexM3\ARM_GCC_441\Debug\BitBanging.a(LCD_Char_1.o)
                0x00000778                LCD_Char_1_WriteControl
 .text.LCD_Char_1_IsReady
                0x000007b0      0x1f4 .\CortexM3\ARM_GCC_441\Debug\BitBanging.a(LCD_Char_1.o)
                0x000007b0                LCD_Char_1_IsReady
 .text.LCD_Char_1_WrDatNib
                0x000009a4       0xac .\CortexM3\ARM_GCC_441\Debug\BitBanging.a(LCD_Char_1.o)
 .text.LCD_Char_1_WrCntrlNib
                0x00000a50       0x8c .\CortexM3\ARM_GCC_441\Debug\BitBanging.a(LCD_Char_1.o)
 .text.LCD_Char_1_PrintNumber
                0x00000adc      0x110 .\CortexM3\ARM_GCC_441\Debug\BitBanging.a(LCD_Char_1.o)
                0x00000adc                LCD_Char_1_PrintNumber
 .text.CYMEMZERO
                0x00000bec       0x20 .\CortexM3\ARM_GCC_441\Debug\BitBanging.a(cyfitter_cfg.o)
 .text.CYCONFIGCPY
                0x00000c0c       0x20 .\CortexM3\ARM_GCC_441\Debug\BitBanging.a(cyfitter_cfg.o)
 .text.cfg_write_bytes32
                0x00000c2c       0x84 .\CortexM3\ARM_GCC_441\Debug\BitBanging.a(cyfitter_cfg.o)
 .text.ClockSetup
                0x00000cb0      0x144 .\CortexM3\ARM_GCC_441\Debug\BitBanging.a(cyfitter_cfg.o)
 .text.AnalogSetDefault
                0x00000df4       0x4c .\CortexM3\ARM_GCC_441\Debug\BitBanging.a(cyfitter_cfg.o)
 .text.cyfitter_cfg
                0x00000e40      0x1c8 .\CortexM3\ARM_GCC_441\Debug\BitBanging.a(cyfitter_cfg.o)
                0x00000e40                cyfitter_cfg
 .text          0x00001008       0x20 .\CortexM3\ARM_GCC_441\Debug\BitBanging.a(CyBootAsmGnu.o)
                0x00001008                CyDelayCycles
                0x00001018                CyEnterCriticalSection
                0x00001020                CyExitCriticalSection
 .text          0x00001028      0x190 c:/program files/cypress/psoc creator/2.2/psoc creator/import/gnu_cs/arm/4.4.1/bin/../lib/gcc/arm-none-eabi/4.4.1/../../../../arm-none-eabi/lib/thumb2\libc.a(lib_a-memcpy.o)
                0x00001028                memcpy
 .text          0x000011b8       0xd4 c:/program files/cypress/psoc creator/2.2/psoc creator/import/gnu_cs/arm/4.4.1/bin/../lib/gcc/arm-none-eabi/4.4.1/../../../../arm-none-eabi/lib/thumb2\libc.a(lib_a-memset.o)
                0x000011b8                memset
 .text          0x0000128c       0x30 c:/program files/cypress/psoc creator/2.2/psoc creator/import/gnu_cs/arm/4.4.1/bin/../lib/gcc/arm-none-eabi/4.4.1/../../../../arm-none-eabi/lib/thumb2\libcs3.a(start_c.o)
                0x0000128c                __cs3_premain
 .text          0x000012bc        0x2 c:/program files/cypress/psoc creator/2.2/psoc creator/import/gnu_cs/arm/4.4.1/bin/../lib/gcc/arm-none-eabi/4.4.1/../../../../arm-none-eabi/lib/thumb2\libcs3micro.a(micro_isr_interrupt.o)
                0x000012bc                __cs3_isr_external_24
                0x000012bc                __cs3_isr_external_9
                0x000012bc                __cs3_isr_external_14
                0x000012bc                __cs3_isr_reserved_9
                0x000012bc                __cs3_isr_external_4
                0x000012bc                __cs3_isr_external_21
                0x000012bc                __cs3_isr_external_0
                0x000012bc                __cs3_isr_external_27
                0x000012bc                __cs3_isr_external_11
                0x000012bc                __cs3_isr_usage_fault
                0x000012bc                __cs3_isr_svcall
                0x000012bc                __cs3_isr_external_3
                0x000012bc                __cs3_isr_mpu_fault
                0x000012bc                __cs3_isr_external_16
                0x000012bc                __cs3_isr_pendsv
                0x000012bc                __cs3_isr_external_31
                0x000012bc                __cs3_isr_nmi
                0x000012bc                __cs3_isr_external_5
                0x000012bc                __cs3_isr_external_6
                0x000012bc                __cs3_isr_external_12
                0x000012bc                __cs3_isr_hard_fault
                0x000012bc                __cs3_isr_bus_fault
                0x000012bc                __cs3_isr_external_1
                0x000012bc                __cs3_isr_external_13
                0x000012bc                __cs3_isr_external_30
                0x000012bc                __cs3_isr_external_23
                0x000012bc                __cs3_isr_external_20
                0x000012bc                __cs3_isr_debug
                0x000012bc                __cs3_isr_reserved_13
                0x000012bc                __cs3_isr_external_8
                0x000012bc                __cs3_isr_external_26
                0x000012bc                __cs3_isr_reserved_8
                0x000012bc                __cs3_isr_reserved_7
                0x000012bc                __cs3_isr_external_7
                0x000012bc                __cs3_isr_external_28
                0x000012bc                __cs3_isr_systick
                0x000012bc                __cs3_isr_external_22
                0x000012bc                __cs3_isr_external_10
                0x000012bc                __cs3_isr_external_15
                0x000012bc                __cs3_isr_interrupt
                0x000012bc                __cs3_isr_external_18
                0x000012bc                __cs3_isr_external_29
                0x000012bc                __cs3_isr_external_25
                0x000012bc                __cs3_isr_reserved_10
                0x000012bc                __cs3_isr_external_2
                0x000012bc                __cs3_isr_external_17
                0x000012bc                __cs3_isr_external_19
 *fill*         0x000012be        0x2 00
 .text          0x000012c0       0x50 c:/program files/cypress/psoc creator/2.2/psoc creator/import/gnu_cs/arm/4.4.1/bin/../lib/gcc/arm-none-eabi/4.4.1/../../../../arm-none-eabi/lib/thumb2\libc.a(lib_a-init.o)
                0x000012c0                __libc_init_array
 *(.plt)
 *(.gnu.warning)
 *(.glue_7t)
 .glue_7t       0x00000000        0x0 linker stubs
 *(.glue_7)
 .glue_7        0x00000000        0x0 linker stubs
 *(.vfp11_veneer)
 .vfp11_veneer  0x00000000        0x0 linker stubs
 *(.bootloader)
 *(.ARM.extab* .gnu.linkonce.armextab.*)
 *(.gcc_except_table)

.v4_bx          0x00001310        0x0
 .v4_bx         0x00000000        0x0 linker stubs

.eh_frame_hdr
 *(.eh_frame_hdr)

.eh_frame
 *(.eh_frame)
                0x00001310                PROVIDE (__exidx_start, .)

.ARM.exidx
 *(.ARM.exidx* .gnu.linkonce.armexidx.*)
                0x00001310                __exidx_end = .

.rodata         0x00001310       0x68
 *(.rodata .rodata.* .gnu.linkonce.r.*)
 .rodata        0x00001310       0x30 .\CortexM3\ARM_GCC_441\Debug\BitBanging.a(cyfitter_cfg.o)
                0x00001340                . = ALIGN (0x4)
 *(.init)
 .init          0x00001340        0x4 c:/program files/cypress/psoc creator/2.2/psoc creator/import/gnu_cs/arm/4.4.1/bin/../lib/gcc/arm-none-eabi/4.4.1/thumb2/crti.o
                0x00001340                _init
 .init          0x00001344        0x8 c:/program files/cypress/psoc creator/2.2/psoc creator/import/gnu_cs/arm/4.4.1/bin/../lib/gcc/arm-none-eabi/4.4.1/thumb2/crtn.o
                0x0000134c                . = ALIGN (0x4)
                0x0000134c                __preinit_array_start = .
 *(.preinit_array)
                0x0000134c                __preinit_array_end = .
                0x0000134c                . = ALIGN (0x4)
                0x0000134c                __init_array_start = .
 *(SORT(.init_array.*))
 *(.init_array)
 .init_array    0x0000134c        0x4 c:/program files/cypress/psoc creator/2.2/psoc creator/import/gnu_cs/arm/4.4.1/bin/../lib/gcc/arm-none-eabi/4.4.1/thumb2/crtbegin.o
 .init_array    0x00001350        0x4 .\CortexM3\ARM_GCC_441\Debug\Cm3Start.o
                0x00001354                __init_array_end = .
                0x00001354                . = ALIGN (0x4)
 *(.fini)
 .fini          0x00001354        0x4 c:/program files/cypress/psoc creator/2.2/psoc creator/import/gnu_cs/arm/4.4.1/bin/../lib/gcc/arm-none-eabi/4.4.1/thumb2/crti.o
                0x00001354                _fini
 .fini          0x00001358        0x8 c:/program files/cypress/psoc creator/2.2/psoc creator/import/gnu_cs/arm/4.4.1/bin/../lib/gcc/arm-none-eabi/4.4.1/thumb2/crtn.o
                0x00001360                . = ALIGN (0x4)
                0x00001360                __fini_array_start = .
 *(.fini_array)
 .fini_array    0x00001360        0x4 c:/program files/cypress/psoc creator/2.2/psoc creator/import/gnu_cs/arm/4.4.1/bin/../lib/gcc/arm-none-eabi/4.4.1/thumb2/crtbegin.o
 *(SORT(.fini_array.*))
                0x00001364                __fini_array_end = .
                0x00001364                . = ALIGN (0x4)
 *crtbegin.o(.ctors)
 *(EXCLUDE_FILE(*crtend.o) .ctors)
 *(SORT(.ctors.*))
 *crtend.o(.ctors)
                0x00001364                . = ALIGN (0x4)
 *crtbegin.o(.dtors)
 *(EXCLUDE_FILE(*crtend.o) .dtors)
 *(SORT(.dtors.*))
 *crtend.o(.dtors)
                0x00001364                . = ALIGN (0x4)
                0x00001364                __cs3_regions = .
                0x00001364        0x4 LONG 0x0
                0x00001368        0x4 LONG 0x1378 __cs3_region_init_ram
                0x0000136c        0x4 LONG 0x1fff8000 __cs3_region_start_ram
                0x00001370        0x4 LONG 0x118 __cs3_region_init_size_ram
                0x00001374        0x4 LONG 0x8 __cs3_region_zero_size_ram
                0x00001378                __cs3_regions_end = .
                0x00001378                . = ALIGN (0x8)
                0x00001378                _etext = .

.data           0x1fff8000      0x118 load address 0x00001378
                0x1fff8000                __cs3_region_start_ram = .
 *(.cs3.region-head.ram)
                0x1fff8001                ASSERT ((. == __cs3_region_start_ram), .cs3.region-head.ram not permitted)
 *(.ramvectors)
 .ramvectors    0x1fff8000      0x100 .\CortexM3\ARM_GCC_441\Debug\Cm3Start.o
                0x1fff8000                CyRamVectors
 *(.jcr)
 .jcr           0x1fff8100        0x0 c:/program files/cypress/psoc creator/2.2/psoc creator/import/gnu_cs/arm/4.4.1/bin/../lib/gcc/arm-none-eabi/4.4.1/thumb2/crtbegin.o
 .jcr           0x1fff8100        0x4 c:/program files/cypress/psoc creator/2.2/psoc creator/import/gnu_cs/arm/4.4.1/bin/../lib/gcc/arm-none-eabi/4.4.1/thumb2/crtend.o
 *(.got.plt)
 *(.got)
 *(.shdata)
 *(.data .data.* .gnu.linkonce.d.*)
 .data          0x1fff8104       0x10 .\CortexM3\ARM_GCC_441\Debug\BitBanging.a(CyLib.o)
                0x1fff8104                cydelay_freq_hz
                0x1fff8108                cydelay_freq_khz
                0x1fff810c                cydelay_freq_mhz
                0x1fff8110                cydelay_32k_ms
                0x1fff8118                . = ALIGN (0x8)
 *fill*         0x1fff8114        0x4 00
 *(.ram)
                0x1fff8118                _edata = .

.bss            0x1fff8118        0x8 load address 0x00001490
 *(.shbss)
 *(.bss .bss.* .gnu.linkonce.b.*)
 .bss           0x1fff8118        0x1 c:/program files/cypress/psoc creator/2.2/psoc creator/import/gnu_cs/arm/4.4.1/bin/../lib/gcc/arm-none-eabi/4.4.1/thumb2/crtbegin.o
 .bss           0x1fff8119        0x2 .\CortexM3\ARM_GCC_441\Debug\BitBanging.a(LCD_Char_1.o)
                0x1fff8119                LCD_Char_1_enableState
                0x1fff811a                LCD_Char_1_initVar
 *(COMMON)
 COMMON         0x1fff811b        0x1 .\CortexM3\ARM_GCC_441\Debug\BitBanging.a(CyLib.o)
                0x1fff811b                CyResetStatus
                0x1fff8120                . = ALIGN (0x8)
 *fill*         0x1fff811c        0x4 00
 *(.ram.b)
                0x1fff8120                _end = .
                0x1fff8120                __end = .
                0x20003000                __cs3_region_end_ram = (__cs3_region_start_ram + 0xb000)
                0x0000b000                __cs3_region_size_ram = 0xb000
                0x00001378                __cs3_region_init_ram = LOADADDR (.data)
                0x00000118                __cs3_region_init_size_ram = (_edata - ADDR (.data))
                0x00000008                __cs3_region_zero_size_ram = (_end - _edata)

.stab
 *(.stab)

.stabstr
 *(.stabstr)

.debug
 *(.debug)

.line
 *(.line)

.debug_srcinfo
 *(.debug_srcinfo)

.debug_sfnames
 *(.debug_sfnames)

.comment        0x00000000      0x25a
 .comment       0x00000000       0x2b .\CortexM3\ARM_GCC_441\Debug\main.o
 .comment       0x0000002b       0x2b .\CortexM3\ARM_GCC_441\Debug\Cm3Start.o
 .comment       0x00000056       0x2b .\CortexM3\ARM_GCC_441\Debug\BitBanging.a(CyLib.o)
 .comment       0x00000081       0x2b .\CortexM3\ARM_GCC_441\Debug\BitBanging.a(cyPm.o)
 .comment       0x000000ac       0x2b .\CortexM3\ARM_GCC_441\Debug\BitBanging.a(DataLine.o)
 .comment       0x000000d7       0x2b .\CortexM3\ARM_GCC_441\Debug\BitBanging.a(ClockLine.o)
 .comment       0x00000102       0x2b .\CortexM3\ARM_GCC_441\Debug\BitBanging.a(FREX.o)
 .comment       0x0000012d       0x2b .\CortexM3\ARM_GCC_441\Debug\BitBanging.a(EXPST.o)
 .comment       0x00000158       0x2b .\CortexM3\ARM_GCC_441\Debug\BitBanging.a(PWND.o)
 .comment       0x00000183       0x2b .\CortexM3\ARM_GCC_441\Debug\BitBanging.a(RST_B.o)
 .comment       0x000001ae       0x2b .\CortexM3\ARM_GCC_441\Debug\BitBanging.a(LCD_Char_1.o)
 .comment       0x000001d9       0x2b .\CortexM3\ARM_GCC_441\Debug\BitBanging.a(cyfitter_cfg.o)
 .comment       0x00000204       0x2b .\CortexM3\ARM_GCC_441\Debug\BitBanging.a(CyFlash.o)
 .comment       0x0000022f       0x2b .\CortexM3\ARM_GCC_441\Debug\BitBanging.a(CySpc.o)

.debug_aranges  0x00000000      0x650
 *(.debug_aranges)
 .debug_aranges
                0x00000000       0x30 .\CortexM3\ARM_GCC_441\Debug\main.o
 .debug_aranges
                0x00000030       0x30 .\CortexM3\ARM_GCC_441\Debug\Cm3Start.o
 .debug_aranges
                0x00000060      0x218 .\CortexM3\ARM_GCC_441\Debug\BitBanging.a(CyLib.o)
 .debug_aranges
                0x00000278       0xa0 .\CortexM3\ARM_GCC_441\Debug\BitBanging.a(cyPm.o)
 .debug_aranges
                0x00000318       0x38 .\CortexM3\ARM_GCC_441\Debug\BitBanging.a(DataLine.o)
 .debug_aranges
                0x00000350       0x38 .\CortexM3\ARM_GCC_441\Debug\BitBanging.a(ClockLine.o)
 .debug_aranges
                0x00000388       0x38 .\CortexM3\ARM_GCC_441\Debug\BitBanging.a(FREX.o)
 .debug_aranges
                0x000003c0       0x38 .\CortexM3\ARM_GCC_441\Debug\BitBanging.a(EXPST.o)
 .debug_aranges
                0x000003f8       0x38 .\CortexM3\ARM_GCC_441\Debug\BitBanging.a(PWND.o)
 .debug_aranges
                0x00000430       0x38 .\CortexM3\ARM_GCC_441\Debug\BitBanging.a(RST_B.o)
 .debug_aranges
                0x00000468       0x90 .\CortexM3\ARM_GCC_441\Debug\BitBanging.a(LCD_Char_1.o)
 .debug_aranges
                0x000004f8       0x58 .\CortexM3\ARM_GCC_441\Debug\BitBanging.a(cyfitter_cfg.o)
 .debug_aranges
                0x00000550       0x20 .\CortexM3\ARM_GCC_441\Debug\BitBanging.a(CyBootAsmGnu.o)
 .debug_aranges
                0x00000570       0x78 .\CortexM3\ARM_GCC_441\Debug\BitBanging.a(CyFlash.o)
 .debug_aranges
                0x000005e8       0x68 .\CortexM3\ARM_GCC_441\Debug\BitBanging.a(CySpc.o)

.debug_pubnames
                0x00000000      0xc91
 *(.debug_pubnames)
 .debug_pubnames
                0x00000000       0x31 .\CortexM3\ARM_GCC_441\Debug\main.o
 .debug_pubnames
                0x00000031       0x57 .\CortexM3\ARM_GCC_441\Debug\Cm3Start.o
 .debug_pubnames
                0x00000088      0x57a .\CortexM3\ARM_GCC_441\Debug\BitBanging.a(CyLib.o)
 .debug_pubnames
                0x00000602       0xbb .\CortexM3\ARM_GCC_441\Debug\BitBanging.a(cyPm.o)
 .debug_pubnames
                0x000006bd       0x6a .\CortexM3\ARM_GCC_441\Debug\BitBanging.a(DataLine.o)
 .debug_pubnames
                0x00000727       0x6e .\CortexM3\ARM_GCC_441\Debug\BitBanging.a(ClockLine.o)
 .debug_pubnames
                0x00000795       0x5a .\CortexM3\ARM_GCC_441\Debug\BitBanging.a(FREX.o)
 .debug_pubnames
                0x000007ef       0x5e .\CortexM3\ARM_GCC_441\Debug\BitBanging.a(EXPST.o)
 .debug_pubnames
                0x0000084d       0x5a .\CortexM3\ARM_GCC_441\Debug\BitBanging.a(PWND.o)
 .debug_pubnames
                0x000008a7       0x5e .\CortexM3\ARM_GCC_441\Debug\BitBanging.a(RST_B.o)
 .debug_pubnames
                0x00000905      0x17b .\CortexM3\ARM_GCC_441\Debug\BitBanging.a(LCD_Char_1.o)
 .debug_pubnames
                0x00000a80       0x3d .\CortexM3\ARM_GCC_441\Debug\BitBanging.a(cyfitter_cfg.o)
 .debug_pubnames
                0x00000abd      0x104 .\CortexM3\ARM_GCC_441\Debug\BitBanging.a(CyFlash.o)
 .debug_pubnames
                0x00000bc1       0xd0 .\CortexM3\ARM_GCC_441\Debug\BitBanging.a(CySpc.o)

.debug_info     0x00000000     0x2a01
 *(.debug_info .gnu.linkonce.wi.*)
 .debug_info    0x00000000      0x15f .\CortexM3\ARM_GCC_441\Debug\main.o
 .debug_info    0x0000015f      0x13e .\CortexM3\ARM_GCC_441\Debug\Cm3Start.o
 .debug_info    0x0000029d      0xc71 .\CortexM3\ARM_GCC_441\Debug\BitBanging.a(CyLib.o)
 .debug_info    0x00000f0e      0x5ac .\CortexM3\ARM_GCC_441\Debug\BitBanging.a(cyPm.o)
 .debug_info    0x000014ba      0x120 .\CortexM3\ARM_GCC_441\Debug\BitBanging.a(DataLine.o)
 .debug_info    0x000015da      0x120 .\CortexM3\ARM_GCC_441\Debug\BitBanging.a(ClockLine.o)
 .debug_info    0x000016fa      0x120 .\CortexM3\ARM_GCC_441\Debug\BitBanging.a(FREX.o)
 .debug_info    0x0000181a      0x120 .\CortexM3\ARM_GCC_441\Debug\BitBanging.a(EXPST.o)
 .debug_info    0x0000193a      0x120 .\CortexM3\ARM_GCC_441\Debug\BitBanging.a(PWND.o)
 .debug_info    0x00001a5a      0x120 .\CortexM3\ARM_GCC_441\Debug\BitBanging.a(RST_B.o)
 .debug_info    0x00001b7a      0x3af .\CortexM3\ARM_GCC_441\Debug\BitBanging.a(LCD_Char_1.o)
 .debug_info    0x00001f29      0x36e .\CortexM3\ARM_GCC_441\Debug\BitBanging.a(cyfitter_cfg.o)
 .debug_info    0x00002297       0x97 .\CortexM3\ARM_GCC_441\Debug\BitBanging.a(CyBootAsmGnu.o)
 .debug_info    0x0000232e      0x334 .\CortexM3\ARM_GCC_441\Debug\BitBanging.a(CyFlash.o)
 .debug_info    0x00002662      0x39f .\CortexM3\ARM_GCC_441\Debug\BitBanging.a(CySpc.o)

.debug_abbrev   0x00000000      0xc5f
 *(.debug_abbrev)
 .debug_abbrev  0x00000000       0xc5 .\CortexM3\ARM_GCC_441\Debug\main.o
 .debug_abbrev  0x000000c5       0xd6 .\CortexM3\ARM_GCC_441\Debug\Cm3Start.o
 .debug_abbrev  0x0000019b      0x182 .\CortexM3\ARM_GCC_441\Debug\BitBanging.a(CyLib.o)
 .debug_abbrev  0x0000031d      0x14d .\CortexM3\ARM_GCC_441\Debug\BitBanging.a(cyPm.o)
 .debug_abbrev  0x0000046a       0x85 .\CortexM3\ARM_GCC_441\Debug\BitBanging.a(DataLine.o)
 .debug_abbrev  0x000004ef       0x85 .\CortexM3\ARM_GCC_441\Debug\BitBanging.a(ClockLine.o)
 .debug_abbrev  0x00000574       0x85 .\CortexM3\ARM_GCC_441\Debug\BitBanging.a(FREX.o)
 .debug_abbrev  0x000005f9       0x85 .\CortexM3\ARM_GCC_441\Debug\BitBanging.a(EXPST.o)
 .debug_abbrev  0x0000067e       0x85 .\CortexM3\ARM_GCC_441\Debug\BitBanging.a(PWND.o)
 .debug_abbrev  0x00000703       0x85 .\CortexM3\ARM_GCC_441\Debug\BitBanging.a(RST_B.o)
 .debug_abbrev  0x00000788      0x118 .\CortexM3\ARM_GCC_441\Debug\BitBanging.a(LCD_Char_1.o)
 .debug_abbrev  0x000008a0      0x153 .\CortexM3\ARM_GCC_441\Debug\BitBanging.a(cyfitter_cfg.o)
 .debug_abbrev  0x000009f3       0x14 .\CortexM3\ARM_GCC_441\Debug\BitBanging.a(CyBootAsmGnu.o)
 .debug_abbrev  0x00000a07      0x14a .\CortexM3\ARM_GCC_441\Debug\BitBanging.a(CyFlash.o)
 .debug_abbrev  0x00000b51      0x10e .\CortexM3\ARM_GCC_441\Debug\BitBanging.a(CySpc.o)

.debug_line     0x00000000     0x166a
 *(.debug_line)
 .debug_line    0x00000000       0xcb .\CortexM3\ARM_GCC_441\Debug\main.o
 .debug_line    0x000000cb       0xb4 .\CortexM3\ARM_GCC_441\Debug\Cm3Start.o
 .debug_line    0x0000017f      0x659 .\CortexM3\ARM_GCC_441\Debug\BitBanging.a(CyLib.o)
 .debug_line    0x000007d8      0x346 .\CortexM3\ARM_GCC_441\Debug\BitBanging.a(cyPm.o)
 .debug_line    0x00000b1e       0xb3 .\CortexM3\ARM_GCC_441\Debug\BitBanging.a(DataLine.o)
 .debug_line    0x00000bd1       0xb4 .\CortexM3\ARM_GCC_441\Debug\BitBanging.a(ClockLine.o)
 .debug_line    0x00000c85       0xaf .\CortexM3\ARM_GCC_441\Debug\BitBanging.a(FREX.o)
 .debug_line    0x00000d34       0xb0 .\CortexM3\ARM_GCC_441\Debug\BitBanging.a(EXPST.o)
 .debug_line    0x00000de4       0xaf .\CortexM3\ARM_GCC_441\Debug\BitBanging.a(PWND.o)
 .debug_line    0x00000e93       0xb0 .\CortexM3\ARM_GCC_441\Debug\BitBanging.a(RST_B.o)
 .debug_line    0x00000f43      0x1df .\CortexM3\ARM_GCC_441\Debug\BitBanging.a(LCD_Char_1.o)
 .debug_line    0x00001122      0x1c0 .\CortexM3\ARM_GCC_441\Debug\BitBanging.a(cyfitter_cfg.o)
 .debug_line    0x000012e2       0x67 .\CortexM3\ARM_GCC_441\Debug\BitBanging.a(CyBootAsmGnu.o)
 .debug_line    0x00001349      0x194 .\CortexM3\ARM_GCC_441\Debug\BitBanging.a(CyFlash.o)
 .debug_line    0x000014dd      0x18d .\CortexM3\ARM_GCC_441\Debug\BitBanging.a(CySpc.o)

.debug_frame    0x00000000     0x13a4
 *(.debug_frame)
 .debug_frame   0x00000000       0x68 .\CortexM3\ARM_GCC_441\Debug\main.o
 .debug_frame   0x00000068       0x5c .\CortexM3\ARM_GCC_441\Debug\Cm3Start.o
 .debug_frame   0x000000c4      0x778 .\CortexM3\ARM_GCC_441\Debug\BitBanging.a(CyLib.o)
 .debug_frame   0x0000083c      0x208 .\CortexM3\ARM_GCC_441\Debug\BitBanging.a(cyPm.o)
 .debug_frame   0x00000a44       0x80 .\CortexM3\ARM_GCC_441\Debug\BitBanging.a(DataLine.o)
 .debug_frame   0x00000ac4       0x80 .\CortexM3\ARM_GCC_441\Debug\BitBanging.a(ClockLine.o)
 .debug_frame   0x00000b44       0x80 .\CortexM3\ARM_GCC_441\Debug\BitBanging.a(FREX.o)
 .debug_frame   0x00000bc4       0x80 .\CortexM3\ARM_GCC_441\Debug\BitBanging.a(EXPST.o)
 .debug_frame   0x00000c44       0x80 .\CortexM3\ARM_GCC_441\Debug\BitBanging.a(PWND.o)
 .debug_frame   0x00000cc4       0x80 .\CortexM3\ARM_GCC_441\Debug\BitBanging.a(RST_B.o)
 .debug_frame   0x00000d44      0x1e0 .\CortexM3\ARM_GCC_441\Debug\BitBanging.a(LCD_Char_1.o)
 .debug_frame   0x00000f24      0x104 .\CortexM3\ARM_GCC_441\Debug\BitBanging.a(cyfitter_cfg.o)
 .debug_frame   0x00001028      0x178 .\CortexM3\ARM_GCC_441\Debug\BitBanging.a(CyFlash.o)
 .debug_frame   0x000011a0      0x13c .\CortexM3\ARM_GCC_441\Debug\BitBanging.a(CySpc.o)
 .debug_frame   0x000012dc       0x34 c:/program files/cypress/psoc creator/2.2/psoc creator/import/gnu_cs/arm/4.4.1/bin/../lib/gcc/arm-none-eabi/4.4.1/../../../../arm-none-eabi/lib/thumb2\libc.a(lib_a-memcpy.o)
 .debug_frame   0x00001310       0x28 c:/program files/cypress/psoc creator/2.2/psoc creator/import/gnu_cs/arm/4.4.1/bin/../lib/gcc/arm-none-eabi/4.4.1/../../../../arm-none-eabi/lib/thumb2\libc.a(lib_a-memset.o)
 .debug_frame   0x00001338       0x40 c:/program files/cypress/psoc creator/2.2/psoc creator/import/gnu_cs/arm/4.4.1/bin/../lib/gcc/arm-none-eabi/4.4.1/../../../../arm-none-eabi/lib/thumb2\libcs3.a(start_c.o)
 .debug_frame   0x00001378       0x2c c:/program files/cypress/psoc creator/2.2/psoc creator/import/gnu_cs/arm/4.4.1/bin/../lib/gcc/arm-none-eabi/4.4.1/../../../../arm-none-eabi/lib/thumb2\libc.a(lib_a-init.o)

.debug_str      0x00000000     0x12cc
 *(.debug_str)
 .debug_str     0x00000000       0xe3 .\CortexM3\ARM_GCC_441\Debug\main.o
                                0x11c (size before relaxing)
 .debug_str     0x000000e3       0x8c .\CortexM3\ARM_GCC_441\Debug\Cm3Start.o
                                0x180 (size before relaxing)
 .debug_str     0x0000016f      0x657 .\CortexM3\ARM_GCC_441\Debug\BitBanging.a(CyLib.o)
                                0x776 (size before relaxing)
 .debug_str     0x000007c6      0x372 .\CortexM3\ARM_GCC_441\Debug\BitBanging.a(cyPm.o)
                                0x48b (size before relaxing)
 .debug_str     0x00000b38       0x7d .\CortexM3\ARM_GCC_441\Debug\BitBanging.a(DataLine.o)
                                0x170 (size before relaxing)
 .debug_str     0x00000bb5       0x71 .\CortexM3\ARM_GCC_441\Debug\BitBanging.a(ClockLine.o)
                                0x175 (size before relaxing)
 .debug_str     0x00000c26       0x58 .\CortexM3\ARM_GCC_441\Debug\BitBanging.a(FREX.o)
                                0x15c (size before relaxing)
 .debug_str     0x00000c7e       0x5d .\CortexM3\ARM_GCC_441\Debug\BitBanging.a(EXPST.o)
                                0x161 (size before relaxing)
 .debug_str     0x00000cdb       0x58 .\CortexM3\ARM_GCC_441\Debug\BitBanging.a(PWND.o)
                                0x15c (size before relaxing)
 .debug_str     0x00000d33       0x5d .\CortexM3\ARM_GCC_441\Debug\BitBanging.a(RST_B.o)
                                0x161 (size before relaxing)
 .debug_str     0x00000d90      0x1dd .\CortexM3\ARM_GCC_441\Debug\BitBanging.a(LCD_Char_1.o)
                                0x2e7 (size before relaxing)
 .debug_str     0x00000f6d      0x131 .\CortexM3\ARM_GCC_441\Debug\BitBanging.a(cyfitter_cfg.o)
                                0x249 (size before relaxing)
 .debug_str     0x0000109e      0x130 .\CortexM3\ARM_GCC_441\Debug\BitBanging.a(CyFlash.o)
                                0x257 (size before relaxing)
 .debug_str     0x000011ce       0xfe .\CortexM3\ARM_GCC_441\Debug\BitBanging.a(CySpc.o)
                                0x226 (size before relaxing)

.debug_loc      0x00000000     0x1e89
 *(.debug_loc)
 .debug_loc     0x00000000       0x8d .\CortexM3\ARM_GCC_441\Debug\main.o
 .debug_loc     0x0000008d       0x62 .\CortexM3\ARM_GCC_441\Debug\Cm3Start.o
 .debug_loc     0x000000ef      0xca0 .\CortexM3\ARM_GCC_441\Debug\BitBanging.a(CyLib.o)
 .debug_loc     0x00000d8f      0x32f .\CortexM3\ARM_GCC_441\Debug\BitBanging.a(cyPm.o)
 .debug_loc     0x000010be       0xc4 .\CortexM3\ARM_GCC_441\Debug\BitBanging.a(DataLine.o)
 .debug_loc     0x00001182       0xc4 .\CortexM3\ARM_GCC_441\Debug\BitBanging.a(ClockLine.o)
 .debug_loc     0x00001246       0xc4 .\CortexM3\ARM_GCC_441\Debug\BitBanging.a(FREX.o)
 .debug_loc     0x0000130a       0xc4 .\CortexM3\ARM_GCC_441\Debug\BitBanging.a(EXPST.o)
 .debug_loc     0x000013ce       0xc4 .\CortexM3\ARM_GCC_441\Debug\BitBanging.a(PWND.o)
 .debug_loc     0x00001492       0xc4 .\CortexM3\ARM_GCC_441\Debug\BitBanging.a(RST_B.o)
 .debug_loc     0x00001556      0x309 .\CortexM3\ARM_GCC_441\Debug\BitBanging.a(LCD_Char_1.o)
 .debug_loc     0x0000185f      0x1b8 .\CortexM3\ARM_GCC_441\Debug\BitBanging.a(cyfitter_cfg.o)
 .debug_loc     0x00001a17      0x24c .\CortexM3\ARM_GCC_441\Debug\BitBanging.a(CyFlash.o)
 .debug_loc     0x00001c63      0x226 .\CortexM3\ARM_GCC_441\Debug\BitBanging.a(CySpc.o)

.debug_macinfo
 *(.debug_macinfo)

.debug_ranges   0x00000000      0x5c0
 *(.debug_ranges)
 .debug_ranges  0x00000000       0x28 .\CortexM3\ARM_GCC_441\Debug\main.o
 .debug_ranges  0x00000028       0x28 .\CortexM3\ARM_GCC_441\Debug\Cm3Start.o
 .debug_ranges  0x00000050      0x210 .\CortexM3\ARM_GCC_441\Debug\BitBanging.a(CyLib.o)
 .debug_ranges  0x00000260       0x98 .\CortexM3\ARM_GCC_441\Debug\BitBanging.a(cyPm.o)
 .debug_ranges  0x000002f8       0x30 .\CortexM3\ARM_GCC_441\Debug\BitBanging.a(DataLine.o)
 .debug_ranges  0x00000328       0x30 .\CortexM3\ARM_GCC_441\Debug\BitBanging.a(ClockLine.o)
 .debug_ranges  0x00000358       0x30 .\CortexM3\ARM_GCC_441\Debug\BitBanging.a(FREX.o)
 .debug_ranges  0x00000388       0x30 .\CortexM3\ARM_GCC_441\Debug\BitBanging.a(EXPST.o)
 .debug_ranges  0x000003b8       0x30 .\CortexM3\ARM_GCC_441\Debug\BitBanging.a(PWND.o)
 .debug_ranges  0x000003e8       0x30 .\CortexM3\ARM_GCC_441\Debug\BitBanging.a(RST_B.o)
 .debug_ranges  0x00000418       0x88 .\CortexM3\ARM_GCC_441\Debug\BitBanging.a(LCD_Char_1.o)
 .debug_ranges  0x000004a0       0x50 .\CortexM3\ARM_GCC_441\Debug\BitBanging.a(cyfitter_cfg.o)
 .debug_ranges  0x000004f0       0x70 .\CortexM3\ARM_GCC_441\Debug\BitBanging.a(CyFlash.o)
 .debug_ranges  0x00000560       0x60 .\CortexM3\ARM_GCC_441\Debug\BitBanging.a(CySpc.o)

.debug_weaknames
 *(.debug_weaknames)

.debug_funcnames
 *(.debug_funcnames)

.debug_typenames
 *(.debug_typenames)

.debug_varnames
 *(.debug_varnames)

.note.gnu.arm.ident
 *(.note.gnu.arm.ident)

.ARM.attributes
                0x00000000       0x25
 *(.ARM.attributes)
 .ARM.attributes
                0x00000000       0x19 c:/program files/cypress/psoc creator/2.2/psoc creator/import/gnu_cs/arm/4.4.1/bin/../lib/gcc/arm-none-eabi/4.4.1/thumb2/crti.o
 .ARM.attributes
                0x00000019       0x29 c:/program files/cypress/psoc creator/2.2/psoc creator/import/gnu_cs/arm/4.4.1/bin/../lib/gcc/arm-none-eabi/4.4.1/thumb2/crtbegin.o
 .ARM.attributes
                0x00000042       0x31 .\CortexM3\ARM_GCC_441\Debug\main.o
 .ARM.attributes
                0x00000073       0x31 .\CortexM3\ARM_GCC_441\Debug\Cm3Start.o
 .ARM.attributes
                0x000000a4       0x31 .\CortexM3\ARM_GCC_441\Debug\BitBanging.a(CyLib.o)
 .ARM.attributes
                0x000000d5       0x31 .\CortexM3\ARM_GCC_441\Debug\BitBanging.a(cyPm.o)
 .ARM.attributes
                0x00000106       0x31 .\CortexM3\ARM_GCC_441\Debug\BitBanging.a(DataLine.o)
 .ARM.attributes
                0x00000137       0x31 .\CortexM3\ARM_GCC_441\Debug\BitBanging.a(ClockLine.o)
 .ARM.attributes
                0x00000168       0x31 .\CortexM3\ARM_GCC_441\Debug\BitBanging.a(FREX.o)
 .ARM.attributes
                0x00000199       0x31 .\CortexM3\ARM_GCC_441\Debug\BitBanging.a(EXPST.o)
 .ARM.attributes
                0x000001ca       0x31 .\CortexM3\ARM_GCC_441\Debug\BitBanging.a(PWND.o)
 .ARM.attributes
                0x000001fb       0x31 .\CortexM3\ARM_GCC_441\Debug\BitBanging.a(RST_B.o)
 .ARM.attributes
                0x0000022c       0x31 .\CortexM3\ARM_GCC_441\Debug\BitBanging.a(LCD_Char_1.o)
 .ARM.attributes
                0x0000025d       0x31 .\CortexM3\ARM_GCC_441\Debug\BitBanging.a(cyfitter_cfg.o)
 .ARM.attributes
                0x0000028e       0x21 .\CortexM3\ARM_GCC_441\Debug\BitBanging.a(CyBootAsmGnu.o)
 .ARM.attributes
                0x000002af       0x31 .\CortexM3\ARM_GCC_441\Debug\BitBanging.a(CyFlash.o)
 .ARM.attributes
                0x000002e0       0x31 .\CortexM3\ARM_GCC_441\Debug\BitBanging.a(CySpc.o)
 .ARM.attributes
                0x00000311       0x29 c:/program files/cypress/psoc creator/2.2/psoc creator/import/gnu_cs/arm/4.4.1/bin/../lib/gcc/arm-none-eabi/4.4.1/../../../../arm-none-eabi/lib/thumb2\libc.a(lib_a-memcpy.o)
 .ARM.attributes
                0x0000033a       0x29 c:/program files/cypress/psoc creator/2.2/psoc creator/import/gnu_cs/arm/4.4.1/bin/../lib/gcc/arm-none-eabi/4.4.1/../../../../arm-none-eabi/lib/thumb2\libc.a(lib_a-memset.o)
 .ARM.attributes
                0x00000363       0x29 c:/program files/cypress/psoc creator/2.2/psoc creator/import/gnu_cs/arm/4.4.1/bin/../lib/gcc/arm-none-eabi/4.4.1/thumb2/crtend.o
 .ARM.attributes
                0x0000038c       0x19 c:/program files/cypress/psoc creator/2.2/psoc creator/import/gnu_cs/arm/4.4.1/bin/../lib/gcc/arm-none-eabi/4.4.1/thumb2/crtn.o
 .ARM.attributes
                0x000003a5       0x29 c:/program files/cypress/psoc creator/2.2/psoc creator/import/gnu_cs/arm/4.4.1/bin/../lib/gcc/arm-none-eabi/4.4.1/../../../../arm-none-eabi/lib/thumb2\libcs3.a(start_c.o)
 .ARM.attributes
                0x000003ce       0x19 c:/program files/cypress/psoc creator/2.2/psoc creator/import/gnu_cs/arm/4.4.1/bin/../lib/gcc/arm-none-eabi/4.4.1/../../../../arm-none-eabi/lib/thumb2\libcs3micro.a(micro-vector.o)
 .ARM.attributes
                0x000003e7       0x19 c:/program files/cypress/psoc creator/2.2/psoc creator/import/gnu_cs/arm/4.4.1/bin/../lib/gcc/arm-none-eabi/4.4.1/../../../../arm-none-eabi/lib/thumb2\libcs3micro.a(micro_isr_interrupt.o)
 .ARM.attributes
                0x00000400       0x29 c:/program files/cypress/psoc creator/2.2/psoc creator/import/gnu_cs/arm/4.4.1/bin/../lib/gcc/arm-none-eabi/4.4.1/../../../../arm-none-eabi/lib/thumb2\libc.a(lib_a-init.o)

/DISCARD/
 *(.note.GNU-stack)
OUTPUT(.\CortexM3\ARM_GCC_441\Debug\BitBanging.elf elf32-littlearm)
