Archive member included because of file (symbol)

.\CortexM3\ARM_GCC_441\Debug\BitBanging.a(CyDmac.o)
                              .\CortexM3\ARM_GCC_441\Debug\Cm3Start.o (CyDmacConfigure)
.\CortexM3\ARM_GCC_441\Debug\BitBanging.a(CyLib.o)
                              .\CortexM3\ARM_GCC_441\Debug\Cm3Start.o (CyResetStatus)
.\CortexM3\ARM_GCC_441\Debug\BitBanging.a(cyPm.o)
                              .\CortexM3\ARM_GCC_441\Debug\BitBanging.a(CyLib.o) (CyPmReadStatus)
.\CortexM3\ARM_GCC_441\Debug\BitBanging.a(DataLine.o)
                              .\CortexM3\ARM_GCC_441\Debug\main.o (DataLine_Write)
.\CortexM3\ARM_GCC_441\Debug\BitBanging.a(ClockLine.o)
                              .\CortexM3\ARM_GCC_441\Debug\main.o (ClockLine_Write)
.\CortexM3\ARM_GCC_441\Debug\BitBanging.a(PWND.o)
                              .\CortexM3\ARM_GCC_441\Debug\main.o (PWND_Write)
.\CortexM3\ARM_GCC_441\Debug\BitBanging.a(RST_B.o)
                              .\CortexM3\ARM_GCC_441\Debug\main.o (RST_B_Write)
.\CortexM3\ARM_GCC_441\Debug\BitBanging.a(LCD_Char_1.o)
                              .\CortexM3\ARM_GCC_441\Debug\main.o (LCD_Char_1_WriteControl)
.\CortexM3\ARM_GCC_441\Debug\BitBanging.a(isr_VREF.o)
                              .\CortexM3\ARM_GCC_441\Debug\main.o (isr_VREF_Disable)
.\CortexM3\ARM_GCC_441\Debug\BitBanging.a(LED.o)
                              .\CortexM3\ARM_GCC_441\Debug\main.o (LED_Write)
.\CortexM3\ARM_GCC_441\Debug\BitBanging.a(USB.o)
                              .\CortexM3\ARM_GCC_441\Debug\main.o (USB_Start)
.\CortexM3\ARM_GCC_441\Debug\BitBanging.a(USB_drv.o)
                              .\CortexM3\ARM_GCC_441\Debug\BitBanging.a(USB.o) (USB_EP)
.\CortexM3\ARM_GCC_441\Debug\BitBanging.a(USB_episr.o)
                              .\CortexM3\ARM_GCC_441\Debug\BitBanging.a(USB.o) (USB_EP_1_ISR)
.\CortexM3\ARM_GCC_441\Debug\BitBanging.a(USB_std.o)
                              .\CortexM3\ARM_GCC_441\Debug\BitBanging.a(USB_drv.o) (USB_HandleStandardRqst)
.\CortexM3\ARM_GCC_441\Debug\BitBanging.a(USB_vnd.o)
                              .\CortexM3\ARM_GCC_441\Debug\BitBanging.a(USB_drv.o) (USB_HandleVendorRqst)
.\CortexM3\ARM_GCC_441\Debug\BitBanging.a(Pin_5.o)
                              .\CortexM3\ARM_GCC_441\Debug\main.o (Pin_5_Write)
.\CortexM3\ARM_GCC_441\Debug\BitBanging.a(DMA_dma.o)
                              .\CortexM3\ARM_GCC_441\Debug\main.o (DMA_DmaInitialize)
.\CortexM3\ARM_GCC_441\Debug\BitBanging.a(isr_DMA.o)
                              .\CortexM3\ARM_GCC_441\Debug\main.o (isr_DMA_Disable)
.\CortexM3\ARM_GCC_441\Debug\BitBanging.a(cyfitter_cfg.o)
                              .\CortexM3\ARM_GCC_441\Debug\Cm3Start.o (cyfitter_cfg)
.\CortexM3\ARM_GCC_441\Debug\BitBanging.a(CyBootAsmGnu.o)
                              .\CortexM3\ARM_GCC_441\Debug\BitBanging.a(CyLib.o) (CyDelayCycles)
.\CortexM3\ARM_GCC_441\Debug\BitBanging.a(CyFlash.o)
                              .\CortexM3\ARM_GCC_441\Debug\BitBanging.a(cyPm.o) (CyFlash_SetWaitCycles)
.\CortexM3\ARM_GCC_441\Debug\BitBanging.a(CySpc.o)
                              .\CortexM3\ARM_GCC_441\Debug\BitBanging.a(CyFlash.o) (CySpcStart)
.\CortexM3\ARM_GCC_441\Debug\BitBanging.a(USB_cls.o)
                              .\CortexM3\ARM_GCC_441\Debug\BitBanging.a(USB_drv.o) (USB_DispatchClassRqst)
.\CortexM3\ARM_GCC_441\Debug\BitBanging.a(USB_descr.o)
                              .\CortexM3\ARM_GCC_441\Debug\BitBanging.a(USB_std.o) (USB_STRING_DESCRIPTORS)
c:/program files/cypress/psoc creator/2.2/psoc creator/import/gnu_cs/arm/4.4.1/bin/../lib/gcc/arm-none-eabi/4.4.1/../../../../arm-none-eabi/lib/thumb2\libc.a(lib_a-memcpy.o)
                              .\CortexM3\ARM_GCC_441\Debug\BitBanging.a(cyfitter_cfg.o) (memcpy)
c:/program files/cypress/psoc creator/2.2/psoc creator/import/gnu_cs/arm/4.4.1/bin/../lib/gcc/arm-none-eabi/4.4.1/../../../../arm-none-eabi/lib/thumb2\libc.a(lib_a-memset.o)
                              .\CortexM3\ARM_GCC_441\Debug\BitBanging.a(cyfitter_cfg.o) (memset)
c:/program files/cypress/psoc creator/2.2/psoc creator/import/gnu_cs/arm/4.4.1/bin/../lib/gcc/arm-none-eabi/4.4.1/../../../../arm-none-eabi/lib/thumb2\libcs3.a(start_c.o)
                              (__cs3_start_c)
c:/program files/cypress/psoc creator/2.2/psoc creator/import/gnu_cs/arm/4.4.1/bin/../lib/gcc/arm-none-eabi/4.4.1/../../../../arm-none-eabi/lib/thumb2\libcs3micro.a(micro-vector.o)
                              (__cs3_interrupt_vector_micro)
c:/program files/cypress/psoc creator/2.2/psoc creator/import/gnu_cs/arm/4.4.1/bin/../lib/gcc/arm-none-eabi/4.4.1/../../../../arm-none-eabi/lib/thumb2\libcs3micro.a(micro_isr_interrupt.o)
                              (__cs3_isr_nmi)
c:/program files/cypress/psoc creator/2.2/psoc creator/import/gnu_cs/arm/4.4.1/bin/../lib/gcc/arm-none-eabi/4.4.1/../../../../arm-none-eabi/lib/thumb2\libc.a(lib_a-init.o)
[...]
Memory Configuration

Name             Origin             Length             Attributes
rom              0x00000000         0x00040000         xr
ram              0x1fff8000         0x0000b000         xrw
*default*        0x00000000         0xffffffff

Linker script and memory map

LOAD c:/program files/cypress/psoc creator/2.2/psoc creator/import/gnu_cs/arm/4.4.1/bin/../lib/gcc/arm-none-eabi/4.4.1/thumb2/crti.o
LOAD c:/program files/cypress/psoc creator/2.2/psoc creator/import/gnu_cs/arm/4.4.1/bin/../lib/gcc/arm-none-eabi/4.4.1/thumb2/crtbegin.o
START GROUP
LOAD .\CortexM3\ARM_GCC_441\Debug\main.o
LOAD .\CortexM3\ARM_GCC_441\Debug\Cm3Start.o
LOAD .\CortexM3\ARM_GCC_441\Debug\BitBanging.a
LOAD C:\Program Files\Cypress\PSoC Creator\2.2\PSoC Creator\psoc\content\cycomponentlibrary\CyComponentLibrary.cylib\CortexM3\ARM_GCC_441\Debug\CyComponentLibrary.a
END GROUP
START GROUP
LOAD c:/program files/cypress/psoc creator/2.2/psoc creator/import/gnu_cs/arm/4.4.1/bin/../lib/gcc/arm-none-eabi/4.4.1/thumb2\libgcc.a
LOAD c:/program files/cypress/psoc creator/2.2/psoc creator/import/gnu_cs/arm/4.4.1/bin/../lib/gcc/arm-none-eabi/4.4.1/../../../../arm-none-eabi/lib/thumb2\libc.a
END GROUP
LOAD c:/program files/cypress/psoc creator/2.2/psoc creator/import/gnu_cs/arm/4.4.1/bin/../lib/gcc/arm-none-eabi/4.4.1/thumb2/crtend.o
LOAD c:/program files/cypress/psoc creator/2.2/psoc creator/import/gnu_cs/arm/4.4.1/bin/../lib/gcc/arm-none-eabi/4.4.1/thumb2/crtn.o
START GROUP
LOAD c:/program files/cypress/psoc creator/2.2/psoc creator/import/gnu_cs/arm/4.4.1/bin/../lib/gcc/arm-none-eabi/4.4.1/thumb2\libgcc.a
LOAD c:/program files/cypress/psoc creator/2.2/psoc creator/import/gnu_cs/arm/4.4.1/bin/../lib/gcc/arm-none-eabi/4.4.1/../../../../arm-none-eabi/lib/thumb2\libc.a
LOAD c:/program files/cypress/psoc creator/2.2/psoc creator/import/gnu_cs/arm/4.4.1/bin/../lib/gcc/arm-none-eabi/4.4.1/../../../../arm-none-eabi/lib/thumb2\libcs3.a
LOAD c:/program files/cypress/psoc creator/2.2/psoc creator/import/gnu_cs/arm/4.4.1/bin/../lib/gcc/arm-none-eabi/4.4.1/../../../../arm-none-eabi/lib/thumb2\libcs3unhosted.a
LOAD c:/program files/cypress/psoc creator/2.2/psoc creator/import/gnu_cs/arm/4.4.1/bin/../lib/gcc/arm-none-eabi/4.4.1/../../../../arm-none-eabi/lib/thumb2\libcs3micro.a
END GROUP
                0x1fff83c8                PROVIDE (__cs3_heap_start, _end)
                0x00000001                PROVIDE (__cs3_region_num, ((__cs3_regions_end - __cs3_regions) / 0x14))
                0x20008000                PROVIDE (__cs3_stack, 0x20008000)
                0x20004000                PROVIDE (__cs3_heap_end, (__cs3_stack - 0x4000))

.text           0x00000000     0x43a0
 CREATE_OBJECT_SYMBOLS
                0x00000000                __cs3_interrupt_vector = __cs3_interrupt_vector_micro
 *(.cs3.interrupt_vector)
 .cs3.interrupt_vector
                0x00000000       0xc0 c:/program files/cypress/psoc creator/2.2/psoc creator/import/gnu_cs/arm/4.4.1/bin/../lib/gcc/arm-none-eabi/4.4.1/../../../../arm-none-eabi/lib/thumb2\libcs3micro.a(micro-vector.o)
                0x00000000                __cs3_interrupt_vector_micro
                0x00000001                ASSERT ((. != __cs3_interrupt_vector_micro), No interrupt vector)
                0x000006cc                PROVIDE (__cs3_reset, Reset)
 *(.cs3.reset)
                0x00000001                ASSERT ((. != __cs3_reset), No reset code)
 *(.dma_init)
                0x00000001                ASSERT ((((0x0 + .) <= 0x10000) || 0x1), DMA Init must be within the first 64k of flash)
 *(.text.cs3.init)
 .text.cs3.init
                0x000000c0       0x5c c:/program files/cypress/psoc creator/2.2/psoc creator/import/gnu_cs/arm/4.4.1/bin/../lib/gcc/arm-none-eabi/4.4.1/../../../../arm-none-eabi/lib/thumb2\libcs3.a(start_c.o)
                0x000000c0                __cs3_start_c
 *(.text .text.* .gnu.linkonce.t.*)
 .text          0x0000011c       0x30 c:/program files/cypress/psoc creator/2.2/psoc creator/import/gnu_cs/arm/4.4.1/bin/../lib/gcc/arm-none-eabi/4.4.1/thumb2/crtbegin.o
 .text.pump     0x0000014c       0x30 .\CortexM3\ARM_GCC_441\Debug\main.o
                0x0000014c                pump
 .text.endSeq   0x0000017c       0x28 .\CortexM3\ARM_GCC_441\Debug\main.o
                0x0000017c                endSeq
 .text.startSeq
                0x000001a4       0x28 .\CortexM3\ARM_GCC_441\Debug\main.o
                0x000001a4                startSeq
 .text.SccbWritePhase1
                0x000001cc       0x98 .\CortexM3\ARM_GCC_441\Debug\main.o
                0x000001cc                SccbWritePhase1
 .text.SccbWrite
                0x00000264       0x68 .\CortexM3\ARM_GCC_441\Debug\main.o
                0x00000264                SccbWrite
 .text.SccbRead
                0x000002cc       0xb8 .\CortexM3\ARM_GCC_441\Debug\main.o
                0x000002cc                SccbRead
 .text.CameraConfig
                0x00000384       0x74 .\CortexM3\ARM_GCC_441\Debug\main.o
                0x00000384                CameraConfig
 .text.DMA_Config
                0x000003f8       0x94 .\CortexM3\ARM_GCC_441\Debug\main.o
                0x000003f8                DMA_Config
 .text.sendData
                0x0000048c       0xd8 .\CortexM3\ARM_GCC_441\Debug\main.o
                0x0000048c                sendData
 .text.VREF_Interrupt
                0x00000564       0x2c .\CortexM3\ARM_GCC_441\Debug\main.o
                0x00000564                VREF_Interrupt
 .text.DMA_Interrupt
                0x00000590       0x18 .\CortexM3\ARM_GCC_441\Debug\main.o
                0x00000590                DMA_Interrupt
 .text.main     0x000005a8      0x124 .\CortexM3\ARM_GCC_441\Debug\main.o
                0x000005a8                main
 .text.Reset    0x000006cc       0x24 .\CortexM3\ARM_GCC_441\Debug\Cm3Start.o
                0x000006cc                Reset
 .text.initialize_psoc
                0x000006f0       0xa0 .\CortexM3\ARM_GCC_441\Debug\Cm3Start.o
                0x000006f0                initialize_psoc
 .text.CyDmacConfigure
                0x00000790       0x70 .\CortexM3\ARM_GCC_441\Debug\BitBanging.a(CyDmac.o)
                0x00000790                CyDmacConfigure
 .text.CyDmaChEnable
                0x00000800       0x70 .\CortexM3\ARM_GCC_441\Debug\BitBanging.a(CyDmac.o)
                0x00000800                CyDmaChEnable
 .text.CyDmaChDisable
                0x00000870       0x54 .\CortexM3\ARM_GCC_441\Debug\BitBanging.a(CyDmac.o)
                0x00000870                CyDmaChDisable
 .text.CyDmaClearPendingDrq
                0x000008c4       0x84 .\CortexM3\ARM_GCC_441\Debug\BitBanging.a(CyDmac.o)
                0x000008c4                CyDmaClearPendingDrq
 .text.CyDmaChPriority
                0x00000948       0x70 .\CortexM3\ARM_GCC_441\Debug\BitBanging.a(CyDmac.o)
                0x00000948                CyDmaChPriority
 .text.CyDmaChSetExtendedAddress
                0x000009b8       0x88 .\CortexM3\ARM_GCC_441\Debug\BitBanging.a(CyDmac.o)
                0x000009b8                CyDmaChSetExtendedAddress
 .text.CyDmaChSetInitialTd
                0x00000a40       0x44 .\CortexM3\ARM_GCC_441\Debug\BitBanging.a(CyDmac.o)
                0x00000a40                CyDmaChSetInitialTd
 .text.CyDmaChSetConfiguration
                0x00000a84       0xa0 .\CortexM3\ARM_GCC_441\Debug\BitBanging.a(CyDmac.o)
                0x00000a84                CyDmaChSetConfiguration
 .text.CyDmaTdAllocate
                0x00000b24       0x78 .\CortexM3\ARM_GCC_441\Debug\BitBanging.a(CyDmac.o)
                0x00000b24                CyDmaTdAllocate
 .text.CyDmaTdSetConfiguration
                0x00000b9c       0x74 .\CortexM3\ARM_GCC_441\Debug\BitBanging.a(CyDmac.o)
                0x00000b9c                CyDmaTdSetConfiguration
 .text.CyDmaTdSetAddress
                0x00000c10       0x68 .\CortexM3\ARM_GCC_441\Debug\BitBanging.a(CyDmac.o)
                0x00000c10                CyDmaTdSetAddress
 .text.CyHalt   0x00000c78       0x18 .\CortexM3\ARM_GCC_441\Debug\BitBanging.a(CyLib.o)
                0x00000c78                CyHalt
 .text.CyDelay  0x00000c90       0x48 .\CortexM3\ARM_GCC_441\Debug\BitBanging.a(CyLib.o)
                0x00000c90                CyDelay
 .text.CyDelayUs
                0x00000cd8       0x28 .\CortexM3\ARM_GCC_441\Debug\BitBanging.a(CyLib.o)
                0x00000cd8                CyDelayUs
 .text.CyIntSetVector
                0x00000d00       0x60 .\CortexM3\ARM_GCC_441\Debug\BitBanging.a(CyLib.o)
                0x00000d00                CyIntSetVector
 .text.CyIntSetPriority
                0x00000d60       0x4c .\CortexM3\ARM_GCC_441\Debug\BitBanging.a(CyLib.o)
                0x00000d60                CyIntSetPriority
 .text.DataLine_Write
                0x00000dac       0x44 .\CortexM3\ARM_GCC_441\Debug\BitBanging.a(DataLine.o)
                0x00000dac                DataLine_Write
 .text.DataLine_Read
                0x00000df0       0x24 .\CortexM3\ARM_GCC_441\Debug\BitBanging.a(DataLine.o)
                0x00000df0                DataLine_Read
 .text.ClockLine_Write
                0x00000e14       0x44 .\CortexM3\ARM_GCC_441\Debug\BitBanging.a(ClockLine.o)
                0x00000e14                ClockLine_Write
 .text.PWND_Write
                0x00000e58       0x44 .\CortexM3\ARM_GCC_441\Debug\BitBanging.a(PWND.o)
                0x00000e58                PWND_Write
 .text.RST_B_Write
                0x00000e9c       0x44 .\CortexM3\ARM_GCC_441\Debug\BitBanging.a(RST_B.o)
                0x00000e9c                RST_B_Write
 .text.LCD_Char_1_Init
                0x00000ee0       0x90 .\CortexM3\ARM_GCC_441\Debug\BitBanging.a(LCD_Char_1.o)
                0x00000ee0                LCD_Char_1_Init
 .text.LCD_Char_1_Enable
                0x00000f70       0x1c .\CortexM3\ARM_GCC_441\Debug\BitBanging.a(LCD_Char_1.o)
                0x00000f70                LCD_Char_1_Enable
 .text.LCD_Char_1_Start
                0x00000f8c       0x2c .\CortexM3\ARM_GCC_441\Debug\BitBanging.a(LCD_Char_1.o)
                0x00000f8c                LCD_Char_1_Start
 .text.LCD_Char_1_PrintString
                0x00000fb8       0x40 .\CortexM3\ARM_GCC_441\Debug\BitBanging.a(LCD_Char_1.o)
                0x00000fb8                LCD_Char_1_PrintString
 .text.LCD_Char_1_WriteData
                0x00000ff8       0x38 .\CortexM3\ARM_GCC_441\Debug\BitBanging.a(LCD_Char_1.o)
                0x00000ff8                LCD_Char_1_WriteData
 .text.LCD_Char_1_WriteControl
                0x00001030       0x38 .\CortexM3\ARM_GCC_441\Debug\BitBanging.a(LCD_Char_1.o)
                0x00001030                LCD_Char_1_WriteControl
 .text.LCD_Char_1_IsReady
                0x00001068      0x1f4 .\CortexM3\ARM_GCC_441\Debug\BitBanging.a(LCD_Char_1.o)
                0x00001068                LCD_Char_1_IsReady
 .text.LCD_Char_1_WrDatNib
                0x0000125c       0xac .\CortexM3\ARM_GCC_441\Debug\BitBanging.a(LCD_Char_1.o)
 .text.LCD_Char_1_WrCntrlNib
                0x00001308       0x8c .\CortexM3\ARM_GCC_441\Debug\BitBanging.a(LCD_Char_1.o)
 .text.LCD_Char_1_PrintNumber
                0x00001394      0x110 .\CortexM3\ARM_GCC_441\Debug\BitBanging.a(LCD_Char_1.o)
                0x00001394                LCD_Char_1_PrintNumber
 .text.isr_VREF_StartEx
                0x000014a4       0x28 .\CortexM3\ARM_GCC_441\Debug\BitBanging.a(isr_VREF.o)
                0x000014a4                isr_VREF_StartEx
 .text.isr_VREF_SetVector
                0x000014cc       0x28 .\CortexM3\ARM_GCC_441\Debug\BitBanging.a(isr_VREF.o)
                0x000014cc                isr_VREF_SetVector
 .text.isr_VREF_SetPriority
                0x000014f4       0x28 .\CortexM3\ARM_GCC_441\Debug\BitBanging.a(isr_VREF.o)
                0x000014f4                isr_VREF_SetPriority
 .text.isr_VREF_Enable
                0x0000151c       0x18 .\CortexM3\ARM_GCC_441\Debug\BitBanging.a(isr_VREF.o)
                0x0000151c                isr_VREF_Enable
 .text.isr_VREF_Disable
                0x00001534       0x18 .\CortexM3\ARM_GCC_441\Debug\BitBanging.a(isr_VREF.o)
                0x00001534                isr_VREF_Disable
 .text.isr_VREF_ClearPending
                0x0000154c       0x18 .\CortexM3\ARM_GCC_441\Debug\BitBanging.a(isr_VREF.o)
                0x0000154c                isr_VREF_ClearPending
 .text.LED_Write
                0x00001564       0x44 .\CortexM3\ARM_GCC_441\Debug\BitBanging.a(LED.o)
                0x00001564                LED_Write
 .text.USB_Start
                0x000015a8       0x44 .\CortexM3\ARM_GCC_441\Debug\BitBanging.a(USB.o)
                0x000015a8                USB_Start
 .text.USB_Init
                0x000015ec      0x210 .\CortexM3\ARM_GCC_441\Debug\BitBanging.a(USB.o)
                0x000015ec                USB_Init
 .text.USB_InitComponent
                0x000017fc      0x128 .\CortexM3\ARM_GCC_441\Debug\BitBanging.a(USB.o)
                0x000017fc                USB_InitComponent
 .text.USB_ReInitComponent
                0x00001924       0x88 .\CortexM3\ARM_GCC_441\Debug\BitBanging.a(USB.o)
                0x00001924                USB_ReInitComponent
 .text.USB_GetConfiguration
                0x000019ac       0x18 .\CortexM3\ARM_GCC_441\Debug\BitBanging.a(USB.o)
                0x000019ac                USB_GetConfiguration
 .text.USB_GetEPState
                0x000019c4       0x34 .\CortexM3\ARM_GCC_441\Debug\BitBanging.a(USB.o)
                0x000019c4                USB_GetEPState
 .text.USB_GetEPCount
                0x000019f8       0x70 .\CortexM3\ARM_GCC_441\Debug\BitBanging.a(USB.o)
                0x000019f8                USB_GetEPCount
 .text.USB_LoadInEP
                0x00001a68      0x158 .\CortexM3\ARM_GCC_441\Debug\BitBanging.a(USB.o)
                0x00001a68                USB_LoadInEP
 .text.USB_ReadOutEP
                0x00001bc0       0x98 .\CortexM3\ARM_GCC_441\Debug\BitBanging.a(USB.o)
                0x00001bc0                USB_ReadOutEP
 .text.USB_EnableOutEP
                0x00001c58       0x78 .\CortexM3\ARM_GCC_441\Debug\BitBanging.a(USB.o)
                0x00001c58                USB_EnableOutEP
 .text.USB_EP_0_ISR
                0x00001cd0      0x144 .\CortexM3\ARM_GCC_441\Debug\BitBanging.a(USB_drv.o)
                0x00001cd0                USB_EP_0_ISR
 .text.USB_HandleSetup
                0x00001e14       0xa4 .\CortexM3\ARM_GCC_441\Debug\BitBanging.a(USB_drv.o)
                0x00001e14                USB_HandleSetup
 .text.USB_HandleIN
                0x00001eb8       0x4c .\CortexM3\ARM_GCC_441\Debug\BitBanging.a(USB_drv.o)
                0x00001eb8                USB_HandleIN
 .text.USB_HandleOUT
                0x00001f04       0x5c .\CortexM3\ARM_GCC_441\Debug\BitBanging.a(USB_drv.o)
                0x00001f04                USB_HandleOUT
 .text.USB_LoadEP0
                0x00001f60      0x15c .\CortexM3\ARM_GCC_441\Debug\BitBanging.a(USB_drv.o)
                0x00001f60                USB_LoadEP0
 .text.USB_InitControlRead
                0x000020bc       0x94 .\CortexM3\ARM_GCC_441\Debug\BitBanging.a(USB_drv.o)
                0x000020bc                USB_InitControlRead
 .text.USB_InitZeroLengthControlTransfer
                0x00002150       0x58 .\CortexM3\ARM_GCC_441\Debug\BitBanging.a(USB_drv.o)
                0x00002150                USB_InitZeroLengthControlTransfer
 .text.USB_ControlReadDataStage
                0x000021a8        0xc .\CortexM3\ARM_GCC_441\Debug\BitBanging.a(USB_drv.o)
                0x000021a8                USB_ControlReadDataStage
 .text.USB_ControlReadStatusStage
                0x000021b4       0x54 .\CortexM3\ARM_GCC_441\Debug\BitBanging.a(USB_drv.o)
                0x000021b4                USB_ControlReadStatusStage
 .text.USB_ControlWriteDataStage
                0x00002208      0x114 .\CortexM3\ARM_GCC_441\Debug\BitBanging.a(USB_drv.o)
                0x00002208                USB_ControlWriteDataStage
 .text.USB_ControlWriteStatusStage
                0x0000231c       0x2c .\CortexM3\ARM_GCC_441\Debug\BitBanging.a(USB_drv.o)
                0x0000231c                USB_ControlWriteStatusStage
 .text.USB_InitNoDataControlTransfer
                0x00002348       0x48 .\CortexM3\ARM_GCC_441\Debug\BitBanging.a(USB_drv.o)
                0x00002348                USB_InitNoDataControlTransfer
 .text.USB_NoDataControlStatusStage
                0x00002390       0x68 .\CortexM3\ARM_GCC_441\Debug\BitBanging.a(USB_drv.o)
                0x00002390                USB_NoDataControlStatusStage
 .text.USB_UpdateStatusBlock
                0x000023f8       0x58 .\CortexM3\ARM_GCC_441\Debug\BitBanging.a(USB_drv.o)
                0x000023f8                USB_UpdateStatusBlock
 .text.USB_InitializeStatusBlock
                0x00002450       0x48 .\CortexM3\ARM_GCC_441\Debug\BitBanging.a(USB_drv.o)
                0x00002450                USB_InitializeStatusBlock
 .text.USB_EP_1_ISR
                0x00002498       0x70 .\CortexM3\ARM_GCC_441\Debug\BitBanging.a(USB_episr.o)
                0x00002498                USB_EP_1_ISR
 .text.USB_EP_2_ISR
                0x00002508       0x70 .\CortexM3\ARM_GCC_441\Debug\BitBanging.a(USB_episr.o)
                0x00002508                USB_EP_2_ISR
 .text.USB_SOF_ISR
                0x00002578        0xc .\CortexM3\ARM_GCC_441\Debug\BitBanging.a(USB_episr.o)
                0x00002578                USB_SOF_ISR
 .text.USB_BUS_RESET_ISR
                0x00002584        0xc .\CortexM3\ARM_GCC_441\Debug\BitBanging.a(USB_episr.o)
                0x00002584                USB_BUS_RESET_ISR
 .text.USB_HandleStandardRqst
                0x00002590      0x5d4 .\CortexM3\ARM_GCC_441\Debug\BitBanging.a(USB_std.o)
                0x00002590                USB_HandleStandardRqst
 .text.USB_ConfigReg
                0x00002b64      0x208 .\CortexM3\ARM_GCC_441\Debug\BitBanging.a(USB_std.o)
                0x00002b64                USB_ConfigReg
 .text.USB_Config
                0x00002d6c      0x438 .\CortexM3\ARM_GCC_441\Debug\BitBanging.a(USB_std.o)
                0x00002d6c                USB_Config
 .text.USB_ConfigAltChanged
                0x000031a4      0x360 .\CortexM3\ARM_GCC_441\Debug\BitBanging.a(USB_std.o)
                0x000031a4                USB_ConfigAltChanged
 .text.USB_GetConfigTablePtr
                0x00003504       0x2c .\CortexM3\ARM_GCC_441\Debug\BitBanging.a(USB_std.o)
                0x00003504                USB_GetConfigTablePtr
 .text.USB_GetDeviceTablePtr
                0x00003530       0x28 .\CortexM3\ARM_GCC_441\Debug\BitBanging.a(USB_std.o)
                0x00003530                USB_GetDeviceTablePtr
 .text.USB_GetInterfaceClassTablePtr
                0x00003558       0x50 .\CortexM3\ARM_GCC_441\Debug\BitBanging.a(USB_std.o)
                0x00003558                USB_GetInterfaceClassTablePtr
 .text.USB_SetEndpointHalt
                0x000035a8      0x130 .\CortexM3\ARM_GCC_441\Debug\BitBanging.a(USB_std.o)
                0x000035a8                USB_SetEndpointHalt
 .text.USB_ClearEndpointHalt
                0x000036d8      0x1b8 .\CortexM3\ARM_GCC_441\Debug\BitBanging.a(USB_std.o)
                0x000036d8                USB_ClearEndpointHalt
 .text.USB_ValidateAlternateSetting
                0x00003890       0x94 .\CortexM3\ARM_GCC_441\Debug\BitBanging.a(USB_std.o)
                0x00003890                USB_ValidateAlternateSetting
 .text.USB_HandleVendorRqst
                0x00003924       0x38 .\CortexM3\ARM_GCC_441\Debug\BitBanging.a(USB_vnd.o)
                0x00003924                USB_HandleVendorRqst
 .text.Pin_5_Write
                0x0000395c       0x44 .\CortexM3\ARM_GCC_441\Debug\BitBanging.a(Pin_5.o)
                0x0000395c                Pin_5_Write
 .text.DMA_DmaInitialize
                0x000039a0       0x84 .\CortexM3\ARM_GCC_441\Debug\BitBanging.a(DMA_dma.o)
                0x000039a0                DMA_DmaInitialize
 .text.isr_DMA_StartEx
                0x00003a24       0x28 .\CortexM3\ARM_GCC_441\Debug\BitBanging.a(isr_DMA.o)
                0x00003a24                isr_DMA_StartEx
 .text.isr_DMA_SetVector
                0x00003a4c       0x28 .\CortexM3\ARM_GCC_441\Debug\BitBanging.a(isr_DMA.o)
                0x00003a4c                isr_DMA_SetVector
 .text.isr_DMA_SetPriority
                0x00003a74       0x28 .\CortexM3\ARM_GCC_441\Debug\BitBanging.a(isr_DMA.o)
                0x00003a74                isr_DMA_SetPriority
 .text.isr_DMA_Enable
                0x00003a9c       0x18 .\CortexM3\ARM_GCC_441\Debug\BitBanging.a(isr_DMA.o)
                0x00003a9c                isr_DMA_Enable
 .text.isr_DMA_Disable
                0x00003ab4       0x18 .\CortexM3\ARM_GCC_441\Debug\BitBanging.a(isr_DMA.o)
                0x00003ab4                isr_DMA_Disable
 .text.CYMEMZERO
                0x00003acc       0x20 .\CortexM3\ARM_GCC_441\Debug\BitBanging.a(cyfitter_cfg.o)
 .text.CYCONFIGCPY
                0x00003aec       0x20 .\CortexM3\ARM_GCC_441\Debug\BitBanging.a(cyfitter_cfg.o)
 .text.cfg_write_bytes32
                0x00003b0c       0x84 .\CortexM3\ARM_GCC_441\Debug\BitBanging.a(cyfitter_cfg.o)
 .text.ClockSetup
                0x00003b90      0x160 .\CortexM3\ARM_GCC_441\Debug\BitBanging.a(cyfitter_cfg.o)
 .text.AnalogSetDefault
                0x00003cf0       0x4c .\CortexM3\ARM_GCC_441\Debug\BitBanging.a(cyfitter_cfg.o)
 .text.cyfitter_cfg
                0x00003d3c      0x2e0 .\CortexM3\ARM_GCC_441\Debug\BitBanging.a(cyfitter_cfg.o)
                0x00003d3c                cyfitter_cfg
 *fill*         0x0000401c        0x4 00
 .text          0x00004020       0x20 .\CortexM3\ARM_GCC_441\Debug\BitBanging.a(CyBootAsmGnu.o)
                0x00004020                CyDelayCycles
                0x00004030                CyEnterCriticalSection
                0x00004038                CyExitCriticalSection
 .text.USB_DispatchClassRqst
                0x00004040       0x78 .\CortexM3\ARM_GCC_441\Debug\BitBanging.a(USB_cls.o)
                0x00004040                USB_DispatchClassRqst
 .text          0x000040b8      0x190 c:/program files/cypress/psoc creator/2.2/psoc creator/import/gnu_cs/arm/4.4.1/bin/../lib/gcc/arm-none-eabi/4.4.1/../../../../arm-none-eabi/lib/thumb2\libc.a(lib_a-memcpy.o)
                0x000040b8                memcpy
 .text          0x00004248       0xd4 c:/program files/cypress/psoc creator/2.2/psoc creator/import/gnu_cs/arm/4.4.1/bin/../lib/gcc/arm-none-eabi/4.4.1/../../../../arm-none-eabi/lib/thumb2\libc.a(lib_a-memset.o)
                0x00004248                memset
 .text          0x0000431c       0x30 c:/program files/cypress/psoc creator/2.2/psoc creator/import/gnu_cs/arm/4.4.1/bin/../lib/gcc/arm-none-eabi/4.4.1/../../../../arm-none-eabi/lib/thumb2\libcs3.a(start_c.o)
                0x0000431c                __cs3_premain
 .text          0x0000434c        0x2 c:/program files/cypress/psoc creator/2.2/psoc creator/import/gnu_cs/arm/4.4.1/bin/../lib/gcc/arm-none-eabi/4.4.1/../../../../arm-none-eabi/lib/thumb2\libcs3micro.a(micro_isr_interrupt.o)
                0x0000434c                __cs3_isr_external_24
                0x0000434c                __cs3_isr_external_9
                0x0000434c                __cs3_isr_external_14
                0x0000434c                __cs3_isr_reserved_9
                0x0000434c                __cs3_isr_external_4
                0x0000434c                __cs3_isr_external_21
                0x0000434c                __cs3_isr_external_0
                0x0000434c                __cs3_isr_external_27
                0x0000434c                __cs3_isr_external_11
                0x0000434c                __cs3_isr_usage_fault
                0x0000434c                __cs3_isr_svcall
                0x0000434c                __cs3_isr_external_3
                0x0000434c                __cs3_isr_mpu_fault
                0x0000434c                __cs3_isr_external_16
                0x0000434c                __cs3_isr_pendsv
                0x0000434c                __cs3_isr_external_31
                0x0000434c                __cs3_isr_nmi
                0x0000434c                __cs3_isr_external_5
                0x0000434c                __cs3_isr_external_6
                0x0000434c                __cs3_isr_external_12
                0x0000434c                __cs3_isr_hard_fault
                0x0000434c                __cs3_isr_bus_fault
                0x0000434c                __cs3_isr_external_1
                0x0000434c                __cs3_isr_external_13
                0x0000434c                __cs3_isr_external_30
                0x0000434c                __cs3_isr_external_23
                0x0000434c                __cs3_isr_external_20
                0x0000434c                __cs3_isr_debug
                0x0000434c                __cs3_isr_reserved_13
                0x0000434c                __cs3_isr_external_8
                0x0000434c                __cs3_isr_external_26
                0x0000434c                __cs3_isr_reserved_8
                0x0000434c                __cs3_isr_reserved_7
                0x0000434c                __cs3_isr_external_7
                0x0000434c                __cs3_isr_external_28
                0x0000434c                __cs3_isr_systick
                0x0000434c                __cs3_isr_external_22
                0x0000434c                __cs3_isr_external_10
                0x0000434c                __cs3_isr_external_15
                0x0000434c                __cs3_isr_interrupt
                0x0000434c                __cs3_isr_external_18
                0x0000434c                __cs3_isr_external_29
                0x0000434c                __cs3_isr_external_25
                0x0000434c                __cs3_isr_reserved_10
                0x0000434c                __cs3_isr_external_2
                0x0000434c                __cs3_isr_external_17
                0x0000434c                __cs3_isr_external_19
 *fill*         0x0000434e        0x2 00
 .text          0x00004350       0x50 c:/program files/cypress/psoc creator/2.2/psoc creator/import/gnu_cs/arm/4.4.1/bin/../lib/gcc/arm-none-eabi/4.4.1/../../../../arm-none-eabi/lib/thumb2\libc.a(lib_a-init.o)
                0x00004350                __libc_init_array
 *(.plt)
 *(.gnu.warning)
 *(.glue_7t)
 .glue_7t       0x00000000        0x0 linker stubs
 *(.glue_7)
 .glue_7        0x00000000        0x0 linker stubs
 *(.vfp11_veneer)
 .vfp11_veneer  0x00000000        0x0 linker stubs
 *(.bootloader)
 *(.ARM.extab* .gnu.linkonce.armextab.*)
 *(.gcc_except_table)

.v4_bx          0x000043a0        0x0
 .v4_bx         0x00000000        0x0 linker stubs

.eh_frame_hdr
 *(.eh_frame_hdr)

.eh_frame
 *(.eh_frame)
                0x000043a0                PROVIDE (__exidx_start, .)

.ARM.exidx
 *(.ARM.exidx* .gnu.linkonce.armexidx.*)
                0x000043a0                __exidx_end = .

.rodata         0x000043a0      0x138
 *(.rodata .rodata.* .gnu.linkonce.r.*)
 .rodata        0x000043a0       0x40 .\CortexM3\ARM_GCC_441\Debug\BitBanging.a(cyfitter_cfg.o)
 .rodata        0x000043e0       0xc0 .\CortexM3\ARM_GCC_441\Debug\BitBanging.a(USB_descr.o)
                0x000043e0                USB_DEVICE0_DESCR
                0x000043f4                USB_DEVICE0_CONFIGURATION0_DESCR
                0x00004414                USB_STRING_DESCRIPTORS
                0x00004454                USB_DEVICE0_CONFIGURATION0_EP_SETTINGS_TABLE
                0x00004464                USB_DEVICE0_CONFIGURATION0_INTERFACE_CLASS
                0x00004468                USB_DEVICE0_CONFIGURATION0_TABLE
                0x00004488                USB_DEVICE0_TABLE
                0x00004498                USB_TABLE
                0x000044a0                . = ALIGN (0x4)
 *(.init)
 .init          0x000044a0        0x4 c:/program files/cypress/psoc creator/2.2/psoc creator/import/gnu_cs/arm/4.4.1/bin/../lib/gcc/arm-none-eabi/4.4.1/thumb2/crti.o
                0x000044a0                _init
 .init          0x000044a4        0x8 c:/program files/cypress/psoc creator/2.2/psoc creator/import/gnu_cs/arm/4.4.1/bin/../lib/gcc/arm-none-eabi/4.4.1/thumb2/crtn.o
                0x000044ac                . = ALIGN (0x4)
                0x000044ac                __preinit_array_start = .
 *(.preinit_array)
                0x000044ac                __preinit_array_end = .
                0x000044ac                . = ALIGN (0x4)
                0x000044ac                __init_array_start = .
 *(SORT(.init_array.*))
 *(.init_array)
 .init_array    0x000044ac        0x4 c:/program files/cypress/psoc creator/2.2/psoc creator/import/gnu_cs/arm/4.4.1/bin/../lib/gcc/arm-none-eabi/4.4.1/thumb2/crtbegin.o
 .init_array    0x000044b0        0x4 .\CortexM3\ARM_GCC_441\Debug\Cm3Start.o
                0x000044b4                __init_array_end = .
                0x000044b4                . = ALIGN (0x4)
 *(.fini)
 .fini          0x000044b4        0x4 c:/program files/cypress/psoc creator/2.2/psoc creator/import/gnu_cs/arm/4.4.1/bin/../lib/gcc/arm-none-eabi/4.4.1/thumb2/crti.o
                0x000044b4                _fini
 .fini          0x000044b8        0x8 c:/program files/cypress/psoc creator/2.2/psoc creator/import/gnu_cs/arm/4.4.1/bin/../lib/gcc/arm-none-eabi/4.4.1/thumb2/crtn.o
                0x000044c0                . = ALIGN (0x4)
                0x000044c0                __fini_array_start = .
 *(.fini_array)
 .fini_array    0x000044c0        0x4 c:/program files/cypress/psoc creator/2.2/psoc creator/import/gnu_cs/arm/4.4.1/bin/../lib/gcc/arm-none-eabi/4.4.1/thumb2/crtbegin.o
 *(SORT(.fini_array.*))
                0x000044c4                __fini_array_end = .
                0x000044c4                . = ALIGN (0x4)
 *crtbegin.o(.ctors)
 *(EXCLUDE_FILE(*crtend.o) .ctors)
 *(SORT(.ctors.*))
 *crtend.o(.ctors)
                0x000044c4                . = ALIGN (0x4)
 *crtbegin.o(.dtors)
 *(EXCLUDE_FILE(*crtend.o) .dtors)
 *(SORT(.dtors.*))
 *crtend.o(.dtors)
                0x000044c4                . = ALIGN (0x4)
                0x000044c4                __cs3_regions = .
                0x000044c4        0x4 LONG 0x0
                0x000044c8        0x4 LONG 0x44d8 __cs3_region_init_ram
                0x000044cc        0x4 LONG 0x1fff8000 __cs3_region_start_ram
                0x000044d0        0x4 LONG 0x118 __cs3_region_init_size_ram
                0x000044d4        0x4 LONG 0x2b0 __cs3_region_zero_size_ram
                0x000044d8                __cs3_regions_end = .
                0x000044d8                . = ALIGN (0x8)
                0x000044d8                _etext = .

.data           0x1fff8000      0x118 load address 0x000044d8
                0x1fff8000                __cs3_region_start_ram = .
 *(.cs3.region-head.ram)
                0x1fff8001                ASSERT ((. == __cs3_region_start_ram), .cs3.region-head.ram not permitted)
 *(.ramvectors)
 .ramvectors    0x1fff8000      0x100 .\CortexM3\ARM_GCC_441\Debug\Cm3Start.o
                0x1fff8000                CyRamVectors
 *(.jcr)
 .jcr           0x1fff8100        0x0 c:/program files/cypress/psoc creator/2.2/psoc creator/import/gnu_cs/arm/4.4.1/bin/../lib/gcc/arm-none-eabi/4.4.1/thumb2/crtbegin.o
 .jcr           0x1fff8100        0x4 c:/program files/cypress/psoc creator/2.2/psoc creator/import/gnu_cs/arm/4.4.1/bin/../lib/gcc/arm-none-eabi/4.4.1/thumb2/crtend.o
 *(.got.plt)
 *(.got)
 *(.shdata)
 *(.data .data.* .gnu.linkonce.d.*)
 .data          0x1fff8104       0x10 .\CortexM3\ARM_GCC_441\Debug\BitBanging.a(CyLib.o)
                0x1fff8104                cydelay_freq_hz
                0x1fff8108                cydelay_freq_khz
                0x1fff810c                cydelay_freq_mhz
                0x1fff8110                cydelay_32k_ms
 .data          0x1fff8114        0x1 .\CortexM3\ARM_GCC_441\Debug\BitBanging.a(DMA_dma.o)
                0x1fff8114                DMA_DmaHandle
                0x1fff8118                . = ALIGN (0x8)
 *fill*         0x1fff8115        0x3 00
 *(.ram)
                0x1fff8118                _edata = .

.bss            0x1fff8118      0x2b0 load address 0x000045f0
 *(.shbss)
 *(.bss .bss.* .gnu.linkonce.b.*)
 .bss           0x1fff8118        0x1 c:/program files/cypress/psoc creator/2.2/psoc creator/import/gnu_cs/arm/4.4.1/bin/../lib/gcc/arm-none-eabi/4.4.1/thumb2/crtbegin.o
 *fill*         0x1fff8119        0x3 00
 .bss           0x1fff811c      0x190 .\CortexM3\ARM_GCC_441\Debug\main.o
                0x1fff811c                vsync
                0x1fff8120                Row
                0x1fff8121                Column
                0x1fff8124                buffer
                0x1fff82a4                column
                0x1fff82a6                state
                0x1fff82a8                count
 .bss           0x1fff82ac        0x2 .\CortexM3\ARM_GCC_441\Debug\BitBanging.a(CyDmac.o)
 .bss           0x1fff82ae        0x2 .\CortexM3\ARM_GCC_441\Debug\BitBanging.a(LCD_Char_1.o)
                0x1fff82ae                LCD_Char_1_enableState
                0x1fff82af                LCD_Char_1_initVar
 .bss           0x1fff82b0        0x1 .\CortexM3\ARM_GCC_441\Debug\BitBanging.a(USB.o)
                0x1fff82b0                USB_initVar
 *(COMMON)
 *fill*         0x1fff82b1        0x3 00
 COMMON         0x1fff82b4       0x6e .\CortexM3\ARM_GCC_441\Debug\main.o
                0x1fff82b4                length
                0x1fff82b8                DMA_TD
                0x1fff82b9                DMA_Chan
                0x1fff82ba                pixel
                0x1fff82bc                picture
                0x1fff8320                row
 COMMON         0x1fff8322        0x1 .\CortexM3\ARM_GCC_441\Debug\BitBanging.a(CyLib.o)
                0x1fff8322                CyResetStatus
 *fill*         0x1fff8323        0x1 00
 COMMON         0x1fff8324       0x98 .\CortexM3\ARM_GCC_441\Debug\BitBanging.a(USB_drv.o)
                0x1fff8324                USB_transferState
                0x1fff8325                USB_interfaceNumber
                0x1fff8326                USB_lastPacketSize
                0x1fff8328                USB_interfaceClass
                0x1fff832c                USB_interfaceSetting
                0x1fff832d                USB_ep0Mode
                0x1fff832e                USB_device
                0x1fff832f                USB_deviceAddress
                0x1fff8330                USB_ep0Toggle
                0x1fff8331                USB_configurationChanged
                0x1fff8334                USB_interfaceStatus
                0x1fff8336                USB_transferByteCount
                0x1fff8338                USB_configuration
                0x1fff833c                USB_interfaceSetting_last
                0x1fff8340                USB_currentTD
                0x1fff834c                USB_ep0Count
                0x1fff834d                USB_deviceStatus
                0x1fff8350                USB_EP
 COMMON         0x1fff83bc        0x6 .\CortexM3\ARM_GCC_441\Debug\BitBanging.a(USB_std.o)
                0x1fff83bc                USB_fwSerialNumberStringDescriptor
                0x1fff83c0                USB_tBuffer
                0x1fff83c8                . = ALIGN (0x8)
 *fill*         0x1fff83c2        0x6 00
 *(.ram.b)
                0x1fff83c8                _end = .
                0x1fff83c8                __end = .
                0x20003000                __cs3_region_end_ram = (__cs3_region_start_ram + 0xb000)
                0x0000b000                __cs3_region_size_ram = 0xb000
                0x000044d8                __cs3_region_init_ram = LOADADDR (.data)
                0x00000118                __cs3_region_init_size_ram = (_edata - ADDR (.data))
                0x000002b0                __cs3_region_zero_size_ram = (_end - _edata)

.stab
 *(.stab)

.stabstr
 *(.stabstr)

.debug
 *(.debug)

.line
 *(.line)

.debug_srcinfo
 *(.debug_srcinfo)

.debug_sfnames
 *(.debug_sfnames)

.comment        0x00000000      0x433
 .comment       0x00000000       0x2b .\CortexM3\ARM_GCC_441\Debug\main.o
 .comment       0x0000002b       0x2b .\CortexM3\ARM_GCC_441\Debug\Cm3Start.o
 .comment       0x00000056       0x2b .\CortexM3\ARM_GCC_441\Debug\BitBanging.a(CyDmac.o)
 .comment       0x00000081       0x2b .\CortexM3\ARM_GCC_441\Debug\BitBanging.a(CyLib.o)
 .comment       0x000000ac       0x2b .\CortexM3\ARM_GCC_441\Debug\BitBanging.a(cyPm.o)
 .comment       0x000000d7       0x2b .\CortexM3\ARM_GCC_441\Debug\BitBanging.a(DataLine.o)
 .comment       0x00000102       0x2b .\CortexM3\ARM_GCC_441\Debug\BitBanging.a(ClockLine.o)
 .comment       0x0000012d       0x2b .\CortexM3\ARM_GCC_441\Debug\BitBanging.a(PWND.o)
 .comment       0x00000158       0x2b .\CortexM3\ARM_GCC_441\Debug\BitBanging.a(RST_B.o)
 .comment       0x00000183       0x2b .\CortexM3\ARM_GCC_441\Debug\BitBanging.a(LCD_Char_1.o)
 .comment       0x000001ae       0x2b .\CortexM3\ARM_GCC_441\Debug\BitBanging.a(isr_VREF.o)
 .comment       0x000001d9       0x2b .\CortexM3\ARM_GCC_441\Debug\BitBanging.a(LED.o)
 .comment       0x00000204       0x2b .\CortexM3\ARM_GCC_441\Debug\BitBanging.a(USB.o)
 .comment       0x0000022f       0x2b .\CortexM3\ARM_GCC_441\Debug\BitBanging.a(USB_drv.o)
 .comment       0x0000025a       0x2b .\CortexM3\ARM_GCC_441\Debug\BitBanging.a(USB_episr.o)
 .comment       0x00000285       0x2b .\CortexM3\ARM_GCC_441\Debug\BitBanging.a(USB_std.o)
 .comment       0x000002b0       0x2b .\CortexM3\ARM_GCC_441\Debug\BitBanging.a(USB_vnd.o)
 .comment       0x000002db       0x2b .\CortexM3\ARM_GCC_441\Debug\BitBanging.a(Pin_5.o)
 .comment       0x00000306       0x2b .\CortexM3\ARM_GCC_441\Debug\BitBanging.a(DMA_dma.o)
 .comment       0x00000331       0x2b .\CortexM3\ARM_GCC_441\Debug\BitBanging.a(isr_DMA.o)
 .comment       0x0000035c       0x2b .\CortexM3\ARM_GCC_441\Debug\BitBanging.a(cyfitter_cfg.o)
 .comment       0x00000387       0x2b .\CortexM3\ARM_GCC_441\Debug\BitBanging.a(CyFlash.o)
 .comment       0x000003b2       0x2b .\CortexM3\ARM_GCC_441\Debug\BitBanging.a(CySpc.o)
 .comment       0x000003dd       0x2b .\CortexM3\ARM_GCC_441\Debug\BitBanging.a(USB_cls.o)
 .comment       0x00000408       0x2b .\CortexM3\ARM_GCC_441\Debug\BitBanging.a(USB_descr.o)

.debug_aranges  0x00000000      0xad0
 *(.debug_aranges)
 .debug_aranges
                0x00000000       0x78 .\CortexM3\ARM_GCC_441\Debug\main.o
 .debug_aranges
                0x00000078       0x30 .\CortexM3\ARM_GCC_441\Debug\Cm3Start.o
 .debug_aranges
                0x000000a8       0xd8 .\CortexM3\ARM_GCC_441\Debug\BitBanging.a(CyDmac.o)
 .debug_aranges
                0x00000180      0x218 .\CortexM3\ARM_GCC_441\Debug\BitBanging.a(CyLib.o)
 .debug_aranges
                0x00000398       0xa0 .\CortexM3\ARM_GCC_441\Debug\BitBanging.a(cyPm.o)
 .debug_aranges
                0x00000438       0x38 .\CortexM3\ARM_GCC_441\Debug\BitBanging.a(DataLine.o)
 .debug_aranges
                0x00000470       0x38 .\CortexM3\ARM_GCC_441\Debug\BitBanging.a(ClockLine.o)
 .debug_aranges
                0x000004a8       0x38 .\CortexM3\ARM_GCC_441\Debug\BitBanging.a(PWND.o)
 .debug_aranges
                0x000004e0       0x38 .\CortexM3\ARM_GCC_441\Debug\BitBanging.a(RST_B.o)
 .debug_aranges
                0x00000518       0x90 .\CortexM3\ARM_GCC_441\Debug\BitBanging.a(LCD_Char_1.o)
 .debug_aranges
                0x000005a8       0x80 .\CortexM3\ARM_GCC_441\Debug\BitBanging.a(isr_VREF.o)
 .debug_aranges
                0x00000628       0x38 .\CortexM3\ARM_GCC_441\Debug\BitBanging.a(LED.o)
 .debug_aranges
                0x00000660       0xb0 .\CortexM3\ARM_GCC_441\Debug\BitBanging.a(USB.o)
 .debug_aranges
                0x00000710       0x98 .\CortexM3\ARM_GCC_441\Debug\BitBanging.a(USB_drv.o)
 .debug_aranges
                0x000007a8       0x38 .\CortexM3\ARM_GCC_441\Debug\BitBanging.a(USB_episr.o)
 .debug_aranges
                0x000007e0       0x78 .\CortexM3\ARM_GCC_441\Debug\BitBanging.a(USB_std.o)
 .debug_aranges
                0x00000858       0x20 .\CortexM3\ARM_GCC_441\Debug\BitBanging.a(USB_vnd.o)
 .debug_aranges
                0x00000878       0x38 .\CortexM3\ARM_GCC_441\Debug\BitBanging.a(Pin_5.o)
 .debug_aranges
                0x000008b0       0x28 .\CortexM3\ARM_GCC_441\Debug\BitBanging.a(DMA_dma.o)
 .debug_aranges
                0x000008d8       0x80 .\CortexM3\ARM_GCC_441\Debug\BitBanging.a(isr_DMA.o)
 .debug_aranges
                0x00000958       0x58 .\CortexM3\ARM_GCC_441\Debug\BitBanging.a(cyfitter_cfg.o)
 .debug_aranges
                0x000009b0       0x20 .\CortexM3\ARM_GCC_441\Debug\BitBanging.a(CyBootAsmGnu.o)
 .debug_aranges
                0x000009d0       0x78 .\CortexM3\ARM_GCC_441\Debug\BitBanging.a(CyFlash.o)
 .debug_aranges
                0x00000a48       0x68 .\CortexM3\ARM_GCC_441\Debug\BitBanging.a(CySpc.o)
 .debug_aranges
                0x00000ab0       0x20 .\CortexM3\ARM_GCC_441\Debug\BitBanging.a(USB_cls.o)

.debug_pubnames
                0x00000000     0x1a88
 *(.debug_pubnames)
 .debug_pubnames
                0x00000000      0x145 .\CortexM3\ARM_GCC_441\Debug\main.o
 .debug_pubnames
                0x00000145       0x57 .\CortexM3\ARM_GCC_441\Debug\Cm3Start.o
 .debug_pubnames
                0x0000019c      0x218 .\CortexM3\ARM_GCC_441\Debug\BitBanging.a(CyDmac.o)
 .debug_pubnames
                0x000003b4      0x57a .\CortexM3\ARM_GCC_441\Debug\BitBanging.a(CyLib.o)
 .debug_pubnames
                0x0000092e       0xbb .\CortexM3\ARM_GCC_441\Debug\BitBanging.a(cyPm.o)
 .debug_pubnames
                0x000009e9       0x6a .\CortexM3\ARM_GCC_441\Debug\BitBanging.a(DataLine.o)
 .debug_pubnames
                0x00000a53       0x6e .\CortexM3\ARM_GCC_441\Debug\BitBanging.a(ClockLine.o)
 .debug_pubnames
                0x00000ac1       0x5a .\CortexM3\ARM_GCC_441\Debug\BitBanging.a(PWND.o)
 .debug_pubnames
                0x00000b1b       0x5e .\CortexM3\ARM_GCC_441\Debug\BitBanging.a(RST_B.o)
 .debug_pubnames
                0x00000b79      0x17b .\CortexM3\ARM_GCC_441\Debug\BitBanging.a(LCD_Char_1.o)
 .debug_pubnames
                0x00000cf4      0x134 .\CortexM3\ARM_GCC_441\Debug\BitBanging.a(isr_VREF.o)
 .debug_pubnames
                0x00000e28       0x56 .\CortexM3\ARM_GCC_441\Debug\BitBanging.a(LED.o)
 .debug_pubnames
                0x00000e7e      0x1a2 .\CortexM3\ARM_GCC_441\Debug\BitBanging.a(USB.o)
 .debug_pubnames
                0x00001020      0x338 .\CortexM3\ARM_GCC_441\Debug\BitBanging.a(USB_drv.o)
 .debug_pubnames
                0x00001358       0x5a .\CortexM3\ARM_GCC_441\Debug\BitBanging.a(USB_episr.o)
 .debug_pubnames
                0x000013b2      0x18b .\CortexM3\ARM_GCC_441\Debug\BitBanging.a(USB_std.o)
 .debug_pubnames
                0x0000153d       0x2b .\CortexM3\ARM_GCC_441\Debug\BitBanging.a(USB_vnd.o)
 .debug_pubnames
                0x00001568       0x5e .\CortexM3\ARM_GCC_441\Debug\BitBanging.a(Pin_5.o)
 .debug_pubnames
                0x000015c6       0x4d .\CortexM3\ARM_GCC_441\Debug\BitBanging.a(DMA_dma.o)
 .debug_pubnames
                0x00001613      0x127 .\CortexM3\ARM_GCC_441\Debug\BitBanging.a(isr_DMA.o)
 .debug_pubnames
                0x0000173a       0x3d .\CortexM3\ARM_GCC_441\Debug\BitBanging.a(cyfitter_cfg.o)
 .debug_pubnames
                0x00001777      0x104 .\CortexM3\ARM_GCC_441\Debug\BitBanging.a(CyFlash.o)
 .debug_pubnames
                0x0000187b       0xd0 .\CortexM3\ARM_GCC_441\Debug\BitBanging.a(CySpc.o)
 .debug_pubnames
                0x0000194b       0x2c .\CortexM3\ARM_GCC_441\Debug\BitBanging.a(USB_cls.o)
 .debug_pubnames
                0x00001977      0x111 .\CortexM3\ARM_GCC_441\Debug\BitBanging.a(USB_descr.o)

.debug_info     0x00000000     0x54af
 *(.debug_info .gnu.linkonce.wi.*)
 .debug_info    0x00000000      0x3c2 .\CortexM3\ARM_GCC_441\Debug\main.o
 .debug_info    0x000003c2      0x13e .\CortexM3\ARM_GCC_441\Debug\Cm3Start.o
 .debug_info    0x00000500      0x900 .\CortexM3\ARM_GCC_441\Debug\BitBanging.a(CyDmac.o)
 .debug_info    0x00000e00      0xc71 .\CortexM3\ARM_GCC_441\Debug\BitBanging.a(CyLib.o)
 .debug_info    0x00001a71      0x5ac .\CortexM3\ARM_GCC_441\Debug\BitBanging.a(cyPm.o)
 .debug_info    0x0000201d      0x120 .\CortexM3\ARM_GCC_441\Debug\BitBanging.a(DataLine.o)
 .debug_info    0x0000213d      0x120 .\CortexM3\ARM_GCC_441\Debug\BitBanging.a(ClockLine.o)
 .debug_info    0x0000225d      0x120 .\CortexM3\ARM_GCC_441\Debug\BitBanging.a(PWND.o)
 .debug_info    0x0000237d      0x120 .\CortexM3\ARM_GCC_441\Debug\BitBanging.a(RST_B.o)
 .debug_info    0x0000249d      0x3af .\CortexM3\ARM_GCC_441\Debug\BitBanging.a(LCD_Char_1.o)
 .debug_info    0x0000284c      0x23b .\CortexM3\ARM_GCC_441\Debug\BitBanging.a(isr_VREF.o)
 .debug_info    0x00002a87      0x120 .\CortexM3\ARM_GCC_441\Debug\BitBanging.a(LED.o)
 .debug_info    0x00002ba7      0x5ff .\CortexM3\ARM_GCC_441\Debug\BitBanging.a(USB.o)
 .debug_info    0x000031a6      0x53f .\CortexM3\ARM_GCC_441\Debug\BitBanging.a(USB_drv.o)
 .debug_info    0x000036e5      0x1a7 .\CortexM3\ARM_GCC_441\Debug\BitBanging.a(USB_episr.o)
 .debug_info    0x0000388c      0x74b .\CortexM3\ARM_GCC_441\Debug\BitBanging.a(USB_std.o)
 .debug_info    0x00003fd7       0xbb .\CortexM3\ARM_GCC_441\Debug\BitBanging.a(USB_vnd.o)
 .debug_info    0x00004092      0x120 .\CortexM3\ARM_GCC_441\Debug\BitBanging.a(Pin_5.o)
 .debug_info    0x000041b2      0x11b .\CortexM3\ARM_GCC_441\Debug\BitBanging.a(DMA_dma.o)
 .debug_info    0x000042cd      0x23b .\CortexM3\ARM_GCC_441\Debug\BitBanging.a(isr_DMA.o)
 .debug_info    0x00004508      0x42e .\CortexM3\ARM_GCC_441\Debug\BitBanging.a(cyfitter_cfg.o)
 .debug_info    0x00004936       0x97 .\CortexM3\ARM_GCC_441\Debug\BitBanging.a(CyBootAsmGnu.o)
 .debug_info    0x000049cd      0x334 .\CortexM3\ARM_GCC_441\Debug\BitBanging.a(CyFlash.o)
 .debug_info    0x00004d01      0x39f .\CortexM3\ARM_GCC_441\Debug\BitBanging.a(CySpc.o)
 .debug_info    0x000050a0      0x19d .\CortexM3\ARM_GCC_441\Debug\BitBanging.a(USB_cls.o)
 .debug_info    0x0000523d      0x272 .\CortexM3\ARM_GCC_441\Debug\BitBanging.a(USB_descr.o)

.debug_abbrev   0x00000000     0x177c
 *(.debug_abbrev)
 .debug_abbrev  0x00000000      0x13b .\CortexM3\ARM_GCC_441\Debug\main.o
 .debug_abbrev  0x0000013b       0xd6 .\CortexM3\ARM_GCC_441\Debug\Cm3Start.o
 .debug_abbrev  0x00000211      0x164 .\CortexM3\ARM_GCC_441\Debug\BitBanging.a(CyDmac.o)
 .debug_abbrev  0x00000375      0x182 .\CortexM3\ARM_GCC_441\Debug\BitBanging.a(CyLib.o)
 .debug_abbrev  0x000004f7      0x14d .\CortexM3\ARM_GCC_441\Debug\BitBanging.a(cyPm.o)
 .debug_abbrev  0x00000644       0x85 .\CortexM3\ARM_GCC_441\Debug\BitBanging.a(DataLine.o)
 .debug_abbrev  0x000006c9       0x85 .\CortexM3\ARM_GCC_441\Debug\BitBanging.a(ClockLine.o)
 .debug_abbrev  0x0000074e       0x85 .\CortexM3\ARM_GCC_441\Debug\BitBanging.a(PWND.o)
 .debug_abbrev  0x000007d3       0x85 .\CortexM3\ARM_GCC_441\Debug\BitBanging.a(RST_B.o)
 .debug_abbrev  0x00000858      0x118 .\CortexM3\ARM_GCC_441\Debug\BitBanging.a(LCD_Char_1.o)
 .debug_abbrev  0x00000970       0xe1 .\CortexM3\ARM_GCC_441\Debug\BitBanging.a(isr_VREF.o)
 .debug_abbrev  0x00000a51       0x85 .\CortexM3\ARM_GCC_441\Debug\BitBanging.a(LED.o)
 .debug_abbrev  0x00000ad6      0x171 .\CortexM3\ARM_GCC_441\Debug\BitBanging.a(USB.o)
 .debug_abbrev  0x00000c47      0x14f .\CortexM3\ARM_GCC_441\Debug\BitBanging.a(USB_drv.o)
 .debug_abbrev  0x00000d96       0xb0 .\CortexM3\ARM_GCC_441\Debug\BitBanging.a(USB_episr.o)
 .debug_abbrev  0x00000e46      0x197 .\CortexM3\ARM_GCC_441\Debug\BitBanging.a(USB_std.o)
 .debug_abbrev  0x00000fdd       0x68 .\CortexM3\ARM_GCC_441\Debug\BitBanging.a(USB_vnd.o)
 .debug_abbrev  0x00001045       0x85 .\CortexM3\ARM_GCC_441\Debug\BitBanging.a(Pin_5.o)
 .debug_abbrev  0x000010ca       0x90 .\CortexM3\ARM_GCC_441\Debug\BitBanging.a(DMA_dma.o)
 .debug_abbrev  0x0000115a       0xe1 .\CortexM3\ARM_GCC_441\Debug\BitBanging.a(isr_DMA.o)
 .debug_abbrev  0x0000123b      0x182 .\CortexM3\ARM_GCC_441\Debug\BitBanging.a(cyfitter_cfg.o)
 .debug_abbrev  0x000013bd       0x14 .\CortexM3\ARM_GCC_441\Debug\BitBanging.a(CyBootAsmGnu.o)
 .debug_abbrev  0x000013d1      0x14a .\CortexM3\ARM_GCC_441\Debug\BitBanging.a(CyFlash.o)
 .debug_abbrev  0x0000151b      0x10e .\CortexM3\ARM_GCC_441\Debug\BitBanging.a(CySpc.o)
 .debug_abbrev  0x00001629       0xb5 .\CortexM3\ARM_GCC_441\Debug\BitBanging.a(USB_cls.o)
 .debug_abbrev  0x000016de       0x9e .\CortexM3\ARM_GCC_441\Debug\BitBanging.a(USB_descr.o)

.debug_line     0x00000000     0x26e8
 *(.debug_line)
 .debug_line    0x00000000      0x1ab .\CortexM3\ARM_GCC_441\Debug\main.o
 .debug_line    0x000001ab       0xb5 .\CortexM3\ARM_GCC_441\Debug\Cm3Start.o
 .debug_line    0x00000260      0x2af .\CortexM3\ARM_GCC_441\Debug\BitBanging.a(CyDmac.o)
 .debug_line    0x0000050f      0x659 .\CortexM3\ARM_GCC_441\Debug\BitBanging.a(CyLib.o)
 .debug_line    0x00000b68      0x346 .\CortexM3\ARM_GCC_441\Debug\BitBanging.a(cyPm.o)
 .debug_line    0x00000eae       0xb3 .\CortexM3\ARM_GCC_441\Debug\BitBanging.a(DataLine.o)
 .debug_line    0x00000f61       0xb4 .\CortexM3\ARM_GCC_441\Debug\BitBanging.a(ClockLine.o)
 .debug_line    0x00001015       0xaf .\CortexM3\ARM_GCC_441\Debug\BitBanging.a(PWND.o)
 .debug_line    0x000010c4       0xb0 .\CortexM3\ARM_GCC_441\Debug\BitBanging.a(RST_B.o)
 .debug_line    0x00001174      0x1df .\CortexM3\ARM_GCC_441\Debug\BitBanging.a(LCD_Char_1.o)
 .debug_line    0x00001353      0x15c .\CortexM3\ARM_GCC_441\Debug\BitBanging.a(isr_VREF.o)
 .debug_line    0x000014af       0xae .\CortexM3\ARM_GCC_441\Debug\BitBanging.a(LED.o)
 .debug_line    0x0000155d      0x277 .\CortexM3\ARM_GCC_441\Debug\BitBanging.a(USB.o)
 .debug_line    0x000017d4      0x219 .\CortexM3\ARM_GCC_441\Debug\BitBanging.a(USB_drv.o)
 .debug_line    0x000019ed       0xcc .\CortexM3\ARM_GCC_441\Debug\BitBanging.a(USB_episr.o)
 .debug_line    0x00001ab9      0x2b2 .\CortexM3\ARM_GCC_441\Debug\BitBanging.a(USB_std.o)
 .debug_line    0x00001d6b       0x81 .\CortexM3\ARM_GCC_441\Debug\BitBanging.a(USB_vnd.o)
 .debug_line    0x00001dec       0xb0 .\CortexM3\ARM_GCC_441\Debug\BitBanging.a(Pin_5.o)
 .debug_line    0x00001e9c       0x92 .\CortexM3\ARM_GCC_441\Debug\BitBanging.a(DMA_dma.o)
 .debug_line    0x00001f2e      0x15b .\CortexM3\ARM_GCC_441\Debug\BitBanging.a(isr_DMA.o)
 .debug_line    0x00002089      0x1d4 .\CortexM3\ARM_GCC_441\Debug\BitBanging.a(cyfitter_cfg.o)
 .debug_line    0x0000225d       0x67 .\CortexM3\ARM_GCC_441\Debug\BitBanging.a(CyBootAsmGnu.o)
 .debug_line    0x000022c4      0x194 .\CortexM3\ARM_GCC_441\Debug\BitBanging.a(CyFlash.o)
 .debug_line    0x00002458      0x18d .\CortexM3\ARM_GCC_441\Debug\BitBanging.a(CySpc.o)
 .debug_line    0x000025e5       0x8e .\CortexM3\ARM_GCC_441\Debug\BitBanging.a(USB_cls.o)
 .debug_line    0x00002673       0x75 .\CortexM3\ARM_GCC_441\Debug\BitBanging.a(USB_descr.o)

.debug_frame    0x00000000     0x2120
 *(.debug_frame)
 .debug_frame   0x00000000      0x16c .\CortexM3\ARM_GCC_441\Debug\main.o
 .debug_frame   0x0000016c       0x5c .\CortexM3\ARM_GCC_441\Debug\Cm3Start.o
 .debug_frame   0x000001c8      0x2c0 .\CortexM3\ARM_GCC_441\Debug\BitBanging.a(CyDmac.o)
 .debug_frame   0x00000488      0x778 .\CortexM3\ARM_GCC_441\Debug\BitBanging.a(CyLib.o)
 .debug_frame   0x00000c00      0x208 .\CortexM3\ARM_GCC_441\Debug\BitBanging.a(cyPm.o)
 .debug_frame   0x00000e08       0x80 .\CortexM3\ARM_GCC_441\Debug\BitBanging.a(DataLine.o)
 .debug_frame   0x00000e88       0x80 .\CortexM3\ARM_GCC_441\Debug\BitBanging.a(ClockLine.o)
 .debug_frame   0x00000f08       0x80 .\CortexM3\ARM_GCC_441\Debug\BitBanging.a(PWND.o)
 .debug_frame   0x00000f88       0x80 .\CortexM3\ARM_GCC_441\Debug\BitBanging.a(RST_B.o)
 .debug_frame   0x00001008      0x1e0 .\CortexM3\ARM_GCC_441\Debug\BitBanging.a(LCD_Char_1.o)
 .debug_frame   0x000011e8      0x180 .\CortexM3\ARM_GCC_441\Debug\BitBanging.a(isr_VREF.o)
 .debug_frame   0x00001368       0x80 .\CortexM3\ARM_GCC_441\Debug\BitBanging.a(LED.o)
 .debug_frame   0x000013e8      0x234 .\CortexM3\ARM_GCC_441\Debug\BitBanging.a(USB.o)
 .debug_frame   0x0000161c      0x1e0 .\CortexM3\ARM_GCC_441\Debug\BitBanging.a(USB_drv.o)
 .debug_frame   0x000017fc       0x80 .\CortexM3\ARM_GCC_441\Debug\BitBanging.a(USB_episr.o)
 .debug_frame   0x0000187c      0x180 .\CortexM3\ARM_GCC_441\Debug\BitBanging.a(USB_std.o)
 .debug_frame   0x000019fc       0x2c .\CortexM3\ARM_GCC_441\Debug\BitBanging.a(USB_vnd.o)
 .debug_frame   0x00001a28       0x80 .\CortexM3\ARM_GCC_441\Debug\BitBanging.a(Pin_5.o)
 .debug_frame   0x00001aa8       0x4c .\CortexM3\ARM_GCC_441\Debug\BitBanging.a(DMA_dma.o)
 .debug_frame   0x00001af4      0x180 .\CortexM3\ARM_GCC_441\Debug\BitBanging.a(isr_DMA.o)
 .debug_frame   0x00001c74      0x104 .\CortexM3\ARM_GCC_441\Debug\BitBanging.a(cyfitter_cfg.o)
 .debug_frame   0x00001d78      0x178 .\CortexM3\ARM_GCC_441\Debug\BitBanging.a(CyFlash.o)
 .debug_frame   0x00001ef0      0x13c .\CortexM3\ARM_GCC_441\Debug\BitBanging.a(CySpc.o)
 .debug_frame   0x0000202c       0x2c .\CortexM3\ARM_GCC_441\Debug\BitBanging.a(USB_cls.o)
 .debug_frame   0x00002058       0x34 c:/program files/cypress/psoc creator/2.2/psoc creator/import/gnu_cs/arm/4.4.1/bin/../lib/gcc/arm-none-eabi/4.4.1/../../../../arm-none-eabi/lib/thumb2\libc.a(lib_a-memcpy.o)
 .debug_frame   0x0000208c       0x28 c:/program files/cypress/psoc creator/2.2/psoc creator/import/gnu_cs/arm/4.4.1/bin/../lib/gcc/arm-none-eabi/4.4.1/../../../../arm-none-eabi/lib/thumb2\libc.a(lib_a-memset.o)
 .debug_frame   0x000020b4       0x40 c:/program files/cypress/psoc creator/2.2/psoc creator/import/gnu_cs/arm/4.4.1/bin/../lib/gcc/arm-none-eabi/4.4.1/../../../../arm-none-eabi/lib/thumb2\libcs3.a(start_c.o)
 .debug_frame   0x000020f4       0x2c c:/program files/cypress/psoc creator/2.2/psoc creator/import/gnu_cs/arm/4.4.1/bin/../lib/gcc/arm-none-eabi/4.4.1/../../../../arm-none-eabi/lib/thumb2\libc.a(lib_a-init.o)

.debug_str      0x00000000     0x227e
 *(.debug_str)
 .debug_str     0x00000000      0x186 .\CortexM3\ARM_GCC_441\Debug\main.o
                                0x1dc (size before relaxing)
 .debug_str     0x00000186       0x8c .\CortexM3\ARM_GCC_441\Debug\Cm3Start.o
                                0x180 (size before relaxing)
 .debug_str     0x00000212      0x34a .\CortexM3\ARM_GCC_441\Debug\BitBanging.a(CyDmac.o)
                                0x461 (size before relaxing)
 .debug_str     0x0000055c      0x61c .\CortexM3\ARM_GCC_441\Debug\BitBanging.a(CyLib.o)
                                0x776 (size before relaxing)
 .debug_str     0x00000b78      0x372 .\CortexM3\ARM_GCC_441\Debug\BitBanging.a(cyPm.o)
                                0x48b (size before relaxing)
 .debug_str     0x00000eea       0x77 .\CortexM3\ARM_GCC_441\Debug\BitBanging.a(DataLine.o)
                                0x170 (size before relaxing)
 .debug_str     0x00000f61       0x71 .\CortexM3\ARM_GCC_441\Debug\BitBanging.a(ClockLine.o)
                                0x175 (size before relaxing)
 .debug_str     0x00000fd2       0x58 .\CortexM3\ARM_GCC_441\Debug\BitBanging.a(PWND.o)
                                0x15c (size before relaxing)
 .debug_str     0x0000102a       0x5d .\CortexM3\ARM_GCC_441\Debug\BitBanging.a(RST_B.o)
                                0x161 (size before relaxing)
 .debug_str     0x00001087      0x1d6 .\CortexM3\ARM_GCC_441\Debug\BitBanging.a(LCD_Char_1.o)
                                0x2e7 (size before relaxing)
 .debug_str     0x0000125d      0x112 .\CortexM3\ARM_GCC_441\Debug\BitBanging.a(isr_VREF.o)
                                0x22d (size before relaxing)
 .debug_str     0x0000136f       0x53 .\CortexM3\ARM_GCC_441\Debug\BitBanging.a(LED.o)
                                0x157 (size before relaxing)
 .debug_str     0x000013c2      0x2c0 .\CortexM3\ARM_GCC_441\Debug\BitBanging.a(USB.o)
                                0x3e3 (size before relaxing)
 .debug_str     0x00001682      0x294 .\CortexM3\ARM_GCC_441\Debug\BitBanging.a(USB_drv.o)
                                0x4cf (size before relaxing)
 .debug_str     0x00001916       0x5d .\CortexM3\ARM_GCC_441\Debug\BitBanging.a(USB_episr.o)
                                0x1cd (size before relaxing)
 .debug_str     0x00001973      0x23c .\CortexM3\ARM_GCC_441\Debug\BitBanging.a(USB_std.o)
                                0x4f1 (size before relaxing)
 .debug_str     0x00001baf       0x38 .\CortexM3\ARM_GCC_441\Debug\BitBanging.a(USB_vnd.o)
                                0x135 (size before relaxing)
 .debug_str     0x00001be7       0x5d .\CortexM3\ARM_GCC_441\Debug\BitBanging.a(Pin_5.o)
                                0x161 (size before relaxing)
 .debug_str     0x00001c44       0x8d .\CortexM3\ARM_GCC_441\Debug\BitBanging.a(DMA_dma.o)
                                0x182 (size before relaxing)
 .debug_str     0x00001cd1      0x104 .\CortexM3\ARM_GCC_441\Debug\BitBanging.a(isr_DMA.o)
                                0x21f (size before relaxing)
 .debug_str     0x00001dd5      0x166 .\CortexM3\ARM_GCC_441\Debug\BitBanging.a(cyfitter_cfg.o)
                                0x27e (size before relaxing)
 .debug_str     0x00001f3b      0x129 .\CortexM3\ARM_GCC_441\Debug\BitBanging.a(CyFlash.o)
                                0x257 (size before relaxing)
 .debug_str     0x00002064       0xfe .\CortexM3\ARM_GCC_441\Debug\BitBanging.a(CySpc.o)
                                0x226 (size before relaxing)
 .debug_str     0x00002162       0x39 .\CortexM3\ARM_GCC_441\Debug\BitBanging.a(USB_cls.o)
                                0x1db (size before relaxing)
 .debug_str     0x0000219b       0xe3 .\CortexM3\ARM_GCC_441\Debug\BitBanging.a(USB_descr.o)
                                0x276 (size before relaxing)

.debug_loc      0x00000000     0x34eb
 *(.debug_loc)
 .debug_loc     0x00000000      0x228 .\CortexM3\ARM_GCC_441\Debug\main.o
 .debug_loc     0x00000228       0x62 .\CortexM3\ARM_GCC_441\Debug\Cm3Start.o
 .debug_loc     0x0000028a      0x504 .\CortexM3\ARM_GCC_441\Debug\BitBanging.a(CyDmac.o)
 .debug_loc     0x0000078e      0xca0 .\CortexM3\ARM_GCC_441\Debug\BitBanging.a(CyLib.o)
 .debug_loc     0x0000142e      0x32f .\CortexM3\ARM_GCC_441\Debug\BitBanging.a(cyPm.o)
 .debug_loc     0x0000175d       0xc4 .\CortexM3\ARM_GCC_441\Debug\BitBanging.a(DataLine.o)
 .debug_loc     0x00001821       0xc4 .\CortexM3\ARM_GCC_441\Debug\BitBanging.a(ClockLine.o)
 .debug_loc     0x000018e5       0xc4 .\CortexM3\ARM_GCC_441\Debug\BitBanging.a(PWND.o)
 .debug_loc     0x000019a9       0xc4 .\CortexM3\ARM_GCC_441\Debug\BitBanging.a(RST_B.o)
 .debug_loc     0x00001a6d      0x309 .\CortexM3\ARM_GCC_441\Debug\BitBanging.a(LCD_Char_1.o)
 .debug_loc     0x00001d76      0x26b .\CortexM3\ARM_GCC_441\Debug\BitBanging.a(isr_VREF.o)
 .debug_loc     0x00001fe1       0xc4 .\CortexM3\ARM_GCC_441\Debug\BitBanging.a(LED.o)
 .debug_loc     0x000020a5      0x3f1 .\CortexM3\ARM_GCC_441\Debug\BitBanging.a(USB.o)
 .debug_loc     0x00002496      0x2f8 .\CortexM3\ARM_GCC_441\Debug\BitBanging.a(USB_drv.o)
 .debug_loc     0x0000278e       0xac .\CortexM3\ARM_GCC_441\Debug\BitBanging.a(USB_episr.o)
 .debug_loc     0x0000283a      0x288 .\CortexM3\ARM_GCC_441\Debug\BitBanging.a(USB_std.o)
 .debug_loc     0x00002ac2       0x37 .\CortexM3\ARM_GCC_441\Debug\BitBanging.a(USB_vnd.o)
 .debug_loc     0x00002af9       0xc4 .\CortexM3\ARM_GCC_441\Debug\BitBanging.a(Pin_5.o)
 .debug_loc     0x00002bbd       0x62 .\CortexM3\ARM_GCC_441\Debug\BitBanging.a(DMA_dma.o)
 .debug_loc     0x00002c1f      0x26b .\CortexM3\ARM_GCC_441\Debug\BitBanging.a(isr_DMA.o)
 .debug_loc     0x00002e8a      0x1b8 .\CortexM3\ARM_GCC_441\Debug\BitBanging.a(cyfitter_cfg.o)
 .debug_loc     0x00003042      0x24c .\CortexM3\ARM_GCC_441\Debug\BitBanging.a(CyFlash.o)
 .debug_loc     0x0000328e      0x226 .\CortexM3\ARM_GCC_441\Debug\BitBanging.a(CySpc.o)
 .debug_loc     0x000034b4       0x37 .\CortexM3\ARM_GCC_441\Debug\BitBanging.a(USB_cls.o)

.debug_macinfo
 *(.debug_macinfo)

.debug_ranges   0x00000000      0x9f0
 *(.debug_ranges)
 .debug_ranges  0x00000000       0x70 .\CortexM3\ARM_GCC_441\Debug\main.o
 .debug_ranges  0x00000070       0x28 .\CortexM3\ARM_GCC_441\Debug\Cm3Start.o
 .debug_ranges  0x00000098       0xd0 .\CortexM3\ARM_GCC_441\Debug\BitBanging.a(CyDmac.o)
 .debug_ranges  0x00000168      0x210 .\CortexM3\ARM_GCC_441\Debug\BitBanging.a(CyLib.o)
 .debug_ranges  0x00000378       0x98 .\CortexM3\ARM_GCC_441\Debug\BitBanging.a(cyPm.o)
 .debug_ranges  0x00000410       0x30 .\CortexM3\ARM_GCC_441\Debug\BitBanging.a(DataLine.o)
 .debug_ranges  0x00000440       0x30 .\CortexM3\ARM_GCC_441\Debug\BitBanging.a(ClockLine.o)
 .debug_ranges  0x00000470       0x30 .\CortexM3\ARM_GCC_441\Debug\BitBanging.a(PWND.o)
 .debug_ranges  0x000004a0       0x30 .\CortexM3\ARM_GCC_441\Debug\BitBanging.a(RST_B.o)
 .debug_ranges  0x000004d0       0x88 .\CortexM3\ARM_GCC_441\Debug\BitBanging.a(LCD_Char_1.o)
 .debug_ranges  0x00000558       0x78 .\CortexM3\ARM_GCC_441\Debug\BitBanging.a(isr_VREF.o)
 .debug_ranges  0x000005d0       0x30 .\CortexM3\ARM_GCC_441\Debug\BitBanging.a(LED.o)
 .debug_ranges  0x00000600       0xa8 .\CortexM3\ARM_GCC_441\Debug\BitBanging.a(USB.o)
 .debug_ranges  0x000006a8       0x90 .\CortexM3\ARM_GCC_441\Debug\BitBanging.a(USB_drv.o)
 .debug_ranges  0x00000738       0x30 .\CortexM3\ARM_GCC_441\Debug\BitBanging.a(USB_episr.o)
 .debug_ranges  0x00000768       0x70 .\CortexM3\ARM_GCC_441\Debug\BitBanging.a(USB_std.o)
 .debug_ranges  0x000007d8       0x18 .\CortexM3\ARM_GCC_441\Debug\BitBanging.a(USB_vnd.o)
 .debug_ranges  0x000007f0       0x30 .\CortexM3\ARM_GCC_441\Debug\BitBanging.a(Pin_5.o)
 .debug_ranges  0x00000820       0x20 .\CortexM3\ARM_GCC_441\Debug\BitBanging.a(DMA_dma.o)
 .debug_ranges  0x00000840       0x78 .\CortexM3\ARM_GCC_441\Debug\BitBanging.a(isr_DMA.o)
 .debug_ranges  0x000008b8       0x50 .\CortexM3\ARM_GCC_441\Debug\BitBanging.a(cyfitter_cfg.o)
 .debug_ranges  0x00000908       0x70 .\CortexM3\ARM_GCC_441\Debug\BitBanging.a(CyFlash.o)
 .debug_ranges  0x00000978       0x60 .\CortexM3\ARM_GCC_441\Debug\BitBanging.a(CySpc.o)
 .debug_ranges  0x000009d8       0x18 .\CortexM3\ARM_GCC_441\Debug\BitBanging.a(USB_cls.o)

.debug_weaknames
 *(.debug_weaknames)

.debug_funcnames
 *(.debug_funcnames)

.debug_typenames
 *(.debug_typenames)

.debug_varnames
 *(.debug_varnames)

.note.gnu.arm.ident
 *(.note.gnu.arm.ident)

.ARM.attributes
                0x00000000       0x25
 *(.ARM.attributes)
 .ARM.attributes
                0x00000000       0x19 c:/program files/cypress/psoc creator/2.2/psoc creator/import/gnu_cs/arm/4.4.1/bin/../lib/gcc/arm-none-eabi/4.4.1/thumb2/crti.o
 .ARM.attributes
                0x00000019       0x29 c:/program files/cypress/psoc creator/2.2/psoc creator/import/gnu_cs/arm/4.4.1/bin/../lib/gcc/arm-none-eabi/4.4.1/thumb2/crtbegin.o
 .ARM.attributes
                0x00000042       0x31 .\CortexM3\ARM_GCC_441\Debug\main.o
 .ARM.attributes
                0x00000073       0x31 .\CortexM3\ARM_GCC_441\Debug\Cm3Start.o
 .ARM.attributes
                0x000000a4       0x31 .\CortexM3\ARM_GCC_441\Debug\BitBanging.a(CyDmac.o)
 .ARM.attributes
                0x000000d5       0x31 .\CortexM3\ARM_GCC_441\Debug\BitBanging.a(CyLib.o)
 .ARM.attributes
                0x00000106       0x31 .\CortexM3\ARM_GCC_441\Debug\BitBanging.a(cyPm.o)
 .ARM.attributes
                0x00000137       0x31 .\CortexM3\ARM_GCC_441\Debug\BitBanging.a(DataLine.o)
 .ARM.attributes
                0x00000168       0x31 .\CortexM3\ARM_GCC_441\Debug\BitBanging.a(ClockLine.o)
 .ARM.attributes
                0x00000199       0x31 .\CortexM3\ARM_GCC_441\Debug\BitBanging.a(PWND.o)
 .ARM.attributes
                0x000001ca       0x31 .\CortexM3\ARM_GCC_441\Debug\BitBanging.a(RST_B.o)
 .ARM.attributes
                0x000001fb       0x31 .\CortexM3\ARM_GCC_441\Debug\BitBanging.a(LCD_Char_1.o)
 .ARM.attributes
                0x0000022c       0x31 .\CortexM3\ARM_GCC_441\Debug\BitBanging.a(isr_VREF.o)
 .ARM.attributes
                0x0000025d       0x31 .\CortexM3\ARM_GCC_441\Debug\BitBanging.a(LED.o)
 .ARM.attributes
                0x0000028e       0x31 .\CortexM3\ARM_GCC_441\Debug\BitBanging.a(USB.o)
 .ARM.attributes
                0x000002bf       0x31 .\CortexM3\ARM_GCC_441\Debug\BitBanging.a(USB_drv.o)
 .ARM.attributes
                0x000002f0       0x31 .\CortexM3\ARM_GCC_441\Debug\BitBanging.a(USB_episr.o)
 .ARM.attributes
                0x00000321       0x31 .\CortexM3\ARM_GCC_441\Debug\BitBanging.a(USB_std.o)
 .ARM.attributes
                0x00000352       0x31 .\CortexM3\ARM_GCC_441\Debug\BitBanging.a(USB_vnd.o)
 .ARM.attributes
                0x00000383       0x31 .\CortexM3\ARM_GCC_441\Debug\BitBanging.a(Pin_5.o)
 .ARM.attributes
                0x000003b4       0x31 .\CortexM3\ARM_GCC_441\Debug\BitBanging.a(DMA_dma.o)
 .ARM.attributes
                0x000003e5       0x31 .\CortexM3\ARM_GCC_441\Debug\BitBanging.a(isr_DMA.o)
 .ARM.attributes
                0x00000416       0x31 .\CortexM3\ARM_GCC_441\Debug\BitBanging.a(cyfitter_cfg.o)
 .ARM.attributes
                0x00000447       0x21 .\CortexM3\ARM_GCC_441\Debug\BitBanging.a(CyBootAsmGnu.o)
 .ARM.attributes
                0x00000468       0x31 .\CortexM3\ARM_GCC_441\Debug\BitBanging.a(CyFlash.o)
 .ARM.attributes
                0x00000499       0x31 .\CortexM3\ARM_GCC_441\Debug\BitBanging.a(CySpc.o)
 .ARM.attributes
                0x000004ca       0x31 .\CortexM3\ARM_GCC_441\Debug\BitBanging.a(USB_cls.o)
 .ARM.attributes
                0x000004fb       0x31 .\CortexM3\ARM_GCC_441\Debug\BitBanging.a(USB_descr.o)
 .ARM.attributes
                0x0000052c       0x29 c:/program files/cypress/psoc creator/2.2/psoc creator/import/gnu_cs/arm/4.4.1/bin/../lib/gcc/arm-none-eabi/4.4.1/../../../../arm-none-eabi/lib/thumb2\libc.a(lib_a-memcpy.o)
 .ARM.attributes
                0x00000555       0x29 c:/program files/cypress/psoc creator/2.2/psoc creator/import/gnu_cs/arm/4.4.1/bin/../lib/gcc/arm-none-eabi/4.4.1/../../../../arm-none-eabi/lib/thumb2\libc.a(lib_a-memset.o)
 .ARM.attributes
                0x0000057e       0x29 c:/program files/cypress/psoc creator/2.2/psoc creator/import/gnu_cs/arm/4.4.1/bin/../lib/gcc/arm-none-eabi/4.4.1/thumb2/crtend.o
 .ARM.attributes
                0x000005a7       0x19 c:/program files/cypress/psoc creator/2.2/psoc creator/import/gnu_cs/arm/4.4.1/bin/../lib/gcc/arm-none-eabi/4.4.1/thumb2/crtn.o
 .ARM.attributes
                0x000005c0       0x29 c:/program files/cypress/psoc creator/2.2/psoc creator/import/gnu_cs/arm/4.4.1/bin/../lib/gcc/arm-none-eabi/4.4.1/../../../../arm-none-eabi/lib/thumb2\libcs3.a(start_c.o)
 .ARM.attributes
                0x000005e9       0x19 c:/program files/cypress/psoc creator/2.2/psoc creator/import/gnu_cs/arm/4.4.1/bin/../lib/gcc/arm-none-eabi/4.4.1/../../../../arm-none-eabi/lib/thumb2\libcs3micro.a(micro-vector.o)
 .ARM.attributes
                0x00000602       0x19 c:/program files/cypress/psoc creator/2.2/psoc creator/import/gnu_cs/arm/4.4.1/bin/../lib/gcc/arm-none-eabi/4.4.1/../../../../arm-none-eabi/lib/thumb2\libcs3micro.a(micro_isr_interrupt.o)
 .ARM.attributes
                0x0000061b       0x29 c:/program files/cypress/psoc creator/2.2/psoc creator/import/gnu_cs/arm/4.4.1/bin/../lib/gcc/arm-none-eabi/4.4.1/../../../../arm-none-eabi/lib/thumb2\libc.a(lib_a-init.o)

/DISCARD/
 *(.note.GNU-stack)
OUTPUT(.\CortexM3\ARM_GCC_441\Debug\BitBanging.elf elf32-littlearm)
