Archive member included because of file (symbol)

.\CortexM3\ARM_GCC_441\Debug\Design01.a(USB.o)
                              .\CortexM3\ARM_GCC_441\Debug\main.o (USB_Start)
.\CortexM3\ARM_GCC_441\Debug\Design01.a(USB_drv.o)
                              .\CortexM3\ARM_GCC_441\Debug\Design01.a(USB.o) (USB_EP)
.\CortexM3\ARM_GCC_441\Debug\Design01.a(USB_episr.o)
                              .\CortexM3\ARM_GCC_441\Debug\Design01.a(USB.o) (USB_EP_1_ISR)
.\CortexM3\ARM_GCC_441\Debug\Design01.a(USB_std.o)
                              .\CortexM3\ARM_GCC_441\Debug\Design01.a(USB_drv.o) (USB_HandleStandardRqst)
.\CortexM3\ARM_GCC_441\Debug\Design01.a(USB_vnd.o)
                              .\CortexM3\ARM_GCC_441\Debug\Design01.a(USB_drv.o) (USB_HandleVendorRqst)
.\CortexM3\ARM_GCC_441\Debug\Design01.a(CyBootAsmGnu.o)
                              .\CortexM3\ARM_GCC_441\Debug\Design01.a(USB.o) (CyDelayCycles)
.\CortexM3\ARM_GCC_441\Debug\Design01.a(CyLib.o)
                              .\CortexM3\ARM_GCC_441\Debug\Cm3Start.o (CyResetStatus)
.\CortexM3\ARM_GCC_441\Debug\Design01.a(cyPm.o)
                              .\CortexM3\ARM_GCC_441\Debug\Design01.a(CyLib.o) (CyPmReadStatus)
.\CortexM3\ARM_GCC_441\Debug\Design01.a(cyfitter_cfg.o)
                              .\CortexM3\ARM_GCC_441\Debug\Cm3Start.o (cyfitter_cfg)
.\CortexM3\ARM_GCC_441\Debug\Design01.a(USB_cls.o)
                              .\CortexM3\ARM_GCC_441\Debug\Design01.a(USB_drv.o) (USB_DispatchClassRqst)
.\CortexM3\ARM_GCC_441\Debug\Design01.a(USB_descr.o)
                              .\CortexM3\ARM_GCC_441\Debug\Design01.a(USB_std.o) (USB_STRING_DESCRIPTORS)
.\CortexM3\ARM_GCC_441\Debug\Design01.a(CyFlash.o)
                              .\CortexM3\ARM_GCC_441\Debug\Design01.a(cyPm.o) (CyFlash_SetWaitCycles)
.\CortexM3\ARM_GCC_441\Debug\Design01.a(CySpc.o)
                              .\CortexM3\ARM_GCC_441\Debug\Design01.a(CyFlash.o) (CySpcStart)
c:/program files/cypress/psoc creator/2.2/psoc creator/import/gnu_cs/arm/4.4.1/bin/../lib/gcc/arm-none-eabi/4.4.1/../../../../arm-none-eabi/lib/thumb2\libc.a(lib_a-memcpy.o)
                              .\CortexM3\ARM_GCC_441\Debug\Design01.a(cyfitter_cfg.o) (memcpy)
c:/program files/cypress/psoc creator/2.2/psoc creator/import/gnu_cs/arm/4.4.1/bin/../lib/gcc/arm-none-eabi/4.4.1/../../../../arm-none-eabi/lib/thumb2\libc.a(lib_a-memset.o)
                              .\CortexM3\ARM_GCC_441\Debug\Design01.a(cyfitter_cfg.o) (memset)
c:/program files/cypress/psoc creator/2.2/psoc creator/import/gnu_cs/arm/4.4.1/bin/../lib/gcc/arm-none-eabi/4.4.1/../../../../arm-none-eabi/lib/thumb2\libcs3.a(start_c.o)
                              (__cs3_start_c)
c:/program files/cypress/psoc creator/2.2/psoc creator/import/gnu_cs/arm/4.4.1/bin/../lib/gcc/arm-none-eabi/4.4.1/../../../../arm-none-eabi/lib/thumb2\libcs3micro.a(micro-vector.o)
                              (__cs3_interrupt_vector_micro)
c:/program files/cypress/psoc creator/2.2/psoc creator/import/gnu_cs/arm/4.4.1/bin/../lib/gcc/arm-none-eabi/4.4.1/../../../../arm-none-eabi/lib/thumb2\libcs3micro.a(micro_isr_interrupt.o)
                              (__cs3_isr_nmi)
c:/program files/cypress/psoc creator/2.2/psoc creator/import/gnu_cs/arm/4.4.1/bin/../lib/gcc/arm-none-eabi/4.4.1/../../../../arm-none-eabi/lib/thumb2\libc.a(lib_a-init.o)
                              c:/program files/cypress/psoc creator/2.2/psoc creator/import/gnu_cs/arm/4.4.1/bin/../lib/gcc/arm-none-eabi/4.4.1/../../../../arm-none-eabi/lib/thumb2\libcs3.a(start_c.o) (__libc_init_array)

Allocating common symbols
Common symbol       size              file

USB_fwSerialNumberStringDescriptor
                    0x4               .\CortexM3\ARM_GCC_441\Debug\Design01.a(USB_std.o)
USB_transferState   0x1               .\CortexM3\ARM_GCC_441\Debug\Design01.a(USB_drv.o)
USB_interfaceNumber
                    0x1               .\CortexM3\ARM_GCC_441\Debug\Design01.a(USB_drv.o)
USB_lastPacketSize  0x1               .\CortexM3\ARM_GCC_441\Debug\Design01.a(USB_drv.o)
USB_interfaceClass  0x4               .\CortexM3\ARM_GCC_441\Debug\Design01.a(USB_drv.o)
USB_interfaceSetting
                    0x1               .\CortexM3\ARM_GCC_441\Debug\Design01.a(USB_drv.o)
USB_ep0Mode         0x1               .\CortexM3\ARM_GCC_441\Debug\Design01.a(USB_drv.o)
USB_device          0x1               .\CortexM3\ARM_GCC_441\Debug\Design01.a(USB_drv.o)
USB_tBuffer         0x2               .\CortexM3\ARM_GCC_441\Debug\Design01.a(USB_std.o)
USB_deviceAddress   0x1               .\CortexM3\ARM_GCC_441\Debug\Design01.a(USB_drv.o)
USB_ep0Toggle       0x1               .\CortexM3\ARM_GCC_441\Debug\Design01.a(USB_drv.o)
length              0x1               .\CortexM3\ARM_GCC_441\Debug\main.o
USB_configurationChanged
                    0x1               .\CortexM3\ARM_GCC_441\Debug\Design01.a(USB_drv.o)
buffer              0x40              .\CortexM3\ARM_GCC_441\Debug\main.o
USB_interfaceStatus
                    0x1               .\CortexM3\ARM_GCC_441\Debug\Design01.a(USB_drv.o)
USB_transferByteCount
                    0x2               .\CortexM3\ARM_GCC_441\Debug\Design01.a(USB_drv.o)
USB_configuration   0x1               .\CortexM3\ARM_GCC_441\Debug\Design01.a(USB_drv.o)
USB_interfaceSetting_last
                    0x1               .\CortexM3\ARM_GCC_441\Debug\Design01.a(USB_drv.o)
USB_currentTD       0xc               .\CortexM3\ARM_GCC_441\Debug\Design01.a(USB_drv.o)
USB_ep0Count        0x1               .\CortexM3\ARM_GCC_441\Debug\Design01.a(USB_drv.o)
USB_deviceStatus    0x1               .\CortexM3\ARM_GCC_441\Debug\Design01.a(USB_drv.o)
CyResetStatus       0x1               .\CortexM3\ARM_GCC_441\Debug\Design01.a(CyLib.o)
dieTemperature      0x2               .\CortexM3\ARM_GCC_441\Debug\Design01.a(CyFlash.o)
USB_EP              0x6c              .\CortexM3\ARM_GCC_441\Debug\Design01.a(USB_drv.o)

Discarded input sections

 .text          0x00000000        0x0 c:/program files/cypress/psoc creator/2.2/psoc creator/import/gnu_cs/arm/4.4.1/bin/../lib/gcc/arm-none-eabi/4.4.1/thumb2/crti.o
 .data          0x00000000        0x0 c:/program files/cypress/psoc creator/2.2/psoc creator/import/gnu_cs/arm/4.4.1/bin/../lib/gcc/arm-none-eabi/4.4.1/thumb2/crti.o
 .bss           0x00000000        0x0 c:/program files/cypress/psoc creator/2.2/psoc creator/import/gnu_cs/arm/4.4.1/bin/../lib/gcc/arm-none-eabi/4.4.1/thumb2/crti.o
 .data          0x00000000        0x4 c:/program files/cypress/psoc creator/2.2/psoc creator/import/gnu_cs/arm/4.4.1/bin/../lib/gcc/arm-none-eabi/4.4.1/thumb2/crtbegin.o
 .text          0x00000000        0x0 .\CortexM3\ARM_GCC_441\Debug\main.o
 .data          0x00000000        0x0 .\CortexM3\ARM_GCC_441\Debug\main.o
 .bss           0x00000000        0x0 .\CortexM3\ARM_GCC_441\Debug\main.o
 .text          0x00000000        0x0 .\CortexM3\ARM_GCC_441\Debug\Cm3Start.o
 .data          0x00000000        0x0 .\CortexM3\ARM_GCC_441\Debug\Cm3Start.o
 .bss           0x00000000        0x0 .\CortexM3\ARM_GCC_441\Debug\Cm3Start.o
 .text.IntDefaultHandler
                0x00000000        0x8 .\CortexM3\ARM_GCC_441\Debug\Cm3Start.o
 .text          0x00000000        0x0 .\CortexM3\ARM_GCC_441\Debug\Design01.a(USB.o)
 .data          0x00000000        0x0 .\CortexM3\ARM_GCC_441\Debug\Design01.a(USB.o)
 .text.USB_Stop
                0x00000000      0x100 .\CortexM3\ARM_GCC_441\Debug\Design01.a(USB.o)
 .text.USB_CheckActivity
                0x00000000       0x3c .\CortexM3\ARM_GCC_441\Debug\Design01.a(USB.o)
 .text.USB_IsConfigurationChanged
                0x00000000       0x44 .\CortexM3\ARM_GCC_441\Debug\Design01.a(USB.o)
 .text.USB_GetInterfaceSetting
                0x00000000       0x24 .\CortexM3\ARM_GCC_441\Debug\Design01.a(USB.o)
 .text.USB_DisableOutEP
                0x00000000       0x40 .\CortexM3\ARM_GCC_441\Debug\Design01.a(USB.o)
 .text.USB_Force
                0x00000000       0x20 .\CortexM3\ARM_GCC_441\Debug\Design01.a(USB.o)
 .text.USB_GetEPAckState
                0x00000000       0x50 .\CortexM3\ARM_GCC_441\Debug\Design01.a(USB.o)
 .text.USB_SetPowerStatus
                0x00000000       0x54 .\CortexM3\ARM_GCC_441\Debug\Design01.a(USB.o)
 .text.USB_RWUEnabled
                0x00000000       0x34 .\CortexM3\ARM_GCC_441\Debug\Design01.a(USB.o)
 .text          0x00000000        0x0 .\CortexM3\ARM_GCC_441\Debug\Design01.a(USB_drv.o)
 .data          0x00000000        0x0 .\CortexM3\ARM_GCC_441\Debug\Design01.a(USB_drv.o)
 .bss           0x00000000        0x0 .\CortexM3\ARM_GCC_441\Debug\Design01.a(USB_drv.o)
 .text.USB_InitControlWrite
                0x00000000       0x88 .\CortexM3\ARM_GCC_441\Debug\Design01.a(USB_drv.o)
 .text          0x00000000        0x0 .\CortexM3\ARM_GCC_441\Debug\Design01.a(USB_episr.o)
 .data          0x00000000        0x0 .\CortexM3\ARM_GCC_441\Debug\Design01.a(USB_episr.o)
 .bss           0x00000000        0x0 .\CortexM3\ARM_GCC_441\Debug\Design01.a(USB_episr.o)
 .text          0x00000000        0x0 .\CortexM3\ARM_GCC_441\Debug\Design01.a(USB_std.o)
 .data          0x00000000        0x0 .\CortexM3\ARM_GCC_441\Debug\Design01.a(USB_std.o)
 .bss           0x00000000        0x1 .\CortexM3\ARM_GCC_441\Debug\Design01.a(USB_std.o)
 .text.USB_SerialNumString
                0x00000000       0x14 .\CortexM3\ARM_GCC_441\Debug\Design01.a(USB_std.o)
 .text.USB_TerminateEP
                0x00000000       0xf8 .\CortexM3\ARM_GCC_441\Debug\Design01.a(USB_std.o)
 .text          0x00000000        0x0 .\CortexM3\ARM_GCC_441\Debug\Design01.a(USB_vnd.o)
 .data          0x00000000        0x0 .\CortexM3\ARM_GCC_441\Debug\Design01.a(USB_vnd.o)
 .bss           0x00000000        0x0 .\CortexM3\ARM_GCC_441\Debug\Design01.a(USB_vnd.o)
 .data          0x00000000        0x0 .\CortexM3\ARM_GCC_441\Debug\Design01.a(CyBootAsmGnu.o)
 .bss           0x00000000        0x0 .\CortexM3\ARM_GCC_441\Debug\Design01.a(CyBootAsmGnu.o)
 .text          0x00000000        0x0 .\CortexM3\ARM_GCC_441\Debug\Design01.a(CyLib.o)
 .bss           0x00000000        0x0 .\CortexM3\ARM_GCC_441\Debug\Design01.a(CyLib.o)
 .text.CyPLL_OUT_Start
                0x00000000       0xdc .\CortexM3\ARM_GCC_441\Debug\Design01.a(CyLib.o)
 .text.CyPLL_OUT_Stop
                0x00000000       0x24 .\CortexM3\ARM_GCC_441\Debug\Design01.a(CyLib.o)
 .text.CyPLL_OUT_SetPQ
                0x00000000       0xac .\CortexM3\ARM_GCC_441\Debug\Design01.a(CyLib.o)
 .text.CyPLL_OUT_SetSource
                0x00000000       0x64 .\CortexM3\ARM_GCC_441\Debug\Design01.a(CyLib.o)
 .text.CyIMO_Start
                0x00000000       0xd0 .\CortexM3\ARM_GCC_441\Debug\Design01.a(CyLib.o)
 .text.CyIMO_Stop
                0x00000000       0x24 .\CortexM3\ARM_GCC_441\Debug\Design01.a(CyLib.o)
 .text.CyUSB_PowerOnCheck
                0x00000000       0x74 .\CortexM3\ARM_GCC_441\Debug\Design01.a(CyLib.o)
 .text.CyIMO_SetTrimValue
                0x00000000      0x144 .\CortexM3\ARM_GCC_441\Debug\Design01.a(CyLib.o)
 .text.CyIMO_SetFreq
                0x00000000      0x1e4 .\CortexM3\ARM_GCC_441\Debug\Design01.a(CyLib.o)
 .text.CyIMO_SetSource
                0x00000000       0xb8 .\CortexM3\ARM_GCC_441\Debug\Design01.a(CyLib.o)
 .text.CyIMO_EnableDoubler
                0x00000000       0x28 .\CortexM3\ARM_GCC_441\Debug\Design01.a(CyLib.o)
 .text.CyIMO_DisableDoubler
                0x00000000       0x24 .\CortexM3\ARM_GCC_441\Debug\Design01.a(CyLib.o)
 .text.CyMasterClk_SetSource
                0x00000000       0x3c .\CortexM3\ARM_GCC_441\Debug\Design01.a(CyLib.o)
 .text.CyMasterClk_SetDivider
                0x00000000       0x20 .\CortexM3\ARM_GCC_441\Debug\Design01.a(CyLib.o)
 .text.CyBusClk_Internal_SetDivider
                0x00000000       0x9c .\CortexM3\ARM_GCC_441\Debug\Design01.a(CyLib.o)
 .text.CyBusClk_SetDivider
                0x00000000       0xcc .\CortexM3\ARM_GCC_441\Debug\Design01.a(CyLib.o)
 .text.CyUsbClk_SetSource
                0x00000000       0x3c .\CortexM3\ARM_GCC_441\Debug\Design01.a(CyLib.o)
 .text.CyILO_Start1K
                0x00000000       0x28 .\CortexM3\ARM_GCC_441\Debug\Design01.a(CyLib.o)
 .text.CyILO_Stop1K
                0x00000000       0x24 .\CortexM3\ARM_GCC_441\Debug\Design01.a(CyLib.o)
 .text.CyILO_Start100K
                0x00000000       0x28 .\CortexM3\ARM_GCC_441\Debug\Design01.a(CyLib.o)
 .text.CyILO_Stop100K
                0x00000000       0x24 .\CortexM3\ARM_GCC_441\Debug\Design01.a(CyLib.o)
 .text.CyILO_Enable33K
                0x00000000       0x28 .\CortexM3\ARM_GCC_441\Debug\Design01.a(CyLib.o)
 .text.CyILO_Disable33K
                0x00000000       0x24 .\CortexM3\ARM_GCC_441\Debug\Design01.a(CyLib.o)
 .text.CyILO_SetSource
                0x00000000       0x44 .\CortexM3\ARM_GCC_441\Debug\Design01.a(CyLib.o)
 .text.CyILO_SetPowerMode
                0x00000000       0x58 .\CortexM3\ARM_GCC_441\Debug\Design01.a(CyLib.o)
 .text.CyXTAL_32KHZ_Start
                0x00000000       0xa4 .\CortexM3\ARM_GCC_441\Debug\Design01.a(CyLib.o)
 .text.CyXTAL_32KHZ_Stop
                0x00000000       0x60 .\CortexM3\ARM_GCC_441\Debug\Design01.a(CyLib.o)
 .text.CyXTAL_32KHZ_ReadStatus
                0x00000000       0x1c .\CortexM3\ARM_GCC_441\Debug\Design01.a(CyLib.o)
 .text.CyXTAL_32KHZ_SetPowerMode
                0x00000000       0xf8 .\CortexM3\ARM_GCC_441\Debug\Design01.a(CyLib.o)
 .text.CyXTAL_Start
                0x00000000      0x100 .\CortexM3\ARM_GCC_441\Debug\Design01.a(CyLib.o)
 .text.CyXTAL_Stop
                0x00000000       0x24 .\CortexM3\ARM_GCC_441\Debug\Design01.a(CyLib.o)
 .text.CyXTAL_EnableErrStatus
                0x00000000       0x24 .\CortexM3\ARM_GCC_441\Debug\Design01.a(CyLib.o)
 .text.CyXTAL_DisableErrStatus
                0x00000000       0x28 .\CortexM3\ARM_GCC_441\Debug\Design01.a(CyLib.o)
 .text.CyXTAL_ReadStatus
                0x00000000       0x28 .\CortexM3\ARM_GCC_441\Debug\Design01.a(CyLib.o)
 .text.CyXTAL_EnableFaultRecovery
                0x00000000       0x28 .\CortexM3\ARM_GCC_441\Debug\Design01.a(CyLib.o)
 .text.CyXTAL_DisableFaultRecovery
                0x00000000       0x24 .\CortexM3\ARM_GCC_441\Debug\Design01.a(CyLib.o)
 .text.CyXTAL_SetStartup
                0x00000000       0x3c .\CortexM3\ARM_GCC_441\Debug\Design01.a(CyLib.o)
 .text.CyXTAL_SetFbVoltage
                0x00000000       0x3c .\CortexM3\ARM_GCC_441\Debug\Design01.a(CyLib.o)
 .text.CyXTAL_SetWdVoltage
                0x00000000       0x44 .\CortexM3\ARM_GCC_441\Debug\Design01.a(CyLib.o)
 .text.CySoftwareReset
                0x00000000       0x18 .\CortexM3\ARM_GCC_441\Debug\Design01.a(CyLib.o)
 .text.CyDelay  0x00000000       0x48 .\CortexM3\ARM_GCC_441\Debug\Design01.a(CyLib.o)
 .text.CyDelayFreq
                0x00000000       0xac .\CortexM3\ARM_GCC_441\Debug\Design01.a(CyLib.o)
 .text.CyWdtStart
                0x00000000       0xc4 .\CortexM3\ARM_GCC_441\Debug\Design01.a(CyLib.o)
 .text.CyWdtClear
                0x00000000       0x18 .\CortexM3\ARM_GCC_441\Debug\Design01.a(CyLib.o)
 .text.CyVdLvDigitEnable
                0x00000000       0xec .\CortexM3\ARM_GCC_441\Debug\Design01.a(CyLib.o)
 .text.CyVdLvAnalogEnable
                0x00000000       0xf4 .\CortexM3\ARM_GCC_441\Debug\Design01.a(CyLib.o)
 .text.CyVdLvDigitDisable
                0x00000000       0x54 .\CortexM3\ARM_GCC_441\Debug\Design01.a(CyLib.o)
 .text.CyVdLvAnalogDisable
                0x00000000       0x54 .\CortexM3\ARM_GCC_441\Debug\Design01.a(CyLib.o)
 .text.CyVdHvAnalogEnable
                0x00000000       0x78 .\CortexM3\ARM_GCC_441\Debug\Design01.a(CyLib.o)
 .text.CyVdHvAnalogDisable
                0x00000000       0x24 .\CortexM3\ARM_GCC_441\Debug\Design01.a(CyLib.o)
 .text.CyVdStickyStatus
                0x00000000       0x48 .\CortexM3\ARM_GCC_441\Debug\Design01.a(CyLib.o)
 .text.CyVdRealTimeStatus
                0x00000000       0x30 .\CortexM3\ARM_GCC_441\Debug\Design01.a(CyLib.o)
 .text.CyDisableInts
                0x00000000       0x3c .\CortexM3\ARM_GCC_441\Debug\Design01.a(CyLib.o)
 .text.CyEnableInts
                0x00000000       0x2c .\CortexM3\ARM_GCC_441\Debug\Design01.a(CyLib.o)
 .text.CyFlushCache
                0x00000000       0x7c .\CortexM3\ARM_GCC_441\Debug\Design01.a(CyLib.o)
 .text.CyIntSetSysVector
                0x00000000       0x58 .\CortexM3\ARM_GCC_441\Debug\Design01.a(CyLib.o)
 .text.CyIntGetSysVector
                0x00000000       0x40 .\CortexM3\ARM_GCC_441\Debug\Design01.a(CyLib.o)
 .text.CyIntGetVector
                0x00000000       0x44 .\CortexM3\ARM_GCC_441\Debug\Design01.a(CyLib.o)
 .text.CyIntGetPriority
                0x00000000       0x3c .\CortexM3\ARM_GCC_441\Debug\Design01.a(CyLib.o)
 .text.CyIntGetState
                0x00000000       0x40 .\CortexM3\ARM_GCC_441\Debug\Design01.a(CyLib.o)
 .text          0x00000000        0x0 .\CortexM3\ARM_GCC_441\Debug\Design01.a(cyPm.o)
 .data          0x00000000        0x0 .\CortexM3\ARM_GCC_441\Debug\Design01.a(cyPm.o)
 .bss           0x00000000       0x44 .\CortexM3\ARM_GCC_441\Debug\Design01.a(cyPm.o)
 .rodata        0x00000000       0x10 .\CortexM3\ARM_GCC_441\Debug\Design01.a(cyPm.o)
 .text.CyPmSaveClocks
                0x00000000      0x350 .\CortexM3\ARM_GCC_441\Debug\Design01.a(cyPm.o)
 .text.CyPmRestoreClocks
                0x00000000      0x3f4 .\CortexM3\ARM_GCC_441\Debug\Design01.a(cyPm.o)
 .text.CyPmAltAct
                0x00000000      0x110 .\CortexM3\ARM_GCC_441\Debug\Design01.a(cyPm.o)
 .text.CyPmSleep
                0x00000000      0x218 .\CortexM3\ARM_GCC_441\Debug\Design01.a(cyPm.o)
 .text.CyPmHibernate
                0x00000000      0x1ec .\CortexM3\ARM_GCC_441\Debug\Design01.a(cyPm.o)
 .text.CyPmReadStatus
                0x00000000       0x7c .\CortexM3\ARM_GCC_441\Debug\Design01.a(cyPm.o)
 .text.CyPmHibSaveSet
                0x00000000       0xe4 .\CortexM3\ARM_GCC_441\Debug\Design01.a(cyPm.o)
 .text.CyPmHibRestore
                0x00000000       0x6c .\CortexM3\ARM_GCC_441\Debug\Design01.a(cyPm.o)
 .text.CyPmCtwSetInterval
                0x00000000       0xd8 .\CortexM3\ARM_GCC_441\Debug\Design01.a(cyPm.o)
 .text.CyPmOppsSet
                0x00000000       0x54 .\CortexM3\ARM_GCC_441\Debug\Design01.a(cyPm.o)
 .text.CyPmFtwSetInterval
                0x00000000       0xdc .\CortexM3\ARM_GCC_441\Debug\Design01.a(cyPm.o)
 .text.CyPmSlpSaveSet
                0x00000000        0xc .\CortexM3\ARM_GCC_441\Debug\Design01.a(cyPm.o)
 .text.CyPmSlpRestore
                0x00000000        0xc .\CortexM3\ARM_GCC_441\Debug\Design01.a(cyPm.o)
 .text.CyPmHibSlpSaveSet
                0x00000000      0x454 .\CortexM3\ARM_GCC_441\Debug\Design01.a(cyPm.o)
 .text.CyPmHibSlpRestore
                0x00000000      0x270 .\CortexM3\ARM_GCC_441\Debug\Design01.a(cyPm.o)
 .text.CyPmHviLviSaveDisable
                0x00000000      0x134 .\CortexM3\ARM_GCC_441\Debug\Design01.a(cyPm.o)
 .text.CyPmHviLviRestore
                0x00000000       0x7c .\CortexM3\ARM_GCC_441\Debug\Design01.a(cyPm.o)
 .text          0x00000000        0x0 .\CortexM3\ARM_GCC_441\Debug\Design01.a(cyfitter_cfg.o)
 .data          0x00000000        0x0 .\CortexM3\ARM_GCC_441\Debug\Design01.a(cyfitter_cfg.o)
 .bss           0x00000000        0x0 .\CortexM3\ARM_GCC_441\Debug\Design01.a(cyfitter_cfg.o)
 .text.CYCONFIGCPYCODE
                0x00000000       0x20 .\CortexM3\ARM_GCC_441\Debug\Design01.a(cyfitter_cfg.o)
 .text.SetAnalogRoutingPumps
                0x00000000       0x30 .\CortexM3\ARM_GCC_441\Debug\Design01.a(cyfitter_cfg.o)
 .text          0x00000000        0x0 .\CortexM3\ARM_GCC_441\Debug\Design01.a(USB_cls.o)
 .data          0x00000000        0x0 .\CortexM3\ARM_GCC_441\Debug\Design01.a(USB_cls.o)
 .bss           0x00000000        0x0 .\CortexM3\ARM_GCC_441\Debug\Design01.a(USB_cls.o)
 .text          0x00000000        0x0 .\CortexM3\ARM_GCC_441\Debug\Design01.a(USB_descr.o)
 .data          0x00000000        0x0 .\CortexM3\ARM_GCC_441\Debug\Design01.a(USB_descr.o)
 .bss           0x00000000        0x0 .\CortexM3\ARM_GCC_441\Debug\Design01.a(USB_descr.o)
 .text          0x00000000        0x0 .\CortexM3\ARM_GCC_441\Debug\Design01.a(CyFlash.o)
 .data          0x00000000        0x0 .\CortexM3\ARM_GCC_441\Debug\Design01.a(CyFlash.o)
 .bss           0x00000000        0x4 .\CortexM3\ARM_GCC_441\Debug\Design01.a(CyFlash.o)
 .text.CyFlash_Start
                0x00000000       0x48 .\CortexM3\ARM_GCC_441\Debug\Design01.a(CyFlash.o)
 .text.CyFlash_Stop
                0x00000000       0x40 .\CortexM3\ARM_GCC_441\Debug\Design01.a(CyFlash.o)
 .text.CySetTempInt
                0x00000000       0x90 .\CortexM3\ARM_GCC_441\Debug\Design01.a(CyFlash.o)
 .text.CySetTemp
                0x00000000       0x28 .\CortexM3\ARM_GCC_441\Debug\Design01.a(CyFlash.o)
 .text.CySetFlashEEBuffer
                0x00000000       0x50 .\CortexM3\ARM_GCC_441\Debug\Design01.a(CyFlash.o)
 .text.CyWriteRowData
                0x00000000       0xac .\CortexM3\ARM_GCC_441\Debug\Design01.a(CyFlash.o)
 .text.CyWriteRowFull
                0x00000000      0x124 .\CortexM3\ARM_GCC_441\Debug\Design01.a(CyFlash.o)
 .text.CyFlash_SetWaitCycles
                0x00000000       0xc4 .\CortexM3\ARM_GCC_441\Debug\Design01.a(CyFlash.o)
 .text.CyEEPROM_Start
                0x00000000       0x44 .\CortexM3\ARM_GCC_441\Debug\Design01.a(CyFlash.o)
 .text.CyEEPROM_Stop
                0x00000000       0x40 .\CortexM3\ARM_GCC_441\Debug\Design01.a(CyFlash.o)
 .text.CyEEPROM_ReadReserve
                0x00000000       0x3c .\CortexM3\ARM_GCC_441\Debug\Design01.a(CyFlash.o)
 .text.CyEEPROM_ReadRelease
                0x00000000       0x20 .\CortexM3\ARM_GCC_441\Debug\Design01.a(CyFlash.o)
 COMMON         0x00000000        0x2 .\CortexM3\ARM_GCC_441\Debug\Design01.a(CyFlash.o)
 .text          0x00000000        0x0 .\CortexM3\ARM_GCC_441\Debug\Design01.a(CySpc.o)
 .data          0x00000000        0x0 .\CortexM3\ARM_GCC_441\Debug\Design01.a(CySpc.o)
 .bss           0x00000000        0x2 .\CortexM3\ARM_GCC_441\Debug\Design01.a(CySpc.o)
 .text.CySpcStart
                0x00000000       0x58 .\CortexM3\ARM_GCC_441\Debug\Design01.a(CySpc.o)
 .text.CySpcStop
                0x00000000       0x54 .\CortexM3\ARM_GCC_441\Debug\Design01.a(CySpc.o)
 .text.CySpcReadData
                0x00000000       0x64 .\CortexM3\ARM_GCC_441\Debug\Design01.a(CySpc.o)
 .text.CySpcLoadMultiByte
                0x00000000      0x118 .\CortexM3\ARM_GCC_441\Debug\Design01.a(CySpc.o)
 .text.CySpcLoadRow
                0x00000000       0xbc .\CortexM3\ARM_GCC_441\Debug\Design01.a(CySpc.o)
 .text.CySpcWriteRow
                0x00000000       0xcc .\CortexM3\ARM_GCC_441\Debug\Design01.a(CySpc.o)
 .text.CySpcEraseSector
                0x00000000       0x9c .\CortexM3\ARM_GCC_441\Debug\Design01.a(CySpc.o)
 .text.CySpcGetTemp
                0x00000000       0x8c .\CortexM3\ARM_GCC_441\Debug\Design01.a(CySpc.o)
 .text.CySpcLock
                0x00000000       0x8c .\CortexM3\ARM_GCC_441\Debug\Design01.a(CySpc.o)
 .text.CySpcUnlock
                0x00000000       0x68 .\CortexM3\ARM_GCC_441\Debug\Design01.a(CySpc.o)
 .data          0x00000000        0x0 c:/program files/cypress/psoc creator/2.2/psoc creator/import/gnu_cs/arm/4.4.1/bin/../lib/gcc/arm-none-eabi/4.4.1/../../../../arm-none-eabi/lib/thumb2\libc.a(lib_a-memcpy.o)
 .bss           0x00000000        0x0 c:/program files/cypress/psoc creator/2.2/psoc creator/import/gnu_cs/arm/4.4.1/bin/../lib/gcc/arm-none-eabi/4.4.1/../../../../arm-none-eabi/lib/thumb2\libc.a(lib_a-memcpy.o)
 .data          0x00000000        0x0 c:/program files/cypress/psoc creator/2.2/psoc creator/import/gnu_cs/arm/4.4.1/bin/../lib/gcc/arm-none-eabi/4.4.1/../../../../arm-none-eabi/lib/thumb2\libc.a(lib_a-memset.o)
 .bss           0x00000000        0x0 c:/program files/cypress/psoc creator/2.2/psoc creator/import/gnu_cs/arm/4.4.1/bin/../lib/gcc/arm-none-eabi/4.4.1/../../../../arm-none-eabi/lib/thumb2\libc.a(lib_a-memset.o)
 .text          0x00000000        0x0 c:/program files/cypress/psoc creator/2.2/psoc creator/import/gnu_cs/arm/4.4.1/bin/../lib/gcc/arm-none-eabi/4.4.1/thumb2/crtend.o
 .data          0x00000000        0x0 c:/program files/cypress/psoc creator/2.2/psoc creator/import/gnu_cs/arm/4.4.1/bin/../lib/gcc/arm-none-eabi/4.4.1/thumb2/crtend.o
 .bss           0x00000000        0x0 c:/program files/cypress/psoc creator/2.2/psoc creator/import/gnu_cs/arm/4.4.1/bin/../lib/gcc/arm-none-eabi/4.4.1/thumb2/crtend.o
 .text          0x00000000        0x0 c:/program files/cypress/psoc creator/2.2/psoc creator/import/gnu_cs/arm/4.4.1/bin/../lib/gcc/arm-none-eabi/4.4.1/thumb2/crtn.o
 .data          0x00000000        0x0 c:/program files/cypress/psoc creator/2.2/psoc creator/import/gnu_cs/arm/4.4.1/bin/../lib/gcc/arm-none-eabi/4.4.1/thumb2/crtn.o
 .bss           0x00000000        0x0 c:/program files/cypress/psoc creator/2.2/psoc creator/import/gnu_cs/arm/4.4.1/bin/../lib/gcc/arm-none-eabi/4.4.1/thumb2/crtn.o
 .data          0x00000000        0x0 c:/program files/cypress/psoc creator/2.2/psoc creator/import/gnu_cs/arm/4.4.1/bin/../lib/gcc/arm-none-eabi/4.4.1/../../../../arm-none-eabi/lib/thumb2\libcs3.a(start_c.o)
 .bss           0x00000000        0x0 c:/program files/cypress/psoc creator/2.2/psoc creator/import/gnu_cs/arm/4.4.1/bin/../lib/gcc/arm-none-eabi/4.4.1/../../../../arm-none-eabi/lib/thumb2\libcs3.a(start_c.o)
 .text          0x00000000        0x0 c:/program files/cypress/psoc creator/2.2/psoc creator/import/gnu_cs/arm/4.4.1/bin/../lib/gcc/arm-none-eabi/4.4.1/../../../../arm-none-eabi/lib/thumb2\libcs3micro.a(micro-vector.o)
 .data          0x00000000        0x0 c:/program files/cypress/psoc creator/2.2/psoc creator/import/gnu_cs/arm/4.4.1/bin/../lib/gcc/arm-none-eabi/4.4.1/../../../../arm-none-eabi/lib/thumb2\libcs3micro.a(micro-vector.o)
 .bss           0x00000000        0x0 c:/program files/cypress/psoc creator/2.2/psoc creator/import/gnu_cs/arm/4.4.1/bin/../lib/gcc/arm-none-eabi/4.4.1/../../../../arm-none-eabi/lib/thumb2\libcs3micro.a(micro-vector.o)
 .data          0x00000000        0x0 c:/program files/cypress/psoc creator/2.2/psoc creator/import/gnu_cs/arm/4.4.1/bin/../lib/gcc/arm-none-eabi/4.4.1/../../../../arm-none-eabi/lib/thumb2\libcs3micro.a(micro_isr_interrupt.o)
 .bss           0x00000000        0x0 c:/program files/cypress/psoc creator/2.2/psoc creator/import/gnu_cs/arm/4.4.1/bin/../lib/gcc/arm-none-eabi/4.4.1/../../../../arm-none-eabi/lib/thumb2\libcs3micro.a(micro_isr_interrupt.o)
 .data          0x00000000        0x0 c:/program files/cypress/psoc creator/2.2/psoc creator/import/gnu_cs/arm/4.4.1/bin/../lib/gcc/arm-none-eabi/4.4.1/../../../../arm-none-eabi/lib/thumb2\libc.a(lib_a-init.o)
 .bss           0x00000000        0x0 c:/program files/cypress/psoc creator/2.2/psoc creator/import/gnu_cs/arm/4.4.1/bin/../lib/gcc/arm-none-eabi/4.4.1/../../../../arm-none-eabi/lib/thumb2\libc.a(lib_a-init.o)

Memory Configuration

Name             Origin             Length             Attributes
rom              0x00000000         0x00040000         xr
ram              0x1fff8000         0x0000b000         xrw
*default*        0x00000000         0xffffffff

Linker script and memory map

LOAD c:/program files/cypress/psoc creator/2.2/psoc creator/import/gnu_cs/arm/4.4.1/bin/../lib/gcc/arm-none-eabi/4.4.1/thumb2/crti.o
LOAD c:/program files/cypress/psoc creator/2.2/psoc creator/import/gnu_cs/arm/4.4.1/bin/../lib/gcc/arm-none-eabi/4.4.1/thumb2/crtbegin.o
START GROUP
LOAD .\CortexM3\ARM_GCC_441\Debug\main.o
LOAD .\CortexM3\ARM_GCC_441\Debug\Cm3Start.o
LOAD .\CortexM3\ARM_GCC_441\Debug\Design01.a
LOAD C:\Program Files\Cypress\PSoC Creator\2.2\PSoC Creator\psoc\content\cycomponentlibrary\CyComponentLibrary.cylib\CortexM3\ARM_GCC_441\Debug\CyComponentLibrary.a
END GROUP
START GROUP
LOAD c:/program files/cypress/psoc creator/2.2/psoc creator/import/gnu_cs/arm/4.4.1/bin/../lib/gcc/arm-none-eabi/4.4.1/thumb2\libgcc.a
LOAD c:/program files/cypress/psoc creator/2.2/psoc creator/import/gnu_cs/arm/4.4.1/bin/../lib/gcc/arm-none-eabi/4.4.1/../../../../arm-none-eabi/lib/thumb2\libc.a
END GROUP
LOAD c:/program files/cypress/psoc creator/2.2/psoc creator/import/gnu_cs/arm/4.4.1/bin/../lib/gcc/arm-none-eabi/4.4.1/thumb2/crtend.o
LOAD c:/program files/cypress/psoc creator/2.2/psoc creator/import/gnu_cs/arm/4.4.1/bin/../lib/gcc/arm-none-eabi/4.4.1/thumb2/crtn.o
START GROUP
LOAD c:/program files/cypress/psoc creator/2.2/psoc creator/import/gnu_cs/arm/4.4.1/bin/../lib/gcc/arm-none-eabi/4.4.1/thumb2\libgcc.a
LOAD c:/program files/cypress/psoc creator/2.2/psoc creator/import/gnu_cs/arm/4.4.1/bin/../lib/gcc/arm-none-eabi/4.4.1/../../../../arm-none-eabi/lib/thumb2\libc.a
LOAD c:/program files/cypress/psoc creator/2.2/psoc creator/import/gnu_cs/arm/4.4.1/bin/../lib/gcc/arm-none-eabi/4.4.1/../../../../arm-none-eabi/lib/thumb2\libcs3.a
LOAD c:/program files/cypress/psoc creator/2.2/psoc creator/import/gnu_cs/arm/4.4.1/bin/../lib/gcc/arm-none-eabi/4.4.1/../../../../arm-none-eabi/lib/thumb2\libcs3unhosted.a
LOAD c:/program files/cypress/psoc creator/2.2/psoc creator/import/gnu_cs/arm/4.4.1/bin/../lib/gcc/arm-none-eabi/4.4.1/../../../../arm-none-eabi/lib/thumb2\libcs3micro.a
END GROUP
                0x1fff8200                PROVIDE (__cs3_heap_start, _end)
                0x00000001                PROVIDE (__cs3_region_num, ((__cs3_regions_end - __cs3_regions) / 0x14))
                0x20008000                PROVIDE (__cs3_stack, 0x20008000)
                0x20004000                PROVIDE (__cs3_heap_end, (__cs3_stack - 0x4000))

.text           0x00000000     0x2e64
 CREATE_OBJECT_SYMBOLS
                0x00000000                __cs3_interrupt_vector = __cs3_interrupt_vector_micro
 *(.cs3.interrupt_vector)
 .cs3.interrupt_vector
                0x00000000       0xc0 c:/program files/cypress/psoc creator/2.2/psoc creator/import/gnu_cs/arm/4.4.1/bin/../lib/gcc/arm-none-eabi/4.4.1/../../../../arm-none-eabi/lib/thumb2\libcs3micro.a(micro-vector.o)
                0x00000000                __cs3_interrupt_vector_micro
                0x00000001                ASSERT ((. != __cs3_interrupt_vector_micro), No interrupt vector)
                0x000001dc                PROVIDE (__cs3_reset, Reset)
 *(.cs3.reset)
                0x00000001                ASSERT ((. != __cs3_reset), No reset code)
 *(.dma_init)
                0x00000001                ASSERT ((((0x0 + .) <= 0x10000) || 0x1), DMA Init must be within the first 64k of flash)
 *(.text.cs3.init)
 .text.cs3.init
                0x000000c0       0x5c c:/program files/cypress/psoc creator/2.2/psoc creator/import/gnu_cs/arm/4.4.1/bin/../lib/gcc/arm-none-eabi/4.4.1/../../../../arm-none-eabi/lib/thumb2\libcs3.a(start_c.o)
                0x000000c0                __cs3_start_c
 *(.text .text.* .gnu.linkonce.t.*)
 .text          0x0000011c       0x30 c:/program files/cypress/psoc creator/2.2/psoc creator/import/gnu_cs/arm/4.4.1/bin/../lib/gcc/arm-none-eabi/4.4.1/thumb2/crtbegin.o
 .text.main     0x0000014c       0x90 .\CortexM3\ARM_GCC_441\Debug\main.o
                0x0000014c                main
 .text.Reset    0x000001dc       0x24 .\CortexM3\ARM_GCC_441\Debug\Cm3Start.o
                0x000001dc                Reset
 .text.initialize_psoc
                0x00000200       0x9c .\CortexM3\ARM_GCC_441\Debug\Cm3Start.o
                0x00000200                initialize_psoc
 .text.USB_Start
                0x0000029c       0x44 .\CortexM3\ARM_GCC_441\Debug\Design01.a(USB.o)
                0x0000029c                USB_Start
 .text.USB_Init
                0x000002e0      0x210 .\CortexM3\ARM_GCC_441\Debug\Design01.a(USB.o)
                0x000002e0                USB_Init
 .text.USB_InitComponent
                0x000004f0      0x128 .\CortexM3\ARM_GCC_441\Debug\Design01.a(USB.o)
                0x000004f0                USB_InitComponent
 .text.USB_ReInitComponent
                0x00000618       0x88 .\CortexM3\ARM_GCC_441\Debug\Design01.a(USB.o)
                0x00000618                USB_ReInitComponent
 .text.USB_GetConfiguration
                0x000006a0       0x18 .\CortexM3\ARM_GCC_441\Debug\Design01.a(USB.o)
                0x000006a0                USB_GetConfiguration
 .text.USB_GetEPState
                0x000006b8       0x34 .\CortexM3\ARM_GCC_441\Debug\Design01.a(USB.o)
                0x000006b8                USB_GetEPState
 .text.USB_GetEPCount
                0x000006ec       0x70 .\CortexM3\ARM_GCC_441\Debug\Design01.a(USB.o)
                0x000006ec                USB_GetEPCount
 .text.USB_LoadInEP
                0x0000075c      0x158 .\CortexM3\ARM_GCC_441\Debug\Design01.a(USB.o)
                0x0000075c                USB_LoadInEP
 .text.USB_ReadOutEP
                0x000008b4       0x98 .\CortexM3\ARM_GCC_441\Debug\Design01.a(USB.o)
                0x000008b4                USB_ReadOutEP
 .text.USB_EnableOutEP
                0x0000094c       0x78 .\CortexM3\ARM_GCC_441\Debug\Design01.a(USB.o)
                0x0000094c                USB_EnableOutEP
 .text.USB_EP_0_ISR
                0x000009c4      0x144 .\CortexM3\ARM_GCC_441\Debug\Design01.a(USB_drv.o)
                0x000009c4                USB_EP_0_ISR
 .text.USB_HandleSetup
                0x00000b08       0xa4 .\CortexM3\ARM_GCC_441\Debug\Design01.a(USB_drv.o)
                0x00000b08                USB_HandleSetup
 .text.USB_HandleIN
                0x00000bac       0x4c .\CortexM3\ARM_GCC_441\Debug\Design01.a(USB_drv.o)
                0x00000bac                USB_HandleIN
 .text.USB_HandleOUT
                0x00000bf8       0x5c .\CortexM3\ARM_GCC_441\Debug\Design01.a(USB_drv.o)
                0x00000bf8                USB_HandleOUT
 .text.USB_LoadEP0
                0x00000c54      0x15c .\CortexM3\ARM_GCC_441\Debug\Design01.a(USB_drv.o)
                0x00000c54                USB_LoadEP0
 .text.USB_InitControlRead
                0x00000db0       0x94 .\CortexM3\ARM_GCC_441\Debug\Design01.a(USB_drv.o)
                0x00000db0                USB_InitControlRead
 .text.USB_InitZeroLengthControlTransfer
                0x00000e44       0x58 .\CortexM3\ARM_GCC_441\Debug\Design01.a(USB_drv.o)
                0x00000e44                USB_InitZeroLengthControlTransfer
 .text.USB_ControlReadDataStage
                0x00000e9c        0xc .\CortexM3\ARM_GCC_441\Debug\Design01.a(USB_drv.o)
                0x00000e9c                USB_ControlReadDataStage
 .text.USB_ControlReadStatusStage
                0x00000ea8       0x54 .\CortexM3\ARM_GCC_441\Debug\Design01.a(USB_drv.o)
                0x00000ea8                USB_ControlReadStatusStage
 .text.USB_ControlWriteDataStage
                0x00000efc      0x114 .\CortexM3\ARM_GCC_441\Debug\Design01.a(USB_drv.o)
                0x00000efc                USB_ControlWriteDataStage
 .text.USB_ControlWriteStatusStage
                0x00001010       0x2c .\CortexM3\ARM_GCC_441\Debug\Design01.a(USB_drv.o)
                0x00001010                USB_ControlWriteStatusStage
 .text.USB_InitNoDataControlTransfer
                0x0000103c       0x48 .\CortexM3\ARM_GCC_441\Debug\Design01.a(USB_drv.o)
                0x0000103c                USB_InitNoDataControlTransfer
 .text.USB_NoDataControlStatusStage
                0x00001084       0x68 .\CortexM3\ARM_GCC_441\Debug\Design01.a(USB_drv.o)
                0x00001084                USB_NoDataControlStatusStage
 .text.USB_UpdateStatusBlock
                0x000010ec       0x58 .\CortexM3\ARM_GCC_441\Debug\Design01.a(USB_drv.o)
                0x000010ec                USB_UpdateStatusBlock
 .text.USB_InitializeStatusBlock
                0x00001144       0x48 .\CortexM3\ARM_GCC_441\Debug\Design01.a(USB_drv.o)
                0x00001144                USB_InitializeStatusBlock
 .text.USB_EP_1_ISR
                0x0000118c       0x70 .\CortexM3\ARM_GCC_441\Debug\Design01.a(USB_episr.o)
                0x0000118c                USB_EP_1_ISR
 .text.USB_EP_2_ISR
                0x000011fc       0x70 .\CortexM3\ARM_GCC_441\Debug\Design01.a(USB_episr.o)
                0x000011fc                USB_EP_2_ISR
 .text.USB_SOF_ISR
                0x0000126c        0xc .\CortexM3\ARM_GCC_441\Debug\Design01.a(USB_episr.o)
                0x0000126c                USB_SOF_ISR
 .text.USB_BUS_RESET_ISR
                0x00001278        0xc .\CortexM3\ARM_GCC_441\Debug\Design01.a(USB_episr.o)
                0x00001278                USB_BUS_RESET_ISR
 .text.USB_HandleStandardRqst
                0x00001284      0x5d4 .\CortexM3\ARM_GCC_441\Debug\Design01.a(USB_std.o)
                0x00001284                USB_HandleStandardRqst
 .text.USB_ConfigReg
                0x00001858      0x208 .\CortexM3\ARM_GCC_441\Debug\Design01.a(USB_std.o)
                0x00001858                USB_ConfigReg
 .text.USB_Config
                0x00001a60      0x438 .\CortexM3\ARM_GCC_441\Debug\Design01.a(USB_std.o)
                0x00001a60                USB_Config
 .text.USB_ConfigAltChanged
                0x00001e98      0x360 .\CortexM3\ARM_GCC_441\Debug\Design01.a(USB_std.o)
                0x00001e98                USB_ConfigAltChanged
 .text.USB_GetConfigTablePtr
                0x000021f8       0x2c .\CortexM3\ARM_GCC_441\Debug\Design01.a(USB_std.o)
                0x000021f8                USB_GetConfigTablePtr
 .text.USB_GetDeviceTablePtr
                0x00002224       0x28 .\CortexM3\ARM_GCC_441\Debug\Design01.a(USB_std.o)
                0x00002224                USB_GetDeviceTablePtr
 .text.USB_GetInterfaceClassTablePtr
                0x0000224c       0x50 .\CortexM3\ARM_GCC_441\Debug\Design01.a(USB_std.o)
                0x0000224c                USB_GetInterfaceClassTablePtr
 .text.USB_SetEndpointHalt
                0x0000229c      0x130 .\CortexM3\ARM_GCC_441\Debug\Design01.a(USB_std.o)
                0x0000229c                USB_SetEndpointHalt
 .text.USB_ClearEndpointHalt
                0x000023cc      0x1b8 .\CortexM3\ARM_GCC_441\Debug\Design01.a(USB_std.o)
                0x000023cc                USB_ClearEndpointHalt
 .text.USB_ValidateAlternateSetting
                0x00002584       0x94 .\CortexM3\ARM_GCC_441\Debug\Design01.a(USB_std.o)
                0x00002584                USB_ValidateAlternateSetting
 .text.USB_HandleVendorRqst
                0x00002618       0x38 .\CortexM3\ARM_GCC_441\Debug\Design01.a(USB_vnd.o)
                0x00002618                USB_HandleVendorRqst
 .text          0x00002650       0x20 .\CortexM3\ARM_GCC_441\Debug\Design01.a(CyBootAsmGnu.o)
                0x00002650                CyDelayCycles
                0x00002660                CyEnterCriticalSection
                0x00002668                CyExitCriticalSection
 .text.CyHalt   0x00002670       0x18 .\CortexM3\ARM_GCC_441\Debug\Design01.a(CyLib.o)
                0x00002670                CyHalt
 .text.CyDelayUs
                0x00002688       0x28 .\CortexM3\ARM_GCC_441\Debug\Design01.a(CyLib.o)
                0x00002688                CyDelayUs
 .text.CyIntSetVector
                0x000026b0       0x60 .\CortexM3\ARM_GCC_441\Debug\Design01.a(CyLib.o)
                0x000026b0                CyIntSetVector
 .text.CyIntSetPriority
                0x00002710       0x4c .\CortexM3\ARM_GCC_441\Debug\Design01.a(CyLib.o)
                0x00002710                CyIntSetPriority
 .text.CYMEMZERO
                0x0000275c       0x20 .\CortexM3\ARM_GCC_441\Debug\Design01.a(cyfitter_cfg.o)
 .text.CYCONFIGCPY
                0x0000277c       0x20 .\CortexM3\ARM_GCC_441\Debug\Design01.a(cyfitter_cfg.o)
 .text.cfg_write_bytes32
                0x0000279c       0x84 .\CortexM3\ARM_GCC_441\Debug\Design01.a(cyfitter_cfg.o)
 .text.ClockSetup
                0x00002820      0x10c .\CortexM3\ARM_GCC_441\Debug\Design01.a(cyfitter_cfg.o)
 .text.AnalogSetDefault
                0x0000292c       0x4c .\CortexM3\ARM_GCC_441\Debug\Design01.a(cyfitter_cfg.o)
 .text.cyfitter_cfg
                0x00002978      0x18c .\CortexM3\ARM_GCC_441\Debug\Design01.a(cyfitter_cfg.o)
                0x00002978                cyfitter_cfg
 .text.USB_DispatchClassRqst
                0x00002b04       0x78 .\CortexM3\ARM_GCC_441\Debug\Design01.a(USB_cls.o)
                0x00002b04                USB_DispatchClassRqst
 .text          0x00002b7c      0x190 c:/program files/cypress/psoc creator/2.2/psoc creator/import/gnu_cs/arm/4.4.1/bin/../lib/gcc/arm-none-eabi/4.4.1/../../../../arm-none-eabi/lib/thumb2\libc.a(lib_a-memcpy.o)
                0x00002b7c                memcpy
 .text          0x00002d0c       0xd4 c:/program files/cypress/psoc creator/2.2/psoc creator/import/gnu_cs/arm/4.4.1/bin/../lib/gcc/arm-none-eabi/4.4.1/../../../../arm-none-eabi/lib/thumb2\libc.a(lib_a-memset.o)
                0x00002d0c                memset
 .text          0x00002de0       0x30 c:/program files/cypress/psoc creator/2.2/psoc creator/import/gnu_cs/arm/4.4.1/bin/../lib/gcc/arm-none-eabi/4.4.1/../../../../arm-none-eabi/lib/thumb2\libcs3.a(start_c.o)
                0x00002de0                __cs3_premain
 .text          0x00002e10        0x2 c:/program files/cypress/psoc creator/2.2/psoc creator/import/gnu_cs/arm/4.4.1/bin/../lib/gcc/arm-none-eabi/4.4.1/../../../../arm-none-eabi/lib/thumb2\libcs3micro.a(micro_isr_interrupt.o)
                0x00002e10                __cs3_isr_external_24
                0x00002e10                __cs3_isr_external_9
                0x00002e10                __cs3_isr_external_14
                0x00002e10                __cs3_isr_reserved_9
                0x00002e10                __cs3_isr_external_4
                0x00002e10                __cs3_isr_external_21
                0x00002e10                __cs3_isr_external_0
                0x00002e10                __cs3_isr_external_27
                0x00002e10                __cs3_isr_external_11
                0x00002e10                __cs3_isr_usage_fault
                0x00002e10                __cs3_isr_svcall
                0x00002e10                __cs3_isr_external_3
                0x00002e10                __cs3_isr_mpu_fault
                0x00002e10                __cs3_isr_external_16
                0x00002e10                __cs3_isr_pendsv
                0x00002e10                __cs3_isr_external_31
                0x00002e10                __cs3_isr_nmi
                0x00002e10                __cs3_isr_external_5
                0x00002e10                __cs3_isr_external_6
                0x00002e10                __cs3_isr_external_12
                0x00002e10                __cs3_isr_hard_fault
                0x00002e10                __cs3_isr_bus_fault
                0x00002e10                __cs3_isr_external_1
                0x00002e10                __cs3_isr_external_13
                0x00002e10                __cs3_isr_external_30
                0x00002e10                __cs3_isr_external_23
                0x00002e10                __cs3_isr_external_20
                0x00002e10                __cs3_isr_debug
                0x00002e10                __cs3_isr_reserved_13
                0x00002e10                __cs3_isr_external_8
                0x00002e10                __cs3_isr_external_26
                0x00002e10                __cs3_isr_reserved_8
                0x00002e10                __cs3_isr_reserved_7
                0x00002e10                __cs3_isr_external_7
                0x00002e10                __cs3_isr_external_28
                0x00002e10                __cs3_isr_systick
                0x00002e10                __cs3_isr_external_22
                0x00002e10                __cs3_isr_external_10
                0x00002e10                __cs3_isr_external_15
                0x00002e10                __cs3_isr_interrupt
                0x00002e10                __cs3_isr_external_18
                0x00002e10                __cs3_isr_external_29
                0x00002e10                __cs3_isr_external_25
                0x00002e10                __cs3_isr_reserved_10
                0x00002e10                __cs3_isr_external_2
                0x00002e10                __cs3_isr_external_17
                0x00002e10                __cs3_isr_external_19
 *fill*         0x00002e12        0x2 00
 .text          0x00002e14       0x50 c:/program files/cypress/psoc creator/2.2/psoc creator/import/gnu_cs/arm/4.4.1/bin/../lib/gcc/arm-none-eabi/4.4.1/../../../../arm-none-eabi/lib/thumb2\libc.a(lib_a-init.o)
                0x00002e14                __libc_init_array
 *(.plt)
 *(.gnu.warning)
 *(.glue_7t)
 .glue_7t       0x00000000        0x0 linker stubs
 *(.glue_7)
 .glue_7        0x00000000        0x0 linker stubs
 *(.vfp11_veneer)
 .vfp11_veneer  0x00000000        0x0 linker stubs
 *(.bootloader)
 *(.ARM.extab* .gnu.linkonce.armextab.*)
 *(.gcc_except_table)

.v4_bx          0x00002e64        0x0
 .v4_bx         0x00000000        0x0 linker stubs

.eh_frame_hdr
 *(.eh_frame_hdr)

.eh_frame
 *(.eh_frame)
                0x00002e64                PROVIDE (__exidx_start, .)

.ARM.exidx
 *(.ARM.exidx* .gnu.linkonce.armexidx.*)
                0x00002e64                __exidx_end = .

.rodata         0x00002e64      0x114
 *(.rodata .rodata.* .gnu.linkonce.r.*)
 .rodata        0x00002e64       0x2c .\CortexM3\ARM_GCC_441\Debug\Design01.a(cyfitter_cfg.o)
 .rodata        0x00002e90       0xb0 .\CortexM3\ARM_GCC_441\Debug\Design01.a(USB_descr.o)
                0x00002e90                USB_DEVICE0_DESCR
                0x00002ea4                USB_DEVICE0_CONFIGURATION0_DESCR
                0x00002ec4                USB_STRING_DESCRIPTORS
                0x00002ef4                USB_DEVICE0_CONFIGURATION0_EP_SETTINGS_TABLE
                0x00002f04                USB_DEVICE0_CONFIGURATION0_INTERFACE_CLASS
                0x00002f08                USB_DEVICE0_CONFIGURATION0_TABLE
                0x00002f28                USB_DEVICE0_TABLE
                0x00002f38                USB_TABLE
                0x00002f40                . = ALIGN (0x4)
 *(.init)
 .init          0x00002f40        0x4 c:/program files/cypress/psoc creator/2.2/psoc creator/import/gnu_cs/arm/4.4.1/bin/../lib/gcc/arm-none-eabi/4.4.1/thumb2/crti.o
                0x00002f40                _init
 .init          0x00002f44        0x8 c:/program files/cypress/psoc creator/2.2/psoc creator/import/gnu_cs/arm/4.4.1/bin/../lib/gcc/arm-none-eabi/4.4.1/thumb2/crtn.o
                0x00002f4c                . = ALIGN (0x4)
                0x00002f4c                __preinit_array_start = .
 *(.preinit_array)
                0x00002f4c                __preinit_array_end = .
                0x00002f4c                . = ALIGN (0x4)
                0x00002f4c                __init_array_start = .
 *(SORT(.init_array.*))
 *(.init_array)
 .init_array    0x00002f4c        0x4 c:/program files/cypress/psoc creator/2.2/psoc creator/import/gnu_cs/arm/4.4.1/bin/../lib/gcc/arm-none-eabi/4.4.1/thumb2/crtbegin.o
 .init_array    0x00002f50        0x4 .\CortexM3\ARM_GCC_441\Debug\Cm3Start.o
                0x00002f54                __init_array_end = .
                0x00002f54                . = ALIGN (0x4)
 *(.fini)
 .fini          0x00002f54        0x4 c:/program files/cypress/psoc creator/2.2/psoc creator/import/gnu_cs/arm/4.4.1/bin/../lib/gcc/arm-none-eabi/4.4.1/thumb2/crti.o
                0x00002f54                _fini
 .fini          0x00002f58        0x8 c:/program files/cypress/psoc creator/2.2/psoc creator/import/gnu_cs/arm/4.4.1/bin/../lib/gcc/arm-none-eabi/4.4.1/thumb2/crtn.o
                0x00002f60                . = ALIGN (0x4)
                0x00002f60                __fini_array_start = .
 *(.fini_array)
 .fini_array    0x00002f60        0x4 c:/program files/cypress/psoc creator/2.2/psoc creator/import/gnu_cs/arm/4.4.1/bin/../lib/gcc/arm-none-eabi/4.4.1/thumb2/crtbegin.o
 *(SORT(.fini_array.*))
                0x00002f64                __fini_array_end = .
                0x00002f64                . = ALIGN (0x4)
 *crtbegin.o(.ctors)
 *(EXCLUDE_FILE(*crtend.o) .ctors)
 *(SORT(.ctors.*))
 *crtend.o(.ctors)
                0x00002f64                . = ALIGN (0x4)
 *crtbegin.o(.dtors)
 *(EXCLUDE_FILE(*crtend.o) .dtors)
 *(SORT(.dtors.*))
 *crtend.o(.dtors)
                0x00002f64                . = ALIGN (0x4)
                0x00002f64                __cs3_regions = .
                0x00002f64        0x4 LONG 0x0
                0x00002f68        0x4 LONG 0x2f78 __cs3_region_init_ram
                0x00002f6c        0x4 LONG 0x1fff8000 __cs3_region_start_ram
                0x00002f70        0x4 LONG 0x118 __cs3_region_init_size_ram
                0x00002f74        0x4 LONG 0xe8 __cs3_region_zero_size_ram
                0x00002f78                __cs3_regions_end = .
                0x00002f78                . = ALIGN (0x8)
                0x00002f78                _etext = .

.data           0x1fff8000      0x118 load address 0x00002f78
                0x1fff8000                __cs3_region_start_ram = .
 *(.cs3.region-head.ram)
                0x1fff8001                ASSERT ((. == __cs3_region_start_ram), .cs3.region-head.ram not permitted)
 *(.ramvectors)
 .ramvectors    0x1fff8000      0x100 .\CortexM3\ARM_GCC_441\Debug\Cm3Start.o
                0x1fff8000                CyRamVectors
 *(.jcr)
 .jcr           0x1fff8100        0x0 c:/program files/cypress/psoc creator/2.2/psoc creator/import/gnu_cs/arm/4.4.1/bin/../lib/gcc/arm-none-eabi/4.4.1/thumb2/crtbegin.o
 .jcr           0x1fff8100        0x4 c:/program files/cypress/psoc creator/2.2/psoc creator/import/gnu_cs/arm/4.4.1/bin/../lib/gcc/arm-none-eabi/4.4.1/thumb2/crtend.o
 *(.got.plt)
 *(.got)
 *(.shdata)
 *(.data .data.* .gnu.linkonce.d.*)
 .data          0x1fff8104       0x10 .\CortexM3\ARM_GCC_441\Debug\Design01.a(CyLib.o)
                0x1fff8104                cydelay_freq_hz
                0x1fff8108                cydelay_freq_khz
                0x1fff810c                cydelay_freq_mhz
                0x1fff8110                cydelay_32k_ms
                0x1fff8118                . = ALIGN (0x8)
 *fill*         0x1fff8114        0x4 00
 *(.ram)
                0x1fff8118                _edata = .

.bss            0x1fff8118       0xe8 load address 0x00003090
 *(.shbss)
 *(.bss .bss.* .gnu.linkonce.b.*)
 .bss           0x1fff8118        0x1 c:/program files/cypress/psoc creator/2.2/psoc creator/import/gnu_cs/arm/4.4.1/bin/../lib/gcc/arm-none-eabi/4.4.1/thumb2/crtbegin.o
 .bss           0x1fff8119        0x1 .\CortexM3\ARM_GCC_441\Debug\Design01.a(USB.o)
                0x1fff8119                USB_initVar
 *(COMMON)
 *fill*         0x1fff811a        0x2 00
 COMMON         0x1fff811c       0x44 .\CortexM3\ARM_GCC_441\Debug\main.o
                0x1fff811c                length
                0x1fff8120                buffer
 COMMON         0x1fff8160       0x98 .\CortexM3\ARM_GCC_441\Debug\Design01.a(USB_drv.o)
                0x1fff8160                USB_transferState
                0x1fff8161                USB_interfaceNumber
                0x1fff8162                USB_lastPacketSize
                0x1fff8164                USB_interfaceClass
                0x1fff8168                USB_interfaceSetting
                0x1fff8169                USB_ep0Mode
                0x1fff816a                USB_device
                0x1fff816b                USB_deviceAddress
                0x1fff816c                USB_ep0Toggle
                0x1fff816d                USB_configurationChanged
                0x1fff8170                USB_interfaceStatus
                0x1fff8172                USB_transferByteCount
                0x1fff8174                USB_configuration
                0x1fff8178                USB_interfaceSetting_last
                0x1fff817c                USB_currentTD
                0x1fff8188                USB_ep0Count
                0x1fff8189                USB_deviceStatus
                0x1fff818c                USB_EP
 COMMON         0x1fff81f8        0x6 .\CortexM3\ARM_GCC_441\Debug\Design01.a(USB_std.o)
                0x1fff81f8                USB_fwSerialNumberStringDescriptor
                0x1fff81fc                USB_tBuffer
 COMMON         0x1fff81fe        0x1 .\CortexM3\ARM_GCC_441\Debug\Design01.a(CyLib.o)
                0x1fff81fe                CyResetStatus
                0x1fff8200                . = ALIGN (0x8)
 *fill*         0x1fff81ff        0x1 00
 *(.ram.b)
                0x1fff8200                _end = .
                0x1fff8200                __end = .
                0x20003000                __cs3_region_end_ram = (__cs3_region_start_ram + 0xb000)
                0x0000b000                __cs3_region_size_ram = 0xb000
                0x00002f78                __cs3_region_init_ram = LOADADDR (.data)
                0x00000118                __cs3_region_init_size_ram = (_edata - ADDR (.data))
                0x000000e8                __cs3_region_zero_size_ram = (_end - _edata)

.stab
 *(.stab)

.stabstr
 *(.stabstr)

.debug
 *(.debug)

.line
 *(.line)

.debug_srcinfo
 *(.debug_srcinfo)

.debug_sfnames
 *(.debug_sfnames)

.comment        0x00000000      0x25a
 .comment       0x00000000       0x2b .\CortexM3\ARM_GCC_441\Debug\main.o
 .comment       0x0000002b       0x2b .\CortexM3\ARM_GCC_441\Debug\Cm3Start.o
 .comment       0x00000056       0x2b .\CortexM3\ARM_GCC_441\Debug\Design01.a(USB.o)
 .comment       0x00000081       0x2b .\CortexM3\ARM_GCC_441\Debug\Design01.a(USB_drv.o)
 .comment       0x000000ac       0x2b .\CortexM3\ARM_GCC_441\Debug\Design01.a(USB_episr.o)
 .comment       0x000000d7       0x2b .\CortexM3\ARM_GCC_441\Debug\Design01.a(USB_std.o)
 .comment       0x00000102       0x2b .\CortexM3\ARM_GCC_441\Debug\Design01.a(USB_vnd.o)
 .comment       0x0000012d       0x2b .\CortexM3\ARM_GCC_441\Debug\Design01.a(CyLib.o)
 .comment       0x00000158       0x2b .\CortexM3\ARM_GCC_441\Debug\Design01.a(cyPm.o)
 .comment       0x00000183       0x2b .\CortexM3\ARM_GCC_441\Debug\Design01.a(cyfitter_cfg.o)
 .comment       0x000001ae       0x2b .\CortexM3\ARM_GCC_441\Debug\Design01.a(USB_cls.o)
 .comment       0x000001d9       0x2b .\CortexM3\ARM_GCC_441\Debug\Design01.a(USB_descr.o)
 .comment       0x00000204       0x2b .\CortexM3\ARM_GCC_441\Debug\Design01.a(CyFlash.o)
 .comment       0x0000022f       0x2b .\CortexM3\ARM_GCC_441\Debug\Design01.a(CySpc.o)

.debug_aranges  0x00000000      0x698
 *(.debug_aranges)
 .debug_aranges
                0x00000000       0x20 .\CortexM3\ARM_GCC_441\Debug\main.o
 .debug_aranges
                0x00000020       0x30 .\CortexM3\ARM_GCC_441\Debug\Cm3Start.o
 .debug_aranges
                0x00000050       0xb0 .\CortexM3\ARM_GCC_441\Debug\Design01.a(USB.o)
 .debug_aranges
                0x00000100       0x98 .\CortexM3\ARM_GCC_441\Debug\Design01.a(USB_drv.o)
 .debug_aranges
                0x00000198       0x38 .\CortexM3\ARM_GCC_441\Debug\Design01.a(USB_episr.o)
 .debug_aranges
                0x000001d0       0x78 .\CortexM3\ARM_GCC_441\Debug\Design01.a(USB_std.o)
 .debug_aranges
                0x00000248       0x20 .\CortexM3\ARM_GCC_441\Debug\Design01.a(USB_vnd.o)
 .debug_aranges
                0x00000268       0x20 .\CortexM3\ARM_GCC_441\Debug\Design01.a(CyBootAsmGnu.o)
 .debug_aranges
                0x00000288      0x218 .\CortexM3\ARM_GCC_441\Debug\Design01.a(CyLib.o)
 .debug_aranges
                0x000004a0       0xa0 .\CortexM3\ARM_GCC_441\Debug\Design01.a(cyPm.o)
 .debug_aranges
                0x00000540       0x58 .\CortexM3\ARM_GCC_441\Debug\Design01.a(cyfitter_cfg.o)
 .debug_aranges
                0x00000598       0x20 .\CortexM3\ARM_GCC_441\Debug\Design01.a(USB_cls.o)
 .debug_aranges
                0x000005b8       0x78 .\CortexM3\ARM_GCC_441\Debug\Design01.a(CyFlash.o)
 .debug_aranges
                0x00000630       0x68 .\CortexM3\ARM_GCC_441\Debug\Design01.a(CySpc.o)

.debug_pubnames
                0x00000000     0x10f5
 *(.debug_pubnames)
 .debug_pubnames
                0x00000000       0x31 .\CortexM3\ARM_GCC_441\Debug\main.o
 .debug_pubnames
                0x00000031       0x57 .\CortexM3\ARM_GCC_441\Debug\Cm3Start.o
 .debug_pubnames
                0x00000088      0x1a2 .\CortexM3\ARM_GCC_441\Debug\Design01.a(USB.o)
 .debug_pubnames
                0x0000022a      0x338 .\CortexM3\ARM_GCC_441\Debug\Design01.a(USB_drv.o)
 .debug_pubnames
                0x00000562       0x5a .\CortexM3\ARM_GCC_441\Debug\Design01.a(USB_episr.o)
 .debug_pubnames
                0x000005bc      0x18b .\CortexM3\ARM_GCC_441\Debug\Design01.a(USB_std.o)
 .debug_pubnames
                0x00000747       0x2b .\CortexM3\ARM_GCC_441\Debug\Design01.a(USB_vnd.o)
 .debug_pubnames
                0x00000772      0x57a .\CortexM3\ARM_GCC_441\Debug\Design01.a(CyLib.o)
 .debug_pubnames
                0x00000cec       0xbb .\CortexM3\ARM_GCC_441\Debug\Design01.a(cyPm.o)
 .debug_pubnames
                0x00000da7       0x3d .\CortexM3\ARM_GCC_441\Debug\Design01.a(cyfitter_cfg.o)
 .debug_pubnames
                0x00000de4       0x2c .\CortexM3\ARM_GCC_441\Debug\Design01.a(USB_cls.o)
 .debug_pubnames
                0x00000e10      0x111 .\CortexM3\ARM_GCC_441\Debug\Design01.a(USB_descr.o)
 .debug_pubnames
                0x00000f21      0x104 .\CortexM3\ARM_GCC_441\Debug\Design01.a(CyFlash.o)
 .debug_pubnames
                0x00001025       0xd0 .\CortexM3\ARM_GCC_441\Debug\Design01.a(CySpc.o)

.debug_info     0x00000000     0x3828
 *(.debug_info .gnu.linkonce.wi.*)
 .debug_info    0x00000000       0xee .\CortexM3\ARM_GCC_441\Debug\main.o
 .debug_info    0x000000ee      0x13e .\CortexM3\ARM_GCC_441\Debug\Cm3Start.o
 .debug_info    0x0000022c      0x5ff .\CortexM3\ARM_GCC_441\Debug\Design01.a(USB.o)
 .debug_info    0x0000082b      0x53f .\CortexM3\ARM_GCC_441\Debug\Design01.a(USB_drv.o)
 .debug_info    0x00000d6a      0x1a7 .\CortexM3\ARM_GCC_441\Debug\Design01.a(USB_episr.o)
 .debug_info    0x00000f11      0x74b .\CortexM3\ARM_GCC_441\Debug\Design01.a(USB_std.o)
 .debug_info    0x0000165c       0xbb .\CortexM3\ARM_GCC_441\Debug\Design01.a(USB_vnd.o)
 .debug_info    0x00001717       0xa6 .\CortexM3\ARM_GCC_441\Debug\Design01.a(CyBootAsmGnu.o)
 .debug_info    0x000017bd      0xc71 .\CortexM3\ARM_GCC_441\Debug\Design01.a(CyLib.o)
 .debug_info    0x0000242e      0x5ac .\CortexM3\ARM_GCC_441\Debug\Design01.a(cyPm.o)
 .debug_info    0x000029da      0x36c .\CortexM3\ARM_GCC_441\Debug\Design01.a(cyfitter_cfg.o)
 .debug_info    0x00002d46      0x19d .\CortexM3\ARM_GCC_441\Debug\Design01.a(USB_cls.o)
 .debug_info    0x00002ee3      0x272 .\CortexM3\ARM_GCC_441\Debug\Design01.a(USB_descr.o)
 .debug_info    0x00003155      0x334 .\CortexM3\ARM_GCC_441\Debug\Design01.a(CyFlash.o)
 .debug_info    0x00003489      0x39f .\CortexM3\ARM_GCC_441\Debug\Design01.a(CySpc.o)

.debug_abbrev   0x00000000      0xebe
 *(.debug_abbrev)
 .debug_abbrev  0x00000000       0x90 .\CortexM3\ARM_GCC_441\Debug\main.o
 .debug_abbrev  0x00000090       0xd6 .\CortexM3\ARM_GCC_441\Debug\Cm3Start.o
 .debug_abbrev  0x00000166      0x171 .\CortexM3\ARM_GCC_441\Debug\Design01.a(USB.o)
 .debug_abbrev  0x000002d7      0x14f .\CortexM3\ARM_GCC_441\Debug\Design01.a(USB_drv.o)
 .debug_abbrev  0x00000426       0xb0 .\CortexM3\ARM_GCC_441\Debug\Design01.a(USB_episr.o)
 .debug_abbrev  0x000004d6      0x197 .\CortexM3\ARM_GCC_441\Debug\Design01.a(USB_std.o)
 .debug_abbrev  0x0000066d       0x68 .\CortexM3\ARM_GCC_441\Debug\Design01.a(USB_vnd.o)
 .debug_abbrev  0x000006d5       0x14 .\CortexM3\ARM_GCC_441\Debug\Design01.a(CyBootAsmGnu.o)
 .debug_abbrev  0x000006e9      0x182 .\CortexM3\ARM_GCC_441\Debug\Design01.a(CyLib.o)
 .debug_abbrev  0x0000086b      0x14d .\CortexM3\ARM_GCC_441\Debug\Design01.a(cyPm.o)
 .debug_abbrev  0x000009b8      0x15b .\CortexM3\ARM_GCC_441\Debug\Design01.a(cyfitter_cfg.o)
 .debug_abbrev  0x00000b13       0xb5 .\CortexM3\ARM_GCC_441\Debug\Design01.a(USB_cls.o)
 .debug_abbrev  0x00000bc8       0x9e .\CortexM3\ARM_GCC_441\Debug\Design01.a(USB_descr.o)
 .debug_abbrev  0x00000c66      0x14a .\CortexM3\ARM_GCC_441\Debug\Design01.a(CyFlash.o)
 .debug_abbrev  0x00000db0      0x10e .\CortexM3\ARM_GCC_441\Debug\Design01.a(CySpc.o)

.debug_line     0x00000000     0x199d
 *(.debug_line)
 .debug_line    0x00000000       0x76 .\CortexM3\ARM_GCC_441\Debug\main.o
 .debug_line    0x00000076       0xb4 .\CortexM3\ARM_GCC_441\Debug\Cm3Start.o
 .debug_line    0x0000012a      0x277 .\CortexM3\ARM_GCC_441\Debug\Design01.a(USB.o)
 .debug_line    0x000003a1      0x219 .\CortexM3\ARM_GCC_441\Debug\Design01.a(USB_drv.o)
 .debug_line    0x000005ba       0xcc .\CortexM3\ARM_GCC_441\Debug\Design01.a(USB_episr.o)
 .debug_line    0x00000686      0x2b2 .\CortexM3\ARM_GCC_441\Debug\Design01.a(USB_std.o)
 .debug_line    0x00000938       0x81 .\CortexM3\ARM_GCC_441\Debug\Design01.a(USB_vnd.o)
 .debug_line    0x000009b9       0x67 .\CortexM3\ARM_GCC_441\Debug\Design01.a(CyBootAsmGnu.o)
 .debug_line    0x00000a20      0x659 .\CortexM3\ARM_GCC_441\Debug\Design01.a(CyLib.o)
 .debug_line    0x00001079      0x346 .\CortexM3\ARM_GCC_441\Debug\Design01.a(cyPm.o)
 .debug_line    0x000013bf      0x1ba .\CortexM3\ARM_GCC_441\Debug\Design01.a(cyfitter_cfg.o)
 .debug_line    0x00001579       0x8e .\CortexM3\ARM_GCC_441\Debug\Design01.a(USB_cls.o)
 .debug_line    0x00001607       0x75 .\CortexM3\ARM_GCC_441\Debug\Design01.a(USB_descr.o)
 .debug_line    0x0000167c      0x194 .\CortexM3\ARM_GCC_441\Debug\Design01.a(CyFlash.o)
 .debug_line    0x00001810      0x18d .\CortexM3\ARM_GCC_441\Debug\Design01.a(CySpc.o)

.debug_frame    0x00000000     0x14f4
 *(.debug_frame)
 .debug_frame   0x00000000       0x2c .\CortexM3\ARM_GCC_441\Debug\main.o
 .debug_frame   0x0000002c       0x5c .\CortexM3\ARM_GCC_441\Debug\Cm3Start.o
 .debug_frame   0x00000088      0x234 .\CortexM3\ARM_GCC_441\Debug\Design01.a(USB.o)
 .debug_frame   0x000002bc      0x1e0 .\CortexM3\ARM_GCC_441\Debug\Design01.a(USB_drv.o)
 .debug_frame   0x0000049c       0x80 .\CortexM3\ARM_GCC_441\Debug\Design01.a(USB_episr.o)
 .debug_frame   0x0000051c      0x180 .\CortexM3\ARM_GCC_441\Debug\Design01.a(USB_std.o)
 .debug_frame   0x0000069c       0x2c .\CortexM3\ARM_GCC_441\Debug\Design01.a(USB_vnd.o)
 .debug_frame   0x000006c8      0x778 .\CortexM3\ARM_GCC_441\Debug\Design01.a(CyLib.o)
 .debug_frame   0x00000e40      0x208 .\CortexM3\ARM_GCC_441\Debug\Design01.a(cyPm.o)
 .debug_frame   0x00001048      0x104 .\CortexM3\ARM_GCC_441\Debug\Design01.a(cyfitter_cfg.o)
 .debug_frame   0x0000114c       0x2c .\CortexM3\ARM_GCC_441\Debug\Design01.a(USB_cls.o)
 .debug_frame   0x00001178      0x178 .\CortexM3\ARM_GCC_441\Debug\Design01.a(CyFlash.o)
 .debug_frame   0x000012f0      0x13c .\CortexM3\ARM_GCC_441\Debug\Design01.a(CySpc.o)
 .debug_frame   0x0000142c       0x34 c:/program files/cypress/psoc creator/2.2/psoc creator/import/gnu_cs/arm/4.4.1/bin/../lib/gcc/arm-none-eabi/4.4.1/../../../../arm-none-eabi/lib/thumb2\libc.a(lib_a-memcpy.o)
 .debug_frame   0x00001460       0x28 c:/program files/cypress/psoc creator/2.2/psoc creator/import/gnu_cs/arm/4.4.1/bin/../lib/gcc/arm-none-eabi/4.4.1/../../../../arm-none-eabi/lib/thumb2\libc.a(lib_a-memset.o)
 .debug_frame   0x00001488       0x40 c:/program files/cypress/psoc creator/2.2/psoc creator/import/gnu_cs/arm/4.4.1/bin/../lib/gcc/arm-none-eabi/4.4.1/../../../../arm-none-eabi/lib/thumb2\libcs3.a(start_c.o)
 .debug_frame   0x000014c8       0x2c c:/program files/cypress/psoc creator/2.2/psoc creator/import/gnu_cs/arm/4.4.1/bin/../lib/gcc/arm-none-eabi/4.4.1/../../../../arm-none-eabi/lib/thumb2\libc.a(lib_a-init.o)

.debug_str      0x00000000     0x17e6
 *(.debug_str)
 .debug_str     0x00000000       0xed .\CortexM3\ARM_GCC_441\Debug\main.o
                                0x126 (size before relaxing)
 .debug_str     0x000000ed       0x8c .\CortexM3\ARM_GCC_441\Debug\Cm3Start.o
                                0x18f (size before relaxing)
 .debug_str     0x00000179      0x2d7 .\CortexM3\ARM_GCC_441\Debug\Design01.a(USB.o)
                                0x3f2 (size before relaxing)
 .debug_str     0x00000450      0x294 .\CortexM3\ARM_GCC_441\Debug\Design01.a(USB_drv.o)
                                0x4de (size before relaxing)
 .debug_str     0x000006e4       0x5d .\CortexM3\ARM_GCC_441\Debug\Design01.a(USB_episr.o)
                                0x1dc (size before relaxing)
 .debug_str     0x00000741      0x23c .\CortexM3\ARM_GCC_441\Debug\Design01.a(USB_std.o)
                                0x500 (size before relaxing)
 .debug_str     0x0000097d       0x38 .\CortexM3\ARM_GCC_441\Debug\Design01.a(USB_vnd.o)
                                0x144 (size before relaxing)
 .debug_str     0x000009b5      0x645 .\CortexM3\ARM_GCC_441\Debug\Design01.a(CyLib.o)
                                0x785 (size before relaxing)
 .debug_str     0x00000ffa      0x372 .\CortexM3\ARM_GCC_441\Debug\Design01.a(cyPm.o)
                                0x49a (size before relaxing)
 .debug_str     0x0000136c      0x137 .\CortexM3\ARM_GCC_441\Debug\Design01.a(cyfitter_cfg.o)
                                0x258 (size before relaxing)
 .debug_str     0x000014a3       0x39 .\CortexM3\ARM_GCC_441\Debug\Design01.a(USB_cls.o)
                                0x1ea (size before relaxing)
 .debug_str     0x000014dc       0xe3 .\CortexM3\ARM_GCC_441\Debug\Design01.a(USB_descr.o)
                                0x285 (size before relaxing)
 .debug_str     0x000015bf      0x129 .\CortexM3\ARM_GCC_441\Debug\Design01.a(CyFlash.o)
                                0x266 (size before relaxing)
 .debug_str     0x000016e8       0xfe .\CortexM3\ARM_GCC_441\Debug\Design01.a(CySpc.o)
                                0x235 (size before relaxing)

.debug_loc      0x00000000     0x2111
 *(.debug_loc)
 .debug_loc     0x00000000       0x2b .\CortexM3\ARM_GCC_441\Debug\main.o
 .debug_loc     0x0000002b       0x62 .\CortexM3\ARM_GCC_441\Debug\Cm3Start.o
 .debug_loc     0x0000008d      0x3f1 .\CortexM3\ARM_GCC_441\Debug\Design01.a(USB.o)
 .debug_loc     0x0000047e      0x2f8 .\CortexM3\ARM_GCC_441\Debug\Design01.a(USB_drv.o)
 .debug_loc     0x00000776       0xac .\CortexM3\ARM_GCC_441\Debug\Design01.a(USB_episr.o)
 .debug_loc     0x00000822      0x288 .\CortexM3\ARM_GCC_441\Debug\Design01.a(USB_std.o)
 .debug_loc     0x00000aaa       0x37 .\CortexM3\ARM_GCC_441\Debug\Design01.a(USB_vnd.o)
 .debug_loc     0x00000ae1      0xca0 .\CortexM3\ARM_GCC_441\Debug\Design01.a(CyLib.o)
 .debug_loc     0x00001781      0x32f .\CortexM3\ARM_GCC_441\Debug\Design01.a(cyPm.o)
 .debug_loc     0x00001ab0      0x1b8 .\CortexM3\ARM_GCC_441\Debug\Design01.a(cyfitter_cfg.o)
 .debug_loc     0x00001c68       0x37 .\CortexM3\ARM_GCC_441\Debug\Design01.a(USB_cls.o)
 .debug_loc     0x00001c9f      0x24c .\CortexM3\ARM_GCC_441\Debug\Design01.a(CyFlash.o)
 .debug_loc     0x00001eeb      0x226 .\CortexM3\ARM_GCC_441\Debug\Design01.a(CySpc.o)

.debug_macinfo
 *(.debug_macinfo)

.debug_ranges   0x00000000      0x610
 *(.debug_ranges)
 .debug_ranges  0x00000000       0x18 .\CortexM3\ARM_GCC_441\Debug\main.o
 .debug_ranges  0x00000018       0x28 .\CortexM3\ARM_GCC_441\Debug\Cm3Start.o
 .debug_ranges  0x00000040       0xa8 .\CortexM3\ARM_GCC_441\Debug\Design01.a(USB.o)
 .debug_ranges  0x000000e8       0x90 .\CortexM3\ARM_GCC_441\Debug\Design01.a(USB_drv.o)
 .debug_ranges  0x00000178       0x30 .\CortexM3\ARM_GCC_441\Debug\Design01.a(USB_episr.o)
 .debug_ranges  0x000001a8       0x70 .\CortexM3\ARM_GCC_441\Debug\Design01.a(USB_std.o)
 .debug_ranges  0x00000218       0x18 .\CortexM3\ARM_GCC_441\Debug\Design01.a(USB_vnd.o)
 .debug_ranges  0x00000230      0x210 .\CortexM3\ARM_GCC_441\Debug\Design01.a(CyLib.o)
 .debug_ranges  0x00000440       0x98 .\CortexM3\ARM_GCC_441\Debug\Design01.a(cyPm.o)
 .debug_ranges  0x000004d8       0x50 .\CortexM3\ARM_GCC_441\Debug\Design01.a(cyfitter_cfg.o)
 .debug_ranges  0x00000528       0x18 .\CortexM3\ARM_GCC_441\Debug\Design01.a(USB_cls.o)
 .debug_ranges  0x00000540       0x70 .\CortexM3\ARM_GCC_441\Debug\Design01.a(CyFlash.o)
 .debug_ranges  0x000005b0       0x60 .\CortexM3\ARM_GCC_441\Debug\Design01.a(CySpc.o)

.debug_weaknames
 *(.debug_weaknames)

.debug_funcnames
 *(.debug_funcnames)

.debug_typenames
 *(.debug_typenames)

.debug_varnames
 *(.debug_varnames)

.note.gnu.arm.ident
 *(.note.gnu.arm.ident)

.ARM.attributes
                0x00000000       0x25
 *(.ARM.attributes)
 .ARM.attributes
                0x00000000       0x19 c:/program files/cypress/psoc creator/2.2/psoc creator/import/gnu_cs/arm/4.4.1/bin/../lib/gcc/arm-none-eabi/4.4.1/thumb2/crti.o
 .ARM.attributes
                0x00000019       0x29 c:/program files/cypress/psoc creator/2.2/psoc creator/import/gnu_cs/arm/4.4.1/bin/../lib/gcc/arm-none-eabi/4.4.1/thumb2/crtbegin.o
 .ARM.attributes
                0x00000042       0x31 .\CortexM3\ARM_GCC_441\Debug\main.o
 .ARM.attributes
                0x00000073       0x31 .\CortexM3\ARM_GCC_441\Debug\Cm3Start.o
 .ARM.attributes
                0x000000a4       0x31 .\CortexM3\ARM_GCC_441\Debug\Design01.a(USB.o)
 .ARM.attributes
                0x000000d5       0x31 .\CortexM3\ARM_GCC_441\Debug\Design01.a(USB_drv.o)
 .ARM.attributes
                0x00000106       0x31 .\CortexM3\ARM_GCC_441\Debug\Design01.a(USB_episr.o)
 .ARM.attributes
                0x00000137       0x31 .\CortexM3\ARM_GCC_441\Debug\Design01.a(USB_std.o)
 .ARM.attributes
                0x00000168       0x31 .\CortexM3\ARM_GCC_441\Debug\Design01.a(USB_vnd.o)
 .ARM.attributes
                0x00000199       0x21 .\CortexM3\ARM_GCC_441\Debug\Design01.a(CyBootAsmGnu.o)
 .ARM.attributes
                0x000001ba       0x31 .\CortexM3\ARM_GCC_441\Debug\Design01.a(CyLib.o)
 .ARM.attributes
                0x000001eb       0x31 .\CortexM3\ARM_GCC_441\Debug\Design01.a(cyPm.o)
 .ARM.attributes
                0x0000021c       0x31 .\CortexM3\ARM_GCC_441\Debug\Design01.a(cyfitter_cfg.o)
 .ARM.attributes
                0x0000024d       0x31 .\CortexM3\ARM_GCC_441\Debug\Design01.a(USB_cls.o)
 .ARM.attributes
                0x0000027e       0x31 .\CortexM3\ARM_GCC_441\Debug\Design01.a(USB_descr.o)
 .ARM.attributes
                0x000002af       0x31 .\CortexM3\ARM_GCC_441\Debug\Design01.a(CyFlash.o)
 .ARM.attributes
                0x000002e0       0x31 .\CortexM3\ARM_GCC_441\Debug\Design01.a(CySpc.o)
 .ARM.attributes
                0x00000311       0x29 c:/program files/cypress/psoc creator/2.2/psoc creator/import/gnu_cs/arm/4.4.1/bin/../lib/gcc/arm-none-eabi/4.4.1/../../../../arm-none-eabi/lib/thumb2\libc.a(lib_a-memcpy.o)
 .ARM.attributes
                0x0000033a       0x29 c:/program files/cypress/psoc creator/2.2/psoc creator/import/gnu_cs/arm/4.4.1/bin/../lib/gcc/arm-none-eabi/4.4.1/../../../../arm-none-eabi/lib/thumb2\libc.a(lib_a-memset.o)
 .ARM.attributes
                0x00000363       0x29 c:/program files/cypress/psoc creator/2.2/psoc creator/import/gnu_cs/arm/4.4.1/bin/../lib/gcc/arm-none-eabi/4.4.1/thumb2/crtend.o
 .ARM.attributes
                0x0000038c       0x19 c:/program files/cypress/psoc creator/2.2/psoc creator/import/gnu_cs/arm/4.4.1/bin/../lib/gcc/arm-none-eabi/4.4.1/thumb2/crtn.o
 .ARM.attributes
                0x000003a5       0x29 c:/program files/cypress/psoc creator/2.2/psoc creator/import/gnu_cs/arm/4.4.1/bin/../lib/gcc/arm-none-eabi/4.4.1/../../../../arm-none-eabi/lib/thumb2\libcs3.a(start_c.o)
 .ARM.attributes
                0x000003ce       0x19 c:/program files/cypress/psoc creator/2.2/psoc creator/import/gnu_cs/arm/4.4.1/bin/../lib/gcc/arm-none-eabi/4.4.1/../../../../arm-none-eabi/lib/thumb2\libcs3micro.a(micro-vector.o)
 .ARM.attributes
                0x000003e7       0x19 c:/program files/cypress/psoc creator/2.2/psoc creator/import/gnu_cs/arm/4.4.1/bin/../lib/gcc/arm-none-eabi/4.4.1/../../../../arm-none-eabi/lib/thumb2\libcs3micro.a(micro_isr_interrupt.o)
 .ARM.attributes
                0x00000400       0x29 c:/program files/cypress/psoc creator/2.2/psoc creator/import/gnu_cs/arm/4.4.1/bin/../lib/gcc/arm-none-eabi/4.4.1/../../../../arm-none-eabi/lib/thumb2\libc.a(lib_a-init.o)

/DISCARD/
 *(.note.GNU-stack)
OUTPUT(.\CortexM3\ARM_GCC_441\Debug\Design01.elf elf32-littlearm)
